Archive member included because of file (symbol)

c:/program files (x86)/atmel/atmel toolchain/arm gcc/native/4.8.1443/arm-gnu-toolchain/bin/../lib/gcc/arm-none-eabi/4.8.4/armv6-m\libgcc.a(_udivsi3.o)
                              src/ASF/sam0/drivers/system/clock/clock_samd21_r21/clock.o (__aeabi_uidiv)
c:/program files (x86)/atmel/atmel toolchain/arm gcc/native/4.8.1443/arm-gnu-toolchain/bin/../lib/gcc/arm-none-eabi/4.8.4/armv6-m\libgcc.a(_dvmd_tls.o)
                              c:/program files (x86)/atmel/atmel toolchain/arm gcc/native/4.8.1443/arm-gnu-toolchain/bin/../lib/gcc/arm-none-eabi/4.8.4/armv6-m\libgcc.a(_udivsi3.o) (__aeabi_idiv0)
c:/program files (x86)/atmel/atmel toolchain/arm gcc/native/4.8.1443/arm-gnu-toolchain/bin/../lib/gcc/arm-none-eabi/4.8.4/armv6-m\libgcc.a(_muldi3.o)
                              src/ASF/sam0/drivers/sercom/sercom.o (__aeabi_lmul)
c:/program files (x86)/atmel/atmel toolchain/arm gcc/native/4.8.1443/arm-gnu-toolchain/bin/../lib/gcc/arm-none-eabi/4.8.4/../../../../arm-none-eabi/lib/armv6-m\libc_s.a(lib_a-exit.o)
                              c:/program files (x86)/atmel/atmel toolchain/arm gcc/native/4.8.1443/arm-gnu-toolchain/bin/../lib/gcc/arm-none-eabi/4.8.4/../../../../arm-none-eabi/lib/armv6-m/crt0.o (exit)
c:/program files (x86)/atmel/atmel toolchain/arm gcc/native/4.8.1443/arm-gnu-toolchain/bin/../lib/gcc/arm-none-eabi/4.8.4/../../../../arm-none-eabi/lib/armv6-m\libc_s.a(lib_a-impure.o)
                              c:/program files (x86)/atmel/atmel toolchain/arm gcc/native/4.8.1443/arm-gnu-toolchain/bin/../lib/gcc/arm-none-eabi/4.8.4/../../../../arm-none-eabi/lib/armv6-m\libc_s.a(lib_a-exit.o) (_global_impure_ptr)
c:/program files (x86)/atmel/atmel toolchain/arm gcc/native/4.8.1443/arm-gnu-toolchain/bin/../lib/gcc/arm-none-eabi/4.8.4/../../../../arm-none-eabi/lib/armv6-m\libc_s.a(lib_a-init.o)
                              c:/program files (x86)/atmel/atmel toolchain/arm gcc/native/4.8.1443/arm-gnu-toolchain/bin/../lib/gcc/arm-none-eabi/4.8.4/../../../../arm-none-eabi/lib/armv6-m/crt0.o (__libc_init_array)
c:/program files (x86)/atmel/atmel toolchain/arm gcc/native/4.8.1443/arm-gnu-toolchain/bin/../lib/gcc/arm-none-eabi/4.8.4/../../../../arm-none-eabi/lib/armv6-m\libc_s.a(lib_a-memcpy-stub.o)
                              src/ASF/sam0/drivers/sercom/sercom_interrupt.o (memcpy)
c:/program files (x86)/atmel/atmel toolchain/arm gcc/native/4.8.1443/arm-gnu-toolchain/bin/../lib/gcc/arm-none-eabi/4.8.4/../../../../arm-none-eabi/lib/armv6-m\libc_s.a(lib_a-memset.o)
                              c:/program files (x86)/atmel/atmel toolchain/arm gcc/native/4.8.1443/arm-gnu-toolchain/bin/../lib/gcc/arm-none-eabi/4.8.4/../../../../arm-none-eabi/lib/armv6-m/crt0.o (memset)
c:/program files (x86)/atmel/atmel toolchain/arm gcc/native/4.8.1443/arm-gnu-toolchain/bin/../lib/gcc/arm-none-eabi/4.8.4/../../../../arm-none-eabi/lib/armv6-m\libc_s.a(lib_a-printf.o)
                              src/ASF/common/utils/interrupt/interrupt_sam_nvic.o (printf)
c:/program files (x86)/atmel/atmel toolchain/arm gcc/native/4.8.1443/arm-gnu-toolchain/bin/../lib/gcc/arm-none-eabi/4.8.4/../../../../arm-none-eabi/lib/armv6-m\libc_s.a(lib_a-puts.o)
                              src/ASF/common/utils/unit_test/suite.o (puts)
c:/program files (x86)/atmel/atmel toolchain/arm gcc/native/4.8.1443/arm-gnu-toolchain/bin/../lib/gcc/arm-none-eabi/4.8.4/../../../../arm-none-eabi/lib/armv6-m\libc_s.a(lib_a-setbuf.o)
                              src/unit_test.o (setbuf)
c:/program files (x86)/atmel/atmel toolchain/arm gcc/native/4.8.1443/arm-gnu-toolchain/bin/../lib/gcc/arm-none-eabi/4.8.4/../../../../arm-none-eabi/lib/armv6-m\libc_s.a(lib_a-setjmp.o)
                              src/ASF/common/utils/unit_test/suite.o (setjmp)
c:/program files (x86)/atmel/atmel toolchain/arm gcc/native/4.8.1443/arm-gnu-toolchain/bin/../lib/gcc/arm-none-eabi/4.8.4/../../../../arm-none-eabi/lib/armv6-m\libc_s.a(lib_a-setvbuf.o)
                              c:/program files (x86)/atmel/atmel toolchain/arm gcc/native/4.8.1443/arm-gnu-toolchain/bin/../lib/gcc/arm-none-eabi/4.8.4/../../../../arm-none-eabi/lib/armv6-m\libc_s.a(lib_a-setbuf.o) (setvbuf)
c:/program files (x86)/atmel/atmel toolchain/arm gcc/native/4.8.1443/arm-gnu-toolchain/bin/../lib/gcc/arm-none-eabi/4.8.4/../../../../arm-none-eabi/lib/armv6-m\libc_s.a(lib_a-strcmp.o)
                              src/unit_test.o (strcmp)
c:/program files (x86)/atmel/atmel toolchain/arm gcc/native/4.8.1443/arm-gnu-toolchain/bin/../lib/gcc/arm-none-eabi/4.8.4/../../../../arm-none-eabi/lib/armv6-m\libc_s.a(lib_a-vfprintf.o)
                              c:/program files (x86)/atmel/atmel toolchain/arm gcc/native/4.8.1443/arm-gnu-toolchain/bin/../lib/gcc/arm-none-eabi/4.8.4/../../../../arm-none-eabi/lib/armv6-m\libc_s.a(lib_a-printf.o) (_vfprintf_r)
[...]
Memory Configuration

Name             Origin             Length             Attributes
rom              0x00000000         0x00040000         xr
ram              0x20000000         0x00008000         xrw
*default*        0x00000000         0xffffffff

Linker script and memory map

LOAD c:/program files (x86)/atmel/atmel toolchain/arm gcc/native/4.8.1443/arm-gnu-toolchain/bin/../lib/gcc/arm-none-eabi/4.8.4/armv6-m/crti.o
LOAD c:/program files (x86)/atmel/atmel toolchain/arm gcc/native/4.8.1443/arm-gnu-toolchain/bin/../lib/gcc/arm-none-eabi/4.8.4/armv6-m/crtbegin.o
LOAD c:/program files (x86)/atmel/atmel toolchain/arm gcc/native/4.8.1443/arm-gnu-toolchain/bin/../lib/gcc/arm-none-eabi/4.8.4/../../../../arm-none-eabi/lib/armv6-m/crt0.o
LOAD src/ASF/common/utils/interrupt/interrupt_sam_nvic.o
LOAD src/ASF/common/utils/unit_test/suite.o
LOAD src/ASF/sam0/boards/samd21_xplained_pro/board_init.o
LOAD src/ASF/sam0/drivers/port/port.o
LOAD src/ASF/sam0/drivers/sercom/sercom.o
LOAD src/ASF/sam0/drivers/sercom/sercom_interrupt.o
LOAD src/ASF/sam0/drivers/sercom/usart/usart.o
LOAD src/ASF/sam0/drivers/sercom/usart/usart_interrupt.o
LOAD src/ASF/sam0/drivers/system/clock/clock_samd21_r21/clock.o
LOAD src/ASF/sam0/drivers/system/clock/clock_samd21_r21/gclk.o
LOAD src/ASF/sam0/drivers/system/interrupt/system_interrupt.o
LOAD src/ASF/sam0/drivers/system/pinmux/pinmux.o
LOAD src/ASF/sam0/drivers/system/system.o
LOAD src/ASF/sam0/utils/cmsis/samd21/source/gcc/startup_samd21.o
LOAD src/ASF/sam0/utils/cmsis/samd21/source/system_samd21.o
LOAD src/ASF/sam0/utils/stdio/read.o
LOAD src/ASF/sam0/utils/stdio/write.o
LOAD src/ASF/sam0/utils/syscalls/gcc/syscalls.o
LOAD src/unit_test.o
START GROUP
LOAD ../src/ASF/thirdparty/CMSIS/Lib/GCC\libarm_cortexM0l_math.a
LOAD c:/program files (x86)/atmel/atmel toolchain/arm gcc/native/4.8.1443/arm-gnu-toolchain/bin/../lib/gcc/arm-none-eabi/4.8.4/../../../../arm-none-eabi/lib/armv6-m\libm.a
END GROUP
START GROUP
LOAD c:/program files (x86)/atmel/atmel toolchain/arm gcc/native/4.8.1443/arm-gnu-toolchain/bin/../lib/gcc/arm-none-eabi/4.8.4/armv6-m\libgcc.a
LOAD c:/program files (x86)/atmel/atmel toolchain/arm gcc/native/4.8.1443/arm-gnu-toolchain/bin/../lib/gcc/arm-none-eabi/4.8.4/../../../../arm-none-eabi/lib/armv6-m\libc_s.a
END GROUP
START GROUP
LOAD c:/program files (x86)/atmel/atmel toolchain/arm gcc/native/4.8.1443/arm-gnu-toolchain/bin/../lib/gcc/arm-none-eabi/4.8.4/armv6-m\libgcc.a
LOAD c:/program files (x86)/atmel/atmel toolchain/arm gcc/native/4.8.1443/arm-gnu-toolchain/bin/../lib/gcc/arm-none-eabi/4.8.4/../../../../arm-none-eabi/lib/armv6-m\libc_s.a
END GROUP
LOAD c:/program files (x86)/atmel/atmel toolchain/arm gcc/native/4.8.1443/arm-gnu-toolchain/bin/../lib/gcc/arm-none-eabi/4.8.4/armv6-m/crtend.o
LOAD c:/program files (x86)/atmel/atmel toolchain/arm gcc/native/4.8.1443/arm-gnu-toolchain/bin/../lib/gcc/arm-none-eabi/4.8.4/armv6-m/crtn.o
                0x00002000                STACK_SIZE = DEFINED (STACK_SIZE)?STACK_SIZE:DEFINED (__stack_size__)?__stack_size__:0x2000

.text           0x00000000     0x4ac8
                0x00000000                . = ALIGN (0x4)
                0x00000000                _sfixed = .
 *(.vectors .vectors.*)
 .vectors       0x00000000       0xb0 src/ASF/sam0/utils/cmsis/samd21/source/gcc/startup_samd21.o
                0x00000000                exception_table
 *(.text .text.* .gnu.linkonce.t.*)
 .text          0x000000b0       0x60 c:/program files (x86)/atmel/atmel toolchain/arm gcc/native/4.8.1443/arm-gnu-toolchain/bin/../lib/gcc/arm-none-eabi/4.8.4/armv6-m/crtbegin.o
 .text.cpu_irq_enter_critical
                0x00000110       0x40 src/ASF/common/utils/interrupt/interrupt_sam_nvic.o
                0x00000110                cpu_irq_enter_critical
 .text.cpu_irq_leave_critical
                0x00000150       0x8c src/ASF/common/utils/interrupt/interrupt_sam_nvic.o
                0x00000150                cpu_irq_leave_critical
 .text.test_call
                0x000001dc       0x30 src/ASF/common/utils/unit_test/suite.o
 .text.test_case_fail
                0x0000020c       0xf4 src/ASF/common/utils/unit_test/suite.o
                0x0000020c                test_case_fail
 .text.test_suite_run
                0x00000300      0x130 src/ASF/common/utils/unit_test/suite.o
                0x00000300                test_suite_run
 .text.system_board_init
                0x00000430       0x38 src/ASF/sam0/boards/samd21_xplained_pro/board_init.o
                0x00000430                board_init
                0x00000430                system_board_init
 .text.port_pin_set_config
                0x00000468       0x78 src/ASF/sam0/drivers/port/port.o
                0x00000468                port_pin_set_config
 .text._sercom_get_sync_baud_val
                0x000004e0       0x28 src/ASF/sam0/drivers/sercom/sercom.o
                0x000004e0                _sercom_get_sync_baud_val
 .text._sercom_get_async_baud_val
                0x00000508      0x1b0 src/ASF/sam0/drivers/sercom/sercom.o
                0x00000508                _sercom_get_async_baud_val
 .text.sercom_set_gclk_generator
                0x000006b8       0x50 src/ASF/sam0/drivers/sercom/sercom.o
                0x000006b8                sercom_set_gclk_generator
 .text._sercom_get_default_pad
                0x00000708      0x1bc src/ASF/sam0/drivers/sercom/sercom.o
                0x00000708                _sercom_get_default_pad
 .text._sercom_get_sercom_inst_index
                0x000008c4       0x88 src/ASF/sam0/drivers/sercom/sercom.o
                0x000008c4                _sercom_get_sercom_inst_index
 .text._sercom_default_handler
                0x0000094c       0x50 src/ASF/sam0/drivers/sercom/sercom_interrupt.o
 .text._sercom_set_handler
                0x0000099c       0x3c src/ASF/sam0/drivers/sercom/sercom_interrupt.o
                0x0000099c                _sercom_set_handler
 .text._sercom_get_interrupt_vector
                0x000009d8       0x2c src/ASF/sam0/drivers/sercom/sercom_interrupt.o
                0x000009d8                _sercom_get_interrupt_vector
 .text.SERCOM0_Handler
                0x00000a04       0x10 src/ASF/sam0/drivers/sercom/sercom_interrupt.o
                0x00000a04                SERCOM0_Handler
 .text.SERCOM1_Handler
                0x00000a14       0x10 src/ASF/sam0/drivers/sercom/sercom_interrupt.o
                0x00000a14                SERCOM1_Handler
 .text.SERCOM2_Handler
                0x00000a24       0x10 src/ASF/sam0/drivers/sercom/sercom_interrupt.o
                0x00000a24                SERCOM2_Handler
 .text.SERCOM3_Handler
                0x00000a34       0x10 src/ASF/sam0/drivers/sercom/sercom_interrupt.o
                0x00000a34                SERCOM3_Handler
 .text.SERCOM4_Handler
                0x00000a44       0x10 src/ASF/sam0/drivers/sercom/sercom_interrupt.o
                0x00000a44                SERCOM4_Handler
 .text.SERCOM5_Handler
                0x00000a54       0x10 src/ASF/sam0/drivers/sercom/sercom_interrupt.o
                0x00000a54                SERCOM5_Handler
 .text.usart_init
                0x00000a64      0x694 src/ASF/sam0/drivers/sercom/usart/usart.o
                0x00000a64                usart_init
 .text.usart_write_wait
                0x000010f8      0x17c src/ASF/sam0/drivers/sercom/usart/usart.o
                0x000010f8                usart_write_wait
 .text.usart_read_wait
                0x00001274      0x1cc src/ASF/sam0/drivers/sercom/usart/usart.o
                0x00001274                usart_read_wait
 .text.usart_write_buffer_wait
                0x00001440      0x214 src/ASF/sam0/drivers/sercom/usart/usart.o
                0x00001440                usart_write_buffer_wait
 .text._usart_write_buffer
                0x00001654       0xa8 src/ASF/sam0/drivers/sercom/usart/usart_interrupt.o
                0x00001654                _usart_write_buffer
 .text._usart_read_buffer
                0x000016fc       0xbc src/ASF/sam0/drivers/sercom/usart/usart_interrupt.o
                0x000016fc                _usart_read_buffer
 .text.usart_register_callback
                0x000017b8       0xa8 src/ASF/sam0/drivers/sercom/usart/usart_interrupt.o
                0x000017b8                usart_register_callback
 .text.usart_unregister_callback
                0x00001860       0x74 src/ASF/sam0/drivers/sercom/usart/usart_interrupt.o
                0x00001860                usart_unregister_callback
 .text.usart_write_buffer_job
                0x000018d4       0xc4 src/ASF/sam0/drivers/sercom/usart/usart_interrupt.o
                0x000018d4                usart_write_buffer_job
 .text.usart_read_buffer_job
                0x00001998       0xc4 src/ASF/sam0/drivers/sercom/usart/usart_interrupt.o
                0x00001998                usart_read_buffer_job
 .text._usart_interrupt_handler
                0x00001a5c      0x268 src/ASF/sam0/drivers/sercom/usart/usart_interrupt.o
                0x00001a5c                _usart_interrupt_handler
 .text.system_clock_source_get_hz
                0x00001cc4       0x90 src/ASF/sam0/drivers/system/clock/clock_samd21_r21/clock.o
                0x00001cc4                system_clock_source_get_hz
 .text.system_clock_source_osc8m_set_config
                0x00001d54       0x3c src/ASF/sam0/drivers/system/clock/clock_samd21_r21/clock.o
                0x00001d54                system_clock_source_osc8m_set_config
 .text.system_clock_source_enable
                0x00001d90       0xf0 src/ASF/sam0/drivers/system/clock/clock_samd21_r21/clock.o
                0x00001d90                system_clock_source_enable
 .text.system_clock_init
                0x00001e80       0x94 src/ASF/sam0/drivers/system/clock/clock_samd21_r21/clock.o
                0x00001e80                system_clock_init
 .text.system_gclk_init
                0x00001f14       0x24 src/ASF/sam0/drivers/system/clock/clock_samd21_r21/gclk.o
                0x00001f14                system_gclk_init
 .text.system_gclk_gen_set_config
                0x00001f38      0x10c src/ASF/sam0/drivers/system/clock/clock_samd21_r21/gclk.o
                0x00001f38                system_gclk_gen_set_config
 .text.system_gclk_gen_enable
                0x00002044       0x44 src/ASF/sam0/drivers/system/clock/clock_samd21_r21/gclk.o
                0x00002044                system_gclk_gen_enable
 .text.system_gclk_gen_get_hz
                0x00002088       0x8c src/ASF/sam0/drivers/system/clock/clock_samd21_r21/gclk.o
                0x00002088                system_gclk_gen_get_hz
 .text.system_gclk_chan_enable
                0x00002114       0x30 src/ASF/sam0/drivers/system/clock/clock_samd21_r21/gclk.o
                0x00002114                system_gclk_chan_enable
 .text.system_gclk_chan_disable
                0x00002144       0xbc src/ASF/sam0/drivers/system/clock/clock_samd21_r21/gclk.o
                0x00002144                system_gclk_chan_disable
 .text.system_gclk_chan_set_config
                0x00002200       0x78 src/ASF/sam0/drivers/system/clock/clock_samd21_r21/gclk.o
                0x00002200                system_gclk_chan_set_config
 .text.system_gclk_chan_get_hz
                0x00002278       0x34 src/ASF/sam0/drivers/system/clock/clock_samd21_r21/gclk.o
                0x00002278                system_gclk_chan_get_hz
 .text._system_pinmux_config
                0x000022ac      0x118 src/ASF/sam0/drivers/system/pinmux/pinmux.o
 .text.system_pinmux_pin_set_config
                0x000023c4       0x7c src/ASF/sam0/drivers/system/pinmux/pinmux.o
                0x000023c4                system_pinmux_pin_set_config
 .text._system_dummy_init
                0x00002440        0x4 src/ASF/sam0/drivers/system/system.o
                0x00002440                _system_events_init
                0x00002440                _system_dummy_init
                0x00002440                _system_extint_init
 .text.system_init
                0x00002444       0x24 src/ASF/sam0/drivers/system/system.o
                0x00002444                system_init
 .text.Dummy_Handler
                0x00002468        0x4 src/ASF/sam0/utils/cmsis/samd21/source/gcc/startup_samd21.o
                0x00002468                DMAC_Handler
                0x00002468                HardFault_Handler
                0x00002468                AC_Handler
                0x00002468                SysTick_Handler
                0x00002468                PendSV_Handler
                0x00002468                NMI_Handler
                0x00002468                TC7_Handler
                0x00002468                ADC_Handler
                0x00002468                TCC1_Handler
                0x00002468                TCC0_Handler
                0x00002468                RTC_Handler
                0x00002468                EIC_Handler
                0x00002468                TC6_Handler
                0x00002468                WDT_Handler
                0x00002468                TC4_Handler
                0x00002468                USB_Handler
                0x00002468                TC3_Handler
                0x00002468                Dummy_Handler
                0x00002468                PM_Handler
                0x00002468                SVC_Handler
                0x00002468                TCC2_Handler
                0x00002468                EVSYS_Handler
                0x00002468                I2S_Handler
                0x00002468                NVMCTRL_Handler
                0x00002468                DAC_Handler
                0x00002468                PTC_Handler
                0x00002468                TC5_Handler
                0x00002468                SYSCTRL_Handler
 .text.Reset_Handler
                0x0000246c       0xe0 src/ASF/sam0/utils/cmsis/samd21/source/gcc/startup_samd21.o
                0x0000246c                Reset_Handler
 .text._read    0x0000254c       0x44 src/ASF/sam0/utils/stdio/read.o
                0x0000254c                _read
 .text._write   0x00002590       0x54 src/ASF/sam0/utils/stdio/write.o
                0x00002590                _write
 .text._sbrk    0x000025e4       0x24 src/ASF/sam0/utils/syscalls/gcc/syscalls.o
                0x000025e4                _sbrk
 .text._close   0x00002608        0x8 src/ASF/sam0/utils/syscalls/gcc/syscalls.o
                0x00002608                _close
 .text._fstat   0x00002610        0xc src/ASF/sam0/utils/syscalls/gcc/syscalls.o
                0x00002610                _fstat
 .text._isatty  0x0000261c        0x4 src/ASF/sam0/utils/syscalls/gcc/syscalls.o
                0x0000261c                _isatty
 .text._lseek   0x00002620        0x4 src/ASF/sam0/utils/syscalls/gcc/syscalls.o
                0x00002620                _lseek
 .text.usart_callback
                0x00002624        0xc src/unit_test.o
 .text.usart_get_config_defaults
                0x00002630       0xb4 src/unit_test.o
 .text.run_buffer_write_blocking_read_interrupt_test
                0x000026e4      0x100 src/unit_test.o
 .text.usart_serial_putchar
                0x000027e4       0x18 src/unit_test.o
 .text.run_transfer_single_8bit_char_test
                0x000027fc       0x64 src/unit_test.o
 .text.usart_serial_getchar
                0x00002860       0x2c src/unit_test.o
 .text.usart_enable
                0x0000288c      0x16c src/unit_test.o
 .text.run_buffer_read_write_interrupt_test
                0x000029f8       0xec src/unit_test.o
 .text.run_transfer_single_9bit_char_test
                0x00002ae4      0x638 src/unit_test.o
 .text.main     0x0000311c      0x15c src/unit_test.o
                0x0000311c                main
 .text          0x00003278       0x9c c:/program files (x86)/atmel/atmel toolchain/arm gcc/native/4.8.1443/arm-gnu-toolchain/bin/../lib/gcc/arm-none-eabi/4.8.4/armv6-m\libgcc.a(_udivsi3.o)
                0x00003278                __aeabi_uidiv
                0x00003278                __udivsi3
                0x00003300                __aeabi_uidivmod
 .text          0x00003314        0x4 c:/program files (x86)/atmel/atmel toolchain/arm gcc/native/4.8.1443/arm-gnu-toolchain/bin/../lib/gcc/arm-none-eabi/4.8.4/armv6-m\libgcc.a(_dvmd_tls.o)
                0x00003314                __aeabi_idiv0
                0x00003314                __aeabi_ldiv0
 .text          0x00003318       0x44 c:/program files (x86)/atmel/atmel toolchain/arm gcc/native/4.8.1443/arm-gnu-toolchain/bin/../lib/gcc/arm-none-eabi/4.8.4/armv6-m\libgcc.a(_muldi3.o)
                0x00003318                __muldi3
                0x00003318                __aeabi_lmul
 .text.__libc_init_array
                0x0000335c       0x4c c:/program files (x86)/atmel/atmel toolchain/arm gcc/native/4.8.1443/arm-gnu-toolchain/bin/../lib/gcc/arm-none-eabi/4.8.4/../../../../arm-none-eabi/lib/armv6-m\libc_s.a(lib_a-init.o)
                0x0000335c                __libc_init_array
 .text.memcpy   0x000033a8       0x12 c:/program files (x86)/atmel/atmel toolchain/arm gcc/native/4.8.1443/arm-gnu-toolchain/bin/../lib/gcc/arm-none-eabi/4.8.4/../../../../arm-none-eabi/lib/armv6-m\libc_s.a(lib_a-memcpy-stub.o)
                0x000033a8                memcpy
 .text.memset   0x000033ba       0x10 c:/program files (x86)/atmel/atmel toolchain/arm gcc/native/4.8.1443/arm-gnu-toolchain/bin/../lib/gcc/arm-none-eabi/4.8.4/../../../../arm-none-eabi/lib/armv6-m\libc_s.a(lib_a-memset.o)
                0x000033ba                memset
 *fill*         0x000033ca        0x2 
 .text.printf   0x000033cc       0x34 c:/program files (x86)/atmel/atmel toolchain/arm gcc/native/4.8.1443/arm-gnu-toolchain/bin/../lib/gcc/arm-none-eabi/4.8.4/../../../../arm-none-eabi/lib/armv6-m\libc_s.a(lib_a-printf.o)
                0x000033cc                iprintf
                0x000033cc                printf
 .text._puts_r  0x00003400       0xc2 c:/program files (x86)/atmel/atmel toolchain/arm gcc/native/4.8.1443/arm-gnu-toolchain/bin/../lib/gcc/arm-none-eabi/4.8.4/../../../../arm-none-eabi/lib/armv6-m\libc_s.a(lib_a-puts.o)
                0x00003400                _puts_r
 *fill*         0x000034c2        0x2 
 .text.puts     0x000034c4       0x14 c:/program files (x86)/atmel/atmel toolchain/arm gcc/native/4.8.1443/arm-gnu-toolchain/bin/../lib/gcc/arm-none-eabi/4.8.4/../../../../arm-none-eabi/lib/armv6-m\libc_s.a(lib_a-puts.o)
                0x000034c4                puts
 .text.setbuf   0x000034d8       0x12 c:/program files (x86)/atmel/atmel toolchain/arm gcc/native/4.8.1443/arm-gnu-toolchain/bin/../lib/gcc/arm-none-eabi/4.8.4/../../../../arm-none-eabi/lib/armv6-m\libc_s.a(lib_a-setbuf.o)
                0x000034d8                setbuf
 .text          0x000034ea       0x34 c:/program files (x86)/atmel/atmel toolchain/arm gcc/native/4.8.1443/arm-gnu-toolchain/bin/../lib/gcc/arm-none-eabi/4.8.4/../../../../arm-none-eabi/lib/armv6-m\libc_s.a(lib_a-setjmp.o)
                0x000034ea                setjmp
                0x00003502                longjmp
 *fill*         0x0000351e        0x2 
 .text.setvbuf  0x00003520      0x10c c:/program files (x86)/atmel/atmel toolchain/arm gcc/native/4.8.1443/arm-gnu-toolchain/bin/../lib/gcc/arm-none-eabi/4.8.4/../../../../arm-none-eabi/lib/armv6-m\libc_s.a(lib_a-setvbuf.o)
                0x00003520                setvbuf
 .text          0x0000362c       0x14 c:/program files (x86)/atmel/atmel toolchain/arm gcc/native/4.8.1443/arm-gnu-toolchain/bin/../lib/gcc/arm-none-eabi/4.8.4/../../../../arm-none-eabi/lib/armv6-m\libc_s.a(lib_a-strcmp.o)
                0x0000362c                strcmp
 .text.__sfputc_r
                0x00003640       0x2a c:/program files (x86)/atmel/atmel toolchain/arm gcc/native/4.8.1443/arm-gnu-toolchain/bin/../lib/gcc/arm-none-eabi/4.8.4/../../../../arm-none-eabi/lib/armv6-m\libc_s.a(lib_a-vfprintf.o)
 .text.__sfputs_r
                0x0000366a       0x24 c:/program files (x86)/atmel/atmel toolchain/arm gcc/native/4.8.1443/arm-gnu-toolchain/bin/../lib/gcc/arm-none-eabi/4.8.4/../../../../arm-none-eabi/lib/armv6-m\libc_s.a(lib_a-vfprintf.o)
                0x0000366a                __sfputs_r
 *fill*         0x0000368e        0x2 
 .text._vfprintf_r
                0x00003690      0x210 c:/program files (x86)/atmel/atmel toolchain/arm gcc/native/4.8.1443/arm-gnu-toolchain/bin/../lib/gcc/arm-none-eabi/4.8.4/../../../../arm-none-eabi/lib/armv6-m\libc_s.a(lib_a-vfprintf.o)
                0x00003690                _vfprintf_r
                0x00003690                _vfiprintf_r
 .text.vfprintf
                0x000038a0       0x1c c:/program files (x86)/atmel/atmel toolchain/arm gcc/native/4.8.1443/arm-gnu-toolchain/bin/../lib/gcc/arm-none-eabi/4.8.4/../../../../arm-none-eabi/lib/armv6-m\libc_s.a(lib_a-vfprintf.o)
                0x000038a0                vfprintf
                0x000038a0                vfiprintf
 .text._printf_common
                0x000038bc       0xe8 c:/program files (x86)/atmel/atmel toolchain/arm gcc/native/4.8.1443/arm-gnu-toolchain/bin/../lib/gcc/arm-none-eabi/4.8.4/../../../../arm-none-eabi/lib/armv6-m\libc_s.a(lib_a-vfprintf_i.o)
                0x000038bc                _printf_common
 .text._printf_i
                0x000039a4      0x22c c:/program files (x86)/atmel/atmel toolchain/arm gcc/native/4.8.1443/arm-gnu-toolchain/bin/../lib/gcc/arm-none-eabi/4.8.4/../../../../arm-none-eabi/lib/armv6-m\libc_s.a(lib_a-vfprintf_i.o)
                0x000039a4                _printf_i
 .text.__swbuf_r
                0x00003bd0       0xb0 c:/program files (x86)/atmel/atmel toolchain/arm gcc/native/4.8.1443/arm-gnu-toolchain/bin/../lib/gcc/arm-none-eabi/4.8.4/../../../../arm-none-eabi/lib/armv6-m\libc_s.a(lib_a-wbuf.o)
                0x00003bd0                __swbuf_r
 .text.__swsetup_r
                0x00003c80       0xe4 c:/program files (x86)/atmel/atmel toolchain/arm gcc/native/4.8.1443/arm-gnu-toolchain/bin/../lib/gcc/arm-none-eabi/4.8.4/../../../../arm-none-eabi/lib/armv6-m\libc_s.a(lib_a-wsetup.o)
                0x00003c80                __swsetup_r
 .text.__sflush_r
                0x00003d64      0x112 c:/program files (x86)/atmel/atmel toolchain/arm gcc/native/4.8.1443/arm-gnu-toolchain/bin/../lib/gcc/arm-none-eabi/4.8.4/../../../../arm-none-eabi/lib/armv6-m\libc_s.a(lib_a-fflush.o)
                0x00003d64                __sflush_r
 *fill*         0x00003e76        0x2 
 .text._fflush_r
                0x00003e78       0x58 c:/program files (x86)/atmel/atmel toolchain/arm gcc/native/4.8.1443/arm-gnu-toolchain/bin/../lib/gcc/arm-none-eabi/4.8.4/../../../../arm-none-eabi/lib/armv6-m\libc_s.a(lib_a-fflush.o)
                0x00003e78                _fflush_r
 .text._cleanup_r
                0x00003ed0       0x34 c:/program files (x86)/atmel/atmel toolchain/arm gcc/native/4.8.1443/arm-gnu-toolchain/bin/../lib/gcc/arm-none-eabi/4.8.4/../../../../arm-none-eabi/lib/armv6-m\libc_s.a(lib_a-findfp.o)
                0x00003ed0                _cleanup_r
 .text.std.isra.0
                0x00003f04       0x48 c:/program files (x86)/atmel/atmel toolchain/arm gcc/native/4.8.1443/arm-gnu-toolchain/bin/../lib/gcc/arm-none-eabi/4.8.4/../../../../arm-none-eabi/lib/armv6-m\libc_s.a(lib_a-findfp.o)
 .text.__sfmoreglue
                0x00003f4c       0x2c c:/program files (x86)/atmel/atmel toolchain/arm gcc/native/4.8.1443/arm-gnu-toolchain/bin/../lib/gcc/arm-none-eabi/4.8.4/../../../../arm-none-eabi/lib/armv6-m\libc_s.a(lib_a-findfp.o)
                0x00003f4c                __sfmoreglue
 .text.__sinit  0x00003f78       0x64 c:/program files (x86)/atmel/atmel toolchain/arm gcc/native/4.8.1443/arm-gnu-toolchain/bin/../lib/gcc/arm-none-eabi/4.8.4/../../../../arm-none-eabi/lib/armv6-m\libc_s.a(lib_a-findfp.o)
                0x00003f78                __sinit
 .text.__sfp    0x00003fdc       0x7c c:/program files (x86)/atmel/atmel toolchain/arm gcc/native/4.8.1443/arm-gnu-toolchain/bin/../lib/gcc/arm-none-eabi/4.8.4/../../../../arm-none-eabi/lib/armv6-m\libc_s.a(lib_a-findfp.o)
                0x00003fdc                __sfp
 .text.__smakebuf_r
                0x00004058       0xa0 c:/program files (x86)/atmel/atmel toolchain/arm gcc/native/4.8.1443/arm-gnu-toolchain/bin/../lib/gcc/arm-none-eabi/4.8.4/../../../../arm-none-eabi/lib/armv6-m\libc_s.a(lib_a-makebuf.o)
                0x00004058                __smakebuf_r
 .text.malloc   0x000040f8       0x14 c:/program files (x86)/atmel/atmel toolchain/arm gcc/native/4.8.1443/arm-gnu-toolchain/bin/../lib/gcc/arm-none-eabi/4.8.4/../../../../arm-none-eabi/lib/armv6-m\libc_s.a(lib_a-malloc.o)
                0x000040f8                malloc
 .text.memchr   0x0000410c       0x16 c:/program files (x86)/atmel/atmel toolchain/arm gcc/native/4.8.1443/arm-gnu-toolchain/bin/../lib/gcc/arm-none-eabi/4.8.4/../../../../arm-none-eabi/lib/armv6-m\libc_s.a(lib_a-memchr-stub.o)
                0x0000410c                memchr
 *fill*         0x00004122        0x2 
 .text._free_r  0x00004124       0x90 c:/program files (x86)/atmel/atmel toolchain/arm gcc/native/4.8.1443/arm-gnu-toolchain/bin/../lib/gcc/arm-none-eabi/4.8.4/../../../../arm-none-eabi/lib/armv6-m\libc_s.a(lib_a-nano-freer.o)
                0x00004124                _free_r
 .text._malloc_r
                0x000041b4       0xa8 c:/program files (x86)/atmel/atmel toolchain/arm gcc/native/4.8.1443/arm-gnu-toolchain/bin/../lib/gcc/arm-none-eabi/4.8.4/../../../../arm-none-eabi/lib/armv6-m\libc_s.a(lib_a-nano-mallocr.o)
                0x000041b4                _malloc_r
 .text._sbrk_r  0x0000425c       0x24 c:/program files (x86)/atmel/atmel toolchain/arm gcc/native/4.8.1443/arm-gnu-toolchain/bin/../lib/gcc/arm-none-eabi/4.8.4/../../../../arm-none-eabi/lib/armv6-m\libc_s.a(lib_a-sbrkr.o)
                0x0000425c                _sbrk_r
 .text.__sread  0x00004280       0x28 c:/program files (x86)/atmel/atmel toolchain/arm gcc/native/4.8.1443/arm-gnu-toolchain/bin/../lib/gcc/arm-none-eabi/4.8.4/../../../../arm-none-eabi/lib/armv6-m\libc_s.a(lib_a-stdio.o)
                0x00004280                __sread
 .text.__swrite
                0x000042a8       0x38 c:/program files (x86)/atmel/atmel toolchain/arm gcc/native/4.8.1443/arm-gnu-toolchain/bin/../lib/gcc/arm-none-eabi/4.8.4/../../../../arm-none-eabi/lib/armv6-m\libc_s.a(lib_a-stdio.o)
                0x000042a8                __swrite
 .text.__sseek  0x000042e0       0x2c c:/program files (x86)/atmel/atmel toolchain/arm gcc/native/4.8.1443/arm-gnu-toolchain/bin/../lib/gcc/arm-none-eabi/4.8.4/../../../../arm-none-eabi/lib/armv6-m\libc_s.a(lib_a-stdio.o)
                0x000042e0                __sseek
 .text.__sclose
                0x0000430c        0xc c:/program files (x86)/atmel/atmel toolchain/arm gcc/native/4.8.1443/arm-gnu-toolchain/bin/../lib/gcc/arm-none-eabi/4.8.4/../../../../arm-none-eabi/lib/armv6-m\libc_s.a(lib_a-stdio.o)
                0x0000430c                __sclose
 .text.strlen   0x00004318        0xe c:/program files (x86)/atmel/atmel toolchain/arm gcc/native/4.8.1443/arm-gnu-toolchain/bin/../lib/gcc/arm-none-eabi/4.8.4/../../../../arm-none-eabi/lib/armv6-m\libc_s.a(lib_a-strlen.o)
                0x00004318                strlen
 *fill*         0x00004326        0x2 
 .text._write_r
                0x00004328       0x28 c:/program files (x86)/atmel/atmel toolchain/arm gcc/native/4.8.1443/arm-gnu-toolchain/bin/../lib/gcc/arm-none-eabi/4.8.4/../../../../arm-none-eabi/lib/armv6-m\libc_s.a(lib_a-writer.o)
                0x00004328                _write_r
 .text._close_r
                0x00004350       0x24 c:/program files (x86)/atmel/atmel toolchain/arm gcc/native/4.8.1443/arm-gnu-toolchain/bin/../lib/gcc/arm-none-eabi/4.8.4/../../../../arm-none-eabi/lib/armv6-m\libc_s.a(lib_a-closer.o)
                0x00004350                _close_r
 .text._fstat_r
                0x00004374       0x24 c:/program files (x86)/atmel/atmel toolchain/arm gcc/native/4.8.1443/arm-gnu-toolchain/bin/../lib/gcc/arm-none-eabi/4.8.4/../../../../arm-none-eabi/lib/armv6-m\libc_s.a(lib_a-fstatr.o)
                0x00004374                _fstat_r
 .text._isatty_r
                0x00004398       0x24 c:/program files (x86)/atmel/atmel toolchain/arm gcc/native/4.8.1443/arm-gnu-toolchain/bin/../lib/gcc/arm-none-eabi/4.8.4/../../../../arm-none-eabi/lib/armv6-m\libc_s.a(lib_a-isattyr.o)
                0x00004398                _isatty_r
 .text._lseek_r
                0x000043bc       0x28 c:/program files (x86)/atmel/atmel toolchain/arm gcc/native/4.8.1443/arm-gnu-toolchain/bin/../lib/gcc/arm-none-eabi/4.8.4/../../../../arm-none-eabi/lib/armv6-m\libc_s.a(lib_a-lseekr.o)
                0x000043bc                _lseek_r
 .text._read_r  0x000043e4       0x28 c:/program files (x86)/atmel/atmel toolchain/arm gcc/native/4.8.1443/arm-gnu-toolchain/bin/../lib/gcc/arm-none-eabi/4.8.4/../../../../arm-none-eabi/lib/armv6-m\libc_s.a(lib_a-readr.o)
                0x000043e4                _read_r
 *(.glue_7t)
 .glue_7t       0x00000000        0x0 linker stubs
 *(.glue_7)
 .glue_7        0x00000000        0x0 linker stubs
 *(.rodata .rodata* .gnu.linkonce.r.*)
 .rodata.str1.4
                0x0000440c       0x99 src/ASF/common/utils/interrupt/interrupt_sam_nvic.o
                                 0x9c (size before relaxing)
 *fill*         0x000044a5        0x3 
 .rodata.str1.4
                0x000044a8       0xfb src/ASF/common/utils/unit_test/suite.o
                                 0xfc (size before relaxing)
 *fill*         0x000045a3        0x1 
 .rodata.str1.4
                0x000045a4       0x31 src/ASF/sam0/drivers/port/port.o
                                 0x70 (size before relaxing)
 *fill*         0x000045d5        0x3 
 .rodata        0x000045d8       0x18 src/ASF/sam0/drivers/sercom/sercom.o
 .rodata.str1.4
                0x000045f0       0x2e src/ASF/sam0/drivers/sercom/sercom.o
                                 0x6c (size before relaxing)
 *fill*         0x0000461e        0x2 
 .rodata        0x00004620        0x8 src/ASF/sam0/drivers/sercom/sercom_interrupt.o
 .rodata.str1.4
                0x00004628       0x32 src/ASF/sam0/drivers/sercom/sercom_interrupt.o
                                 0x78 (size before relaxing)
 *fill*         0x0000465a        0x2 
 .rodata.str1.4
                0x0000465c       0x71 src/ASF/sam0/drivers/sercom/usart/usart.o
                                 0xbc (size before relaxing)
 *fill*         0x000046cd        0x3 
 .rodata.str1.4
                0x000046d0       0x58 src/ASF/sam0/drivers/sercom/usart/usart_interrupt.o
                                 0xd8 (size before relaxing)
 .rodata.system_clock_source_get_hz
                0x00004728       0x24 src/ASF/sam0/drivers/system/clock/clock_samd21_r21/clock.o
 .rodata.system_clock_source_enable
                0x0000474c       0x24 src/ASF/sam0/drivers/system/clock/clock_samd21_r21/clock.o
 .rodata.str1.4
                0x00004770       0x3e src/ASF/sam0/drivers/system/clock/clock_samd21_r21/clock.o
                                 0x84 (size before relaxing)
 *fill*         0x000047ae        0x2 
 .rodata.str1.4
                0x000047b0       0x5b src/ASF/sam0/drivers/system/clock/clock_samd21_r21/gclk.o
                                 0xa0 (size before relaxing)
 *fill*         0x0000480b        0x1 
 .rodata.str1.4
                0x0000480c       0x5f src/ASF/sam0/drivers/system/pinmux/pinmux.o
                                 0xb4 (size before relaxing)
 *fill*         0x0000486b        0x1 
 .rodata        0x0000486c       0x10 src/unit_test.o
 .rodata._test_str_receive_buffer_test.12596
                0x0000487c       0x20 src/unit_test.o
 .rodata.receive_buffer_test.12597
                0x0000489c       0x10 src/unit_test.o
 .rodata.transfer_single_9bit_char_test.12593
                0x000048ac       0x10 src/unit_test.o
 .rodata._test_str_transfer_single_9bit_char_test.12592
                0x000048bc       0x20 src/unit_test.o
 .rodata._test_str_usart_suite.12599
                0x000048dc       0x1c src/unit_test.o
 .rodata.transfer_single_8bit_char_test.12591
                0x000048f8       0x10 src/unit_test.o
 .rodata.str1.4
                0x00004908       0xac src/unit_test.o
                                0x134 (size before relaxing)
 .rodata._test_str_transfer_buffer_test.12594
                0x000049b4       0x28 src/unit_test.o
 .rodata.transfer_buffer_test.12595
                0x000049dc       0x10 src/unit_test.o
 .rodata._test_str_transfer_single_8bit_char_test.12590
                0x000049ec       0x20 src/unit_test.o
 .rodata.str1.1
                0x00004a0c        0x2 c:/program files (x86)/atmel/atmel toolchain/arm gcc/native/4.8.1443/arm-gnu-toolchain/bin/../lib/gcc/arm-none-eabi/4.8.4/../../../../arm-none-eabi/lib/armv6-m\libc_s.a(lib_a-impure.o)
 *fill*         0x00004a0e        0x2 
 .rodata._global_impure_ptr
                0x00004a10        0x4 c:/program files (x86)/atmel/atmel toolchain/arm gcc/native/4.8.1443/arm-gnu-toolchain/bin/../lib/gcc/arm-none-eabi/4.8.4/../../../../arm-none-eabi/lib/armv6-m\libc_s.a(lib_a-impure.o)
                0x00004a10                _global_impure_ptr
 .rodata.str1.1
                0x00004a14       0x11 c:/program files (x86)/atmel/atmel toolchain/arm gcc/native/4.8.1443/arm-gnu-toolchain/bin/../lib/gcc/arm-none-eabi/4.8.4/../../../../arm-none-eabi/lib/armv6-m\libc_s.a(lib_a-vfprintf.o)
 .rodata.str1.1
                0x00004a25       0x22 c:/program files (x86)/atmel/atmel toolchain/arm gcc/native/4.8.1443/arm-gnu-toolchain/bin/../lib/gcc/arm-none-eabi/4.8.4/../../../../arm-none-eabi/lib/armv6-m\libc_s.a(lib_a-vfprintf_i.o)
 *fill*         0x00004a47        0x1 
 .rodata.__sf_fake_stdin
                0x00004a48       0x20 c:/program files (x86)/atmel/atmel toolchain/arm gcc/native/4.8.1443/arm-gnu-toolchain/bin/../lib/gcc/arm-none-eabi/4.8.4/../../../../arm-none-eabi/lib/armv6-m\libc_s.a(lib_a-findfp.o)
                0x00004a48                __sf_fake_stdin
 .rodata.__sf_fake_stdout
                0x00004a68       0x20 c:/program files (x86)/atmel/atmel toolchain/arm gcc/native/4.8.1443/arm-gnu-toolchain/bin/../lib/gcc/arm-none-eabi/4.8.4/../../../../arm-none-eabi/lib/armv6-m\libc_s.a(lib_a-findfp.o)
                0x00004a68                __sf_fake_stdout
 .rodata.__sf_fake_stderr
                0x00004a88       0x20 c:/program files (x86)/atmel/atmel toolchain/arm gcc/native/4.8.1443/arm-gnu-toolchain/bin/../lib/gcc/arm-none-eabi/4.8.4/../../../../arm-none-eabi/lib/armv6-m\libc_s.a(lib_a-findfp.o)
                0x00004a88                __sf_fake_stderr
 *(.ARM.extab* .gnu.linkonce.armextab.*)
                0x00004aa8                . = ALIGN (0x4)
 *(.init)
 .init          0x00004aa8        0x4 c:/program files (x86)/atmel/atmel toolchain/arm gcc/native/4.8.1443/arm-gnu-toolchain/bin/../lib/gcc/arm-none-eabi/4.8.4/armv6-m/crti.o
                0x00004aa8                _init
 .init          0x00004aac        0x8 c:/program files (x86)/atmel/atmel toolchain/arm gcc/native/4.8.1443/arm-gnu-toolchain/bin/../lib/gcc/arm-none-eabi/4.8.4/armv6-m/crtn.o
                0x00004ab4                . = ALIGN (0x4)
                0x00004ab4                __preinit_array_start = .
 *(.preinit_array)
                0x00004ab4                __preinit_array_end = .
                0x00004ab4                . = ALIGN (0x4)
                0x00004ab4                __init_array_start = .
 *(SORT(.init_array.*))
 *(.init_array)
 .init_array    0x00004ab4        0x4 c:/program files (x86)/atmel/atmel toolchain/arm gcc/native/4.8.1443/arm-gnu-toolchain/bin/../lib/gcc/arm-none-eabi/4.8.4/armv6-m/crtbegin.o
                0x00004ab8                __init_array_end = .
                0x00004ab8                . = ALIGN (0x4)
 *crtbegin.o(.ctors)
 *(EXCLUDE_FILE(*crtend.o) .ctors)
 *(SORT(.ctors.*))
 *crtend.o(.ctors)
                0x00004ab8                . = ALIGN (0x4)
 *(.fini)
 .fini          0x00004ab8        0x4 c:/program files (x86)/atmel/atmel toolchain/arm gcc/native/4.8.1443/arm-gnu-toolchain/bin/../lib/gcc/arm-none-eabi/4.8.4/armv6-m/crti.o
                0x00004ab8                _fini
 .fini          0x00004abc        0x8 c:/program files (x86)/atmel/atmel toolchain/arm gcc/native/4.8.1443/arm-gnu-toolchain/bin/../lib/gcc/arm-none-eabi/4.8.4/armv6-m/crtn.o
                0x00004ac4                . = ALIGN (0x4)
                0x00004ac4                __fini_array_start = .
 *(.fini_array)
 .fini_array    0x00004ac4        0x4 c:/program files (x86)/atmel/atmel toolchain/arm gcc/native/4.8.1443/arm-gnu-toolchain/bin/../lib/gcc/arm-none-eabi/4.8.4/armv6-m/crtbegin.o
 *(SORT(.fini_array.*))
                0x00004ac8                __fini_array_end = .
 *crtbegin.o(.dtors)
 *(EXCLUDE_FILE(*crtend.o) .dtors)
 *(SORT(.dtors.*))
 *crtend.o(.dtors)
                0x00004ac8                . = ALIGN (0x4)
                0x00004ac8                _efixed = .
                0x00004ac8                PROVIDE (__exidx_start, .)

.vfp11_veneer   0x00004ac8        0x0
 .vfp11_veneer  0x00000000        0x0 linker stubs

.v4_bx          0x00004ac8        0x0
 .v4_bx         0x00000000        0x0 linker stubs

.iplt           0x00004ac8        0x0
 .iplt          0x00000000        0x0 c:/program files (x86)/atmel/atmel toolchain/arm gcc/native/4.8.1443/arm-gnu-toolchain/bin/../lib/gcc/arm-none-eabi/4.8.4/armv6-m/crtbegin.o

.eh_frame       0x00004ac8        0x0
 .eh_frame      0x00004ac8        0x0 c:/program files (x86)/atmel/atmel toolchain/arm gcc/native/4.8.1443/arm-gnu-toolchain/bin/../lib/gcc/arm-none-eabi/4.8.4/armv6-m/crtbegin.o

.rel.dyn        0x00004ac8        0x0
 .rel.iplt      0x00000000        0x0 c:/program files (x86)/atmel/atmel toolchain/arm gcc/native/4.8.1443/arm-gnu-toolchain/bin/../lib/gcc/arm-none-eabi/4.8.4/armv6-m/crtbegin.o

.jcr            0x00004ac8        0x0
 .jcr           0x00004ac8        0x0 c:/program files (x86)/atmel/atmel toolchain/arm gcc/native/4.8.1443/arm-gnu-toolchain/bin/../lib/gcc/arm-none-eabi/4.8.4/armv6-m/crtbegin.o

.igot.plt       0x00004ac8        0x0
 .igot.plt      0x00000000        0x0 c:/program files (x86)/atmel/atmel toolchain/arm gcc/native/4.8.1443/arm-gnu-toolchain/bin/../lib/gcc/arm-none-eabi/4.8.4/armv6-m/crtbegin.o

.ARM.exidx
 *(.ARM.exidx* .gnu.linkonce.armexidx.*)
                0x00004ac8                PROVIDE (__exidx_end, .)
                0x00004ac8                . = ALIGN (0x4)
                0x00004ac8                _etext = .

.relocate       0x20000000       0x68 load address 0x00004ac8
                0x20000000                . = ALIGN (0x4)
                0x20000000                _srelocate = .
 *(.ramfunc .ramfunc.*)
 *(.data .data.*)
 .data.g_interrupt_enabled
                0x20000000        0x1 src/ASF/common/utils/interrupt/interrupt_sam_nvic.o
                0x20000000                g_interrupt_enabled
 *fill*         0x20000001        0x3 
 .data.impure_data
                0x20000004       0x60 c:/program files (x86)/atmel/atmel toolchain/arm gcc/native/4.8.1443/arm-gnu-toolchain/bin/../lib/gcc/arm-none-eabi/4.8.4/../../../../arm-none-eabi/lib/armv6-m\libc_s.a(lib_a-impure.o)
 .data._impure_ptr
                0x20000064        0x4 c:/program files (x86)/atmel/atmel toolchain/arm gcc/native/4.8.1443/arm-gnu-toolchain/bin/../lib/gcc/arm-none-eabi/4.8.4/../../../../arm-none-eabi/lib/armv6-m\libc_s.a(lib_a-impure.o)
                0x20000064                _impure_ptr
                0x20000068                . = ALIGN (0x4)
                0x20000068                _erelocate = .

.bss            0x20000068      0x210 load address 0x00004b30
                0x20000068                . = ALIGN (0x4)
                0x20000068                _sbss = .
                0x20000068                _szero = .
 *(.bss .bss.*)
 .bss           0x20000068       0x1c c:/program files (x86)/atmel/atmel toolchain/arm gcc/native/4.8.1443/arm-gnu-toolchain/bin/../lib/gcc/arm-none-eabi/4.8.4/armv6-m/crtbegin.o
 .bss.cpu_irq_critical_section_counter
                0x20000084        0x4 src/ASF/common/utils/interrupt/interrupt_sam_nvic.o
 .bss.cpu_irq_prev_interrupt_state
                0x20000088        0x1 src/ASF/common/utils/interrupt/interrupt_sam_nvic.o
 *fill*         0x20000089        0x3 
 .bss.test_case_ptr
                0x2000008c        0x4 src/ASF/common/utils/unit_test/suite.o
                0x2000008c                test_case_ptr
 .bss.test_failure_jmpbuf
                0x20000090       0x5c src/ASF/common/utils/unit_test/suite.o
 .bss._sercom_config
                0x200000ec        0x4 src/ASF/sam0/drivers/sercom/sercom.o
 .bss._handler_table_initialized
                0x200000f0        0x1 src/ASF/sam0/drivers/sercom/sercom_interrupt.o
 *fill*         0x200000f1        0x3 
 .bss._sercom_interrupt_handlers
                0x200000f4       0x18 src/ASF/sam0/drivers/sercom/sercom_interrupt.o
 .bss._system_clock_inst
                0x2000010c       0x18 src/ASF/sam0/drivers/system/clock/clock_samd21_r21/clock.o
 .bss.heap.5097
                0x20000124        0x4 src/ASF/sam0/utils/syscalls/gcc/syscalls.o
 .bss.__malloc_sbrk_start
                0x20000128        0x4 c:/program files (x86)/atmel/atmel toolchain/arm gcc/native/4.8.1443/arm-gnu-toolchain/bin/../lib/gcc/arm-none-eabi/4.8.4/../../../../arm-none-eabi/lib/armv6-m\libc_s.a(lib_a-nano-mallocr.o)
                0x20000128                __malloc_sbrk_start
 .bss.__malloc_free_list
                0x2000012c        0x4 c:/program files (x86)/atmel/atmel toolchain/arm gcc/native/4.8.1443/arm-gnu-toolchain/bin/../lib/gcc/arm-none-eabi/4.8.4/../../../../arm-none-eabi/lib/armv6-m\libc_s.a(lib_a-nano-mallocr.o)
                0x2000012c                __malloc_free_list
 *(COMMON)
 COMMON         0x20000130       0x18 src/ASF/sam0/drivers/sercom/sercom_interrupt.o
                0x20000130                _sercom_instances
 COMMON         0x20000148        0x4 src/ASF/sam0/utils/stdio/read.o
                0x20000148                ptr_get
 COMMON         0x2000014c        0x8 src/ASF/sam0/utils/stdio/write.o
                0x2000014c                ptr_put
                0x20000150                stdio_base
 COMMON         0x20000154      0x120 src/unit_test.o
                0x20000154                usart_rx_module
                0x20000188                transfer_complete
                0x2000018c                cdc_uart_module
                0x200001c0                usart_tx_config
                0x20000200                usart_tx_module
                0x20000234                usart_rx_config
 COMMON         0x20000274        0x4 c:/program files (x86)/atmel/atmel toolchain/arm gcc/native/4.8.1443/arm-gnu-toolchain/bin/../lib/gcc/arm-none-eabi/4.8.4/../../../../arm-none-eabi/lib/armv6-m\libc_s.a(lib_a-reent.o)
                0x20000274                errno
                0x20000278                . = ALIGN (0x4)
                0x20000278                _ebss = .
                0x20000278                _ezero = .

.stack          0x20000278     0x2000 load address 0x00004d40
                0x20000278                . = ALIGN (0x8)
                0x20000278                _sstack = .
                0x20002278                . = (. + STACK_SIZE)
 *fill*         0x20000278     0x2000 
                0x20002278                . = ALIGN (0x8)
                0x20002278                _estack = .
                0x20002278                . = ALIGN (0x4)
                0x20002278                _end = .
OUTPUT(USART_UNIT_TEST2.elf elf32-littlearm)

.ARM.attributes
                0x00000000       0x28
 .ARM.attributes
                0x00000000       0x1e c:/program files (x86)/atmel/atmel toolchain/arm gcc/native/4.8.1443/arm-gnu-toolchain/bin/../lib/gcc/arm-none-eabi/4.8.4/armv6-m/crti.o
 .ARM.attributes
                0x0000001e       0x2c c:/program files (x86)/atmel/atmel toolchain/arm gcc/native/4.8.1443/arm-gnu-toolchain/bin/../lib/gcc/arm-none-eabi/4.8.4/armv6-m/crtbegin.o
 .ARM.attributes
                0x0000004a       0x32 src/ASF/common/utils/interrupt/interrupt_sam_nvic.o
 .ARM.attributes
                0x0000007c       0x32 src/ASF/common/utils/unit_test/suite.o
 .ARM.attributes
                0x000000ae       0x32 src/ASF/sam0/boards/samd21_xplained_pro/board_init.o
 .ARM.attributes
                0x000000e0       0x32 src/ASF/sam0/drivers/port/port.o
 .ARM.attributes
                0x00000112       0x32 src/ASF/sam0/drivers/sercom/sercom.o
 .ARM.attributes
                0x00000144       0x32 src/ASF/sam0/drivers/sercom/sercom_interrupt.o
 .ARM.attributes
                0x00000176       0x32 src/ASF/sam0/drivers/sercom/usart/usart.o
 .ARM.attributes
                0x000001a8       0x32 src/ASF/sam0/drivers/sercom/usart/usart_interrupt.o
 .ARM.attributes
                0x000001da       0x32 src/ASF/sam0/drivers/system/clock/clock_samd21_r21/clock.o
 .ARM.attributes
                0x0000020c       0x32 src/ASF/sam0/drivers/system/clock/clock_samd21_r21/gclk.o
 .ARM.attributes
                0x0000023e       0x32 src/ASF/sam0/drivers/system/pinmux/pinmux.o
 .ARM.attributes
                0x00000270       0x32 src/ASF/sam0/drivers/system/system.o
 .ARM.attributes
                0x000002a2       0x32 src/ASF/sam0/utils/cmsis/samd21/source/gcc/startup_samd21.o
 .ARM.attributes
                0x000002d4       0x32 src/ASF/sam0/utils/stdio/read.o
 .ARM.attributes
                0x00000306       0x32 src/ASF/sam0/utils/stdio/write.o
 .ARM.attributes
                0x00000338       0x32 src/ASF/sam0/utils/syscalls/gcc/syscalls.o
 .ARM.attributes
                0x0000036a       0x32 src/unit_test.o
 .ARM.attributes
                0x0000039c       0x1e c:/program files (x86)/atmel/atmel toolchain/arm gcc/native/4.8.1443/arm-gnu-toolchain/bin/../lib/gcc/arm-none-eabi/4.8.4/armv6-m\libgcc.a(_udivsi3.o)
 .ARM.attributes
                0x000003ba       0x1e c:/program files (x86)/atmel/atmel toolchain/arm gcc/native/4.8.1443/arm-gnu-toolchain/bin/../lib/gcc/arm-none-eabi/4.8.4/armv6-m\libgcc.a(_dvmd_tls.o)
 .ARM.attributes
                0x000003d8       0x2c c:/program files (x86)/atmel/atmel toolchain/arm gcc/native/4.8.1443/arm-gnu-toolchain/bin/../lib/gcc/arm-none-eabi/4.8.4/armv6-m\libgcc.a(_muldi3.o)
 .ARM.attributes
                0x00000404       0x2c c:/program files (x86)/atmel/atmel toolchain/arm gcc/native/4.8.1443/arm-gnu-toolchain/bin/../lib/gcc/arm-none-eabi/4.8.4/../../../../arm-none-eabi/lib/armv6-m\libc_s.a(lib_a-impure.o)
 .ARM.attributes
                0x00000430       0x2c c:/program files (x86)/atmel/atmel toolchain/arm gcc/native/4.8.1443/arm-gnu-toolchain/bin/../lib/gcc/arm-none-eabi/4.8.4/../../../../arm-none-eabi/lib/armv6-m\libc_s.a(lib_a-init.o)
 .ARM.attributes
                0x0000045c       0x2c c:/program files (x86)/atmel/atmel toolchain/arm gcc/native/4.8.1443/arm-gnu-toolchain/bin/../lib/gcc/arm-none-eabi/4.8.4/../../../../arm-none-eabi/lib/armv6-m\libc_s.a(lib_a-memcpy-stub.o)
 .ARM.attributes
                0x00000488       0x2c c:/program files (x86)/atmel/atmel toolchain/arm gcc/native/4.8.1443/arm-gnu-toolchain/bin/../lib/gcc/arm-none-eabi/4.8.4/../../../../arm-none-eabi/lib/armv6-m\libc_s.a(lib_a-memset.o)
 .ARM.attributes
                0x000004b4       0x2c c:/program files (x86)/atmel/atmel toolchain/arm gcc/native/4.8.1443/arm-gnu-toolchain/bin/../lib/gcc/arm-none-eabi/4.8.4/../../../../arm-none-eabi/lib/armv6-m\libc_s.a(lib_a-printf.o)
 .ARM.attributes
                0x000004e0       0x2c c:/program files (x86)/atmel/atmel toolchain/arm gcc/native/4.8.1443/arm-gnu-toolchain/bin/../lib/gcc/arm-none-eabi/4.8.4/../../../../arm-none-eabi/lib/armv6-m\libc_s.a(lib_a-puts.o)
 .ARM.attributes
                0x0000050c       0x2c c:/program files (x86)/atmel/atmel toolchain/arm gcc/native/4.8.1443/arm-gnu-toolchain/bin/../lib/gcc/arm-none-eabi/4.8.4/../../../../arm-none-eabi/lib/armv6-m\libc_s.a(lib_a-setbuf.o)
 .ARM.attributes
                0x00000538       0x1c c:/program files (x86)/atmel/atmel toolchain/arm gcc/native/4.8.1443/arm-gnu-toolchain/bin/../lib/gcc/arm-none-eabi/4.8.4/../../../../arm-none-eabi/lib/armv6-m\libc_s.a(lib_a-setjmp.o)
 .ARM.attributes
                0x00000554       0x2c c:/program files (x86)/atmel/atmel toolchain/arm gcc/native/4.8.1443/arm-gnu-toolchain/bin/../lib/gcc/arm-none-eabi/4.8.4/../../../../arm-none-eabi/lib/armv6-m\libc_s.a(lib_a-setvbuf.o)
 .ARM.attributes
                0x00000580       0x1c c:/program files (x86)/atmel/atmel toolchain/arm gcc/native/4.8.1443/arm-gnu-toolchain/bin/../lib/gcc/arm-none-eabi/4.8.4/../../../../arm-none-eabi/lib/armv6-m\libc_s.a(lib_a-strcmp.o)
 .ARM.attributes
                0x0000059c       0x2c c:/program files (x86)/atmel/atmel toolchain/arm gcc/native/4.8.1443/arm-gnu-toolchain/bin/../lib/gcc/arm-none-eabi/4.8.4/../../../../arm-none-eabi/lib/armv6-m\libc_s.a(lib_a-vfprintf.o)
 .ARM.attributes
                0x000005c8       0x2c c:/program files (x86)/atmel/atmel toolchain/arm gcc/native/4.8.1443/arm-gnu-toolchain/bin/../lib/gcc/arm-none-eabi/4.8.4/../../../../arm-none-eabi/lib/armv6-m\libc_s.a(lib_a-vfprintf_i.o)
 .ARM.attributes
                0x000005f4       0x2c c:/program files (x86)/atmel/atmel toolchain/arm gcc/native/4.8.1443/arm-gnu-toolchain/bin/../lib/gcc/arm-none-eabi/4.8.4/../../../../arm-none-eabi/lib/armv6-m\libc_s.a(lib_a-wbuf.o)
 .ARM.attributes
                0x00000620       0x2c c:/program files (x86)/atmel/atmel toolchain/arm gcc/native/4.8.1443/arm-gnu-toolchain/bin/../lib/gcc/arm-none-eabi/4.8.4/../../../../arm-none-eabi/lib/armv6-m\libc_s.a(lib_a-wsetup.o)
 .ARM.attributes
                0x0000064c       0x2c c:/program files (x86)/atmel/atmel toolchain/arm gcc/native/4.8.1443/arm-gnu-toolchain/bin/../lib/gcc/arm-none-eabi/4.8.4/../../../../arm-none-eabi/lib/armv6-m\libc_s.a(lib_a-fflush.o)
 .ARM.attributes
                0x00000678       0x2c c:/program files (x86)/atmel/atmel toolchain/arm gcc/native/4.8.1443/arm-gnu-toolchain/bin/../lib/gcc/arm-none-eabi/4.8.4/../../../../arm-none-eabi/lib/armv6-m\libc_s.a(lib_a-findfp.o)
 .ARM.attributes
                0x000006a4       0x2c c:/program files (x86)/atmel/atmel toolchain/arm gcc/native/4.8.1443/arm-gnu-toolchain/bin/../lib/gcc/arm-none-eabi/4.8.4/../../../../arm-none-eabi/lib/armv6-m\libc_s.a(lib_a-makebuf.o)
 .ARM.attributes
                0x000006d0       0x2c c:/program files (x86)/atmel/atmel toolchain/arm gcc/native/4.8.1443/arm-gnu-toolchain/bin/../lib/gcc/arm-none-eabi/4.8.4/../../../../arm-none-eabi/lib/armv6-m\libc_s.a(lib_a-malloc.o)
 .ARM.attributes
                0x000006fc       0x2c c:/program files (x86)/atmel/atmel toolchain/arm gcc/native/4.8.1443/arm-gnu-toolchain/bin/../lib/gcc/arm-none-eabi/4.8.4/../../../../arm-none-eabi/lib/armv6-m\libc_s.a(lib_a-memchr-stub.o)
 .ARM.attributes
                0x00000728       0x2c c:/program files (x86)/atmel/atmel toolchain/arm gcc/native/4.8.1443/arm-gnu-toolchain/bin/../lib/gcc/arm-none-eabi/4.8.4/../../../../arm-none-eabi/lib/armv6-m\libc_s.a(lib_a-nano-freer.o)
 .ARM.attributes
                0x00000754       0x2c c:/program files (x86)/atmel/atmel toolchain/arm gcc/native/4.8.1443/arm-gnu-toolchain/bin/../lib/gcc/arm-none-eabi/4.8.4/../../../../arm-none-eabi/lib/armv6-m\libc_s.a(lib_a-nano-mallocr.o)
 .ARM.attributes
                0x00000780       0x2c c:/program files (x86)/atmel/atmel toolchain/arm gcc/native/4.8.1443/arm-gnu-toolchain/bin/../lib/gcc/arm-none-eabi/4.8.4/../../../../arm-none-eabi/lib/armv6-m\libc_s.a(lib_a-sbrkr.o)
 .ARM.attributes
                0x000007ac       0x2c c:/program files (x86)/atmel/atmel toolchain/arm gcc/native/4.8.1443/arm-gnu-toolchain/bin/../lib/gcc/arm-none-eabi/4.8.4/../../../../arm-none-eabi/lib/armv6-m\libc_s.a(lib_a-stdio.o)
 .ARM.attributes
                0x000007d8       0x2c c:/program files (x86)/atmel/atmel toolchain/arm gcc/native/4.8.1443/arm-gnu-toolchain/bin/../lib/gcc/arm-none-eabi/4.8.4/../../../../arm-none-eabi/lib/armv6-m\libc_s.a(lib_a-strlen.o)
 .ARM.attributes
                0x00000804       0x2c c:/program files (x86)/atmel/atmel toolchain/arm gcc/native/4.8.1443/arm-gnu-toolchain/bin/../lib/gcc/arm-none-eabi/4.8.4/../../../../arm-none-eabi/lib/armv6-m\libc_s.a(lib_a-writer.o)
 .ARM.attributes
                0x00000830       0x2c c:/program files (x86)/atmel/atmel toolchain/arm gcc/native/4.8.1443/arm-gnu-toolchain/bin/../lib/gcc/arm-none-eabi/4.8.4/../../../../arm-none-eabi/lib/armv6-m\libc_s.a(lib_a-closer.o)
 .ARM.attributes
                0x0000085c       0x2c c:/program files (x86)/atmel/atmel toolchain/arm gcc/native/4.8.1443/arm-gnu-toolchain/bin/../lib/gcc/arm-none-eabi/4.8.4/../../../../arm-none-eabi/lib/armv6-m\libc_s.a(lib_a-fstatr.o)
 .ARM.attributes
                0x00000888       0x2c c:/program files (x86)/atmel/atmel toolchain/arm gcc/native/4.8.1443/arm-gnu-toolchain/bin/../lib/gcc/arm-none-eabi/4.8.4/../../../../arm-none-eabi/lib/armv6-m\libc_s.a(lib_a-isattyr.o)
 .ARM.attributes
                0x000008b4       0x2c c:/program files (x86)/atmel/atmel toolchain/arm gcc/native/4.8.1443/arm-gnu-toolchain/bin/../lib/gcc/arm-none-eabi/4.8.4/../../../../arm-none-eabi/lib/armv6-m\libc_s.a(lib_a-lseekr.o)
 .ARM.attributes
                0x000008e0       0x2c c:/program files (x86)/atmel/atmel toolchain/arm gcc/native/4.8.1443/arm-gnu-toolchain/bin/../lib/gcc/arm-none-eabi/4.8.4/../../../../arm-none-eabi/lib/armv6-m\libc_s.a(lib_a-readr.o)
 .ARM.attributes
                0x0000090c       0x2c c:/program files (x86)/atmel/atmel toolchain/arm gcc/native/4.8.1443/arm-gnu-toolchain/bin/../lib/gcc/arm-none-eabi/4.8.4/../../../../arm-none-eabi/lib/armv6-m\libc_s.a(lib_a-reent.o)
 .ARM.attributes
                0x00000938       0x1e c:/program files (x86)/atmel/atmel toolchain/arm gcc/native/4.8.1443/arm-gnu-toolchain/bin/../lib/gcc/arm-none-eabi/4.8.4/armv6-m/crtn.o

.comment        0x00000000       0x5b
 .comment       0x00000000       0x5b src/ASF/common/utils/interrupt/interrupt_sam_nvic.o
                                 0x5c (size before relaxing)
 .comment       0x00000000       0x5c src/ASF/common/utils/unit_test/suite.o
 .comment       0x00000000       0x5c src/ASF/sam0/boards/samd21_xplained_pro/board_init.o
 .comment       0x00000000       0x5c src/ASF/sam0/drivers/port/port.o
 .comment       0x00000000       0x5c src/ASF/sam0/drivers/sercom/sercom.o
 .comment       0x00000000       0x5c src/ASF/sam0/drivers/sercom/sercom_interrupt.o
 .comment       0x00000000       0x5c src/ASF/sam0/drivers/sercom/usart/usart.o
 .comment       0x00000000       0x5c src/ASF/sam0/drivers/sercom/usart/usart_interrupt.o
 .comment       0x00000000       0x5c src/ASF/sam0/drivers/system/clock/clock_samd21_r21/clock.o
 .comment       0x00000000       0x5c src/ASF/sam0/drivers/system/clock/clock_samd21_r21/gclk.o
 .comment       0x00000000       0x5c src/ASF/sam0/drivers/system/pinmux/pinmux.o
 .comment       0x00000000       0x5c src/ASF/sam0/drivers/system/system.o
 .comment       0x00000000       0x5c src/ASF/sam0/utils/cmsis/samd21/source/gcc/startup_samd21.o
 .comment       0x00000000       0x5c src/ASF/sam0/utils/stdio/read.o
 .comment       0x00000000       0x5c src/ASF/sam0/utils/stdio/write.o
 .comment       0x00000000       0x5c src/ASF/sam0/utils/syscalls/gcc/syscalls.o
 .comment       0x00000000       0x5c src/unit_test.o

.debug_info     0x00000000    0x1d512
 .debug_info    0x00000000      0x31a src/ASF/common/utils/interrupt/interrupt_sam_nvic.o
 .debug_info    0x0000031a      0xfdb src/ASF/common/utils/unit_test/suite.o
 .debug_info    0x000012f5      0xa2f src/ASF/sam0/boards/samd21_xplained_pro/board_init.o
 .debug_info    0x00001d24      0xb81 src/ASF/sam0/drivers/port/port.o
 .debug_info    0x000028a5     0x26f3 src/ASF/sam0/drivers/sercom/sercom.o
 .debug_info    0x00004f98     0x2463 src/ASF/sam0/drivers/sercom/sercom_interrupt.o
 .debug_info    0x000073fb     0x4f89 src/ASF/sam0/drivers/sercom/usart/usart.o
 .debug_info    0x0000c384     0x30fa src/ASF/sam0/drivers/sercom/usart/usart_interrupt.o
 .debug_info    0x0000f47e     0x2ee4 src/ASF/sam0/drivers/system/clock/clock_samd21_r21/clock.o
 .debug_info    0x00012362     0x16f0 src/ASF/sam0/drivers/system/clock/clock_samd21_r21/gclk.o
 .debug_info    0x00013a52      0xd4b src/ASF/sam0/drivers/system/pinmux/pinmux.o
 .debug_info    0x0001479d      0x200 src/ASF/sam0/drivers/system/system.o
 .debug_info    0x0001499d     0x35ae src/ASF/sam0/utils/cmsis/samd21/source/gcc/startup_samd21.o
 .debug_info    0x00017f4b      0x253 src/ASF/sam0/utils/stdio/read.o
 .debug_info    0x0001819e      0x250 src/ASF/sam0/utils/stdio/write.o
 .debug_info    0x000183ee      0x427 src/ASF/sam0/utils/syscalls/gcc/syscalls.o
 .debug_info    0x00018815     0x4cfd src/unit_test.o

.debug_abbrev   0x00000000     0x2db7
 .debug_abbrev  0x00000000      0x1bb src/ASF/common/utils/interrupt/interrupt_sam_nvic.o
 .debug_abbrev  0x000001bb      0x36c src/ASF/common/utils/unit_test/suite.o
 .debug_abbrev  0x00000527      0x2a0 src/ASF/sam0/boards/samd21_xplained_pro/board_init.o
 .debug_abbrev  0x000007c7      0x26c src/ASF/sam0/drivers/port/port.o
 .debug_abbrev  0x00000a33      0x36c src/ASF/sam0/drivers/sercom/sercom.o
 .debug_abbrev  0x00000d9f      0x2b3 src/ASF/sam0/drivers/sercom/sercom_interrupt.o
 .debug_abbrev  0x00001052      0x3e9 src/ASF/sam0/drivers/sercom/usart/usart.o
 .debug_abbrev  0x0000143b      0x34c src/ASF/sam0/drivers/sercom/usart/usart_interrupt.o
 .debug_abbrev  0x00001787      0x3f0 src/ASF/sam0/drivers/system/clock/clock_samd21_r21/clock.o
 .debug_abbrev  0x00001b77      0x371 src/ASF/sam0/drivers/system/clock/clock_samd21_r21/gclk.o
 .debug_abbrev  0x00001ee8      0x308 src/ASF/sam0/drivers/system/pinmux/pinmux.o
 .debug_abbrev  0x000021f0      0x11e src/ASF/sam0/drivers/system/system.o
 .debug_abbrev  0x0000230e      0x213 src/ASF/sam0/utils/cmsis/samd21/source/gcc/startup_samd21.o
 .debug_abbrev  0x00002521      0x154 src/ASF/sam0/utils/stdio/read.o
 .debug_abbrev  0x00002675      0x14a src/ASF/sam0/utils/stdio/write.o
 .debug_abbrev  0x000027bf      0x141 src/ASF/sam0/utils/syscalls/gcc/syscalls.o
 .debug_abbrev  0x00002900      0x4b7 src/unit_test.o

.debug_loc      0x00000000     0x6291
 .debug_loc     0x00000000       0x4a src/ASF/common/utils/interrupt/interrupt_sam_nvic.o
 .debug_loc     0x0000004a      0x419 src/ASF/common/utils/unit_test/suite.o
 .debug_loc     0x00000463       0x59 src/ASF/sam0/boards/samd21_xplained_pro/board_init.o
 .debug_loc     0x000004bc      0x21b src/ASF/sam0/drivers/port/port.o
 .debug_loc     0x000006d7      0x96b src/ASF/sam0/drivers/sercom/sercom.o
 .debug_loc     0x00001042      0x1b9 src/ASF/sam0/drivers/sercom/sercom_interrupt.o
 .debug_loc     0x000011fb     0x196c src/ASF/sam0/drivers/sercom/usart/usart.o
 .debug_loc     0x00002b67      0xb09 src/ASF/sam0/drivers/sercom/usart/usart_interrupt.o
 .debug_loc     0x00003670     0x1050 src/ASF/sam0/drivers/system/clock/clock_samd21_r21/clock.o
 .debug_loc     0x000046c0      0x579 src/ASF/sam0/drivers/system/clock/clock_samd21_r21/gclk.o
 .debug_loc     0x00004c39      0x5c7 src/ASF/sam0/drivers/system/pinmux/pinmux.o
 .debug_loc     0x00005200       0x20 src/ASF/sam0/drivers/system/system.o
 .debug_loc     0x00005220       0x7c src/ASF/sam0/utils/cmsis/samd21/source/gcc/startup_samd21.o
 .debug_loc     0x0000529c       0xfb src/ASF/sam0/utils/stdio/read.o
 .debug_loc     0x00005397      0x140 src/ASF/sam0/utils/stdio/write.o
 .debug_loc     0x000054d7      0x112 src/ASF/sam0/utils/syscalls/gcc/syscalls.o
 .debug_loc     0x000055e9      0xca8 src/unit_test.o

.debug_aranges  0x00000000      0x478
 .debug_aranges
                0x00000000       0x28 src/ASF/common/utils/interrupt/interrupt_sam_nvic.o
 .debug_aranges
                0x00000028       0x30 src/ASF/common/utils/unit_test/suite.o
 .debug_aranges
                0x00000058       0x20 src/ASF/sam0/boards/samd21_xplained_pro/board_init.o
 .debug_aranges
                0x00000078       0x28 src/ASF/sam0/drivers/port/port.o
 .debug_aranges
                0x000000a0       0x40 src/ASF/sam0/drivers/sercom/sercom.o
 .debug_aranges
                0x000000e0       0x60 src/ASF/sam0/drivers/sercom/sercom_interrupt.o
 .debug_aranges
                0x00000140       0x40 src/ASF/sam0/drivers/sercom/usart/usart.o
 .debug_aranges
                0x00000180       0x70 src/ASF/sam0/drivers/sercom/usart/usart_interrupt.o
 .debug_aranges
                0x000001f0       0x78 src/ASF/sam0/drivers/system/clock/clock_samd21_r21/clock.o
 .debug_aranges
                0x00000268       0x80 src/ASF/sam0/drivers/system/clock/clock_samd21_r21/gclk.o
 .debug_aranges
                0x000002e8       0x38 src/ASF/sam0/drivers/system/pinmux/pinmux.o
 .debug_aranges
                0x00000320       0x28 src/ASF/sam0/drivers/system/system.o
 .debug_aranges
                0x00000348       0x28 src/ASF/sam0/utils/cmsis/samd21/source/gcc/startup_samd21.o
 .debug_aranges
                0x00000370       0x20 src/ASF/sam0/utils/stdio/read.o
 .debug_aranges
                0x00000390       0x20 src/ASF/sam0/utils/stdio/write.o
 .debug_aranges
                0x000003b0       0x60 src/ASF/sam0/utils/syscalls/gcc/syscalls.o
 .debug_aranges
                0x00000410       0x68 src/unit_test.o

.debug_ranges   0x00000000      0x5a8
 .debug_ranges  0x00000000       0x18 src/ASF/common/utils/interrupt/interrupt_sam_nvic.o
 .debug_ranges  0x00000018       0x50 src/ASF/common/utils/unit_test/suite.o
 .debug_ranges  0x00000068       0x10 src/ASF/sam0/boards/samd21_xplained_pro/board_init.o
 .debug_ranges  0x00000078       0x18 src/ASF/sam0/drivers/port/port.o
 .debug_ranges  0x00000090       0x48 src/ASF/sam0/drivers/sercom/sercom.o
 .debug_ranges  0x000000d8       0x50 src/ASF/sam0/drivers/sercom/sercom_interrupt.o
 .debug_ranges  0x00000128      0x150 src/ASF/sam0/drivers/sercom/usart/usart.o
 .debug_ranges  0x00000278       0x60 src/ASF/sam0/drivers/sercom/usart/usart_interrupt.o
 .debug_ranges  0x000002d8       0x68 src/ASF/sam0/drivers/system/clock/clock_samd21_r21/clock.o
 .debug_ranges  0x00000340       0x70 src/ASF/sam0/drivers/system/clock/clock_samd21_r21/gclk.o
 .debug_ranges  0x000003b0       0x40 src/ASF/sam0/drivers/system/pinmux/pinmux.o
 .debug_ranges  0x000003f0       0x18 src/ASF/sam0/drivers/system/system.o
 .debug_ranges  0x00000408       0x18 src/ASF/sam0/utils/cmsis/samd21/source/gcc/startup_samd21.o
 .debug_ranges  0x00000420       0x10 src/ASF/sam0/utils/stdio/read.o
 .debug_ranges  0x00000430       0x10 src/ASF/sam0/utils/stdio/write.o
 .debug_ranges  0x00000440       0x50 src/ASF/sam0/utils/syscalls/gcc/syscalls.o
 .debug_ranges  0x00000490      0x118 src/unit_test.o

.debug_macro    0x00000000    0x198a8
 .debug_macro   0x00000000      0x483 src/ASF/common/utils/interrupt/interrupt_sam_nvic.o
 .debug_macro   0x00000483      0x83e src/ASF/common/utils/interrupt/interrupt_sam_nvic.o
 .debug_macro   0x00000cc1      0x166 src/ASF/common/utils/interrupt/interrupt_sam_nvic.o
 .debug_macro   0x00000e27      0x4d1 src/ASF/common/utils/interrupt/interrupt_sam_nvic.o
 .debug_macro   0x000012f8       0x16 src/ASF/common/utils/interrupt/interrupt_sam_nvic.o
 .debug_macro   0x0000130e       0x44 src/ASF/common/utils/interrupt/interrupt_sam_nvic.o
 .debug_macro   0x00001352      0x209 src/ASF/common/utils/interrupt/interrupt_sam_nvic.o
 .debug_macro   0x0000155b       0x10 src/ASF/common/utils/interrupt/interrupt_sam_nvic.o
 .debug_macro   0x0000156b       0x76 src/ASF/common/utils/interrupt/interrupt_sam_nvic.o
 .debug_macro   0x000015e1       0x16 src/ASF/common/utils/interrupt/interrupt_sam_nvic.o
 .debug_macro   0x000015f7      0x6e5 src/ASF/common/utils/interrupt/interrupt_sam_nvic.o
 .debug_macro   0x00001cdc      0xde2 src/ASF/common/utils/interrupt/interrupt_sam_nvic.o
 .debug_macro   0x00002abe       0x22 src/ASF/common/utils/interrupt/interrupt_sam_nvic.o
 .debug_macro   0x00002ae0       0x40 src/ASF/common/utils/interrupt/interrupt_sam_nvic.o
 .debug_macro   0x00002b20       0x3a src/ASF/common/utils/interrupt/interrupt_sam_nvic.o
 .debug_macro   0x00002b5a      0x24f src/ASF/common/utils/interrupt/interrupt_sam_nvic.o
 .debug_macro   0x00002da9      0x682 src/ASF/common/utils/interrupt/interrupt_sam_nvic.o
 .debug_macro   0x0000342b      0x8c1 src/ASF/common/utils/interrupt/interrupt_sam_nvic.o
 .debug_macro   0x00003cec      0x235 src/ASF/common/utils/interrupt/interrupt_sam_nvic.o
 .debug_macro   0x00003f21      0xd6d src/ASF/common/utils/interrupt/interrupt_sam_nvic.o
 .debug_macro   0x00004c8e      0x4ce src/ASF/common/utils/interrupt/interrupt_sam_nvic.o
 .debug_macro   0x0000515c      0x9fb src/ASF/common/utils/interrupt/interrupt_sam_nvic.o
 .debug_macro   0x00005b57      0x82e src/ASF/common/utils/interrupt/interrupt_sam_nvic.o
 .debug_macro   0x00006385      0x462 src/ASF/common/utils/interrupt/interrupt_sam_nvic.o
 .debug_macro   0x000067e7       0x5e src/ASF/common/utils/interrupt/interrupt_sam_nvic.o
 .debug_macro   0x00006845      0x907 src/ASF/common/utils/interrupt/interrupt_sam_nvic.o
 .debug_macro   0x0000714c      0x226 src/ASF/common/utils/interrupt/interrupt_sam_nvic.o
 .debug_macro   0x00007372      0x913 src/ASF/common/utils/interrupt/interrupt_sam_nvic.o
 .debug_macro   0x00007c85       0x5e src/ASF/common/utils/interrupt/interrupt_sam_nvic.o
 .debug_macro   0x00007ce3      0x636 src/ASF/common/utils/interrupt/interrupt_sam_nvic.o
 .debug_macro   0x00008319      0x3b8 src/ASF/common/utils/interrupt/interrupt_sam_nvic.o
 .debug_macro   0x000086d1      0xc55 src/ASF/common/utils/interrupt/interrupt_sam_nvic.o
 .debug_macro   0x00009326     0x1093 src/ASF/common/utils/interrupt/interrupt_sam_nvic.o
 .debug_macro   0x0000a3b9      0xc4a src/ASF/common/utils/interrupt/interrupt_sam_nvic.o
 .debug_macro   0x0000b003      0x6c2 src/ASF/common/utils/interrupt/interrupt_sam_nvic.o
 .debug_macro   0x0000b6c5     0x1b4e src/ASF/common/utils/interrupt/interrupt_sam_nvic.o
 .debug_macro   0x0000d213     0x144d src/ASF/common/utils/interrupt/interrupt_sam_nvic.o
 .debug_macro   0x0000e660      0x351 src/ASF/common/utils/interrupt/interrupt_sam_nvic.o
 .debug_macro   0x0000e9b1       0x7c src/ASF/common/utils/interrupt/interrupt_sam_nvic.o
 .debug_macro   0x0000ea2d       0xa0 src/ASF/common/utils/interrupt/interrupt_sam_nvic.o
 .debug_macro   0x0000eacd       0x4c src/ASF/common/utils/interrupt/interrupt_sam_nvic.o
 .debug_macro   0x0000eb19       0xca src/ASF/common/utils/interrupt/interrupt_sam_nvic.o
 .debug_macro   0x0000ebe3       0x94 src/ASF/common/utils/interrupt/interrupt_sam_nvic.o
 .debug_macro   0x0000ec77       0x58 src/ASF/common/utils/interrupt/interrupt_sam_nvic.o
 .debug_macro   0x0000eccf      0x367 src/ASF/common/utils/interrupt/interrupt_sam_nvic.o
 .debug_macro   0x0000f036       0x82 src/ASF/common/utils/interrupt/interrupt_sam_nvic.o
 .debug_macro   0x0000f0b8      0x19a src/ASF/common/utils/interrupt/interrupt_sam_nvic.o
 .debug_macro   0x0000f252       0xb8 src/ASF/common/utils/interrupt/interrupt_sam_nvic.o
 .debug_macro   0x0000f30a       0xa0 src/ASF/common/utils/interrupt/interrupt_sam_nvic.o
 .debug_macro   0x0000f3aa       0xb8 src/ASF/common/utils/interrupt/interrupt_sam_nvic.o
 .debug_macro   0x0000f462       0x1c src/ASF/common/utils/interrupt/interrupt_sam_nvic.o
 .debug_macro   0x0000f47e       0x1c src/ASF/common/utils/interrupt/interrupt_sam_nvic.o
 .debug_macro   0x0000f49a       0x1c src/ASF/common/utils/interrupt/interrupt_sam_nvic.o
 .debug_macro   0x0000f4b6       0x7c src/ASF/common/utils/interrupt/interrupt_sam_nvic.o
 .debug_macro   0x0000f532      0x164 src/ASF/common/utils/interrupt/interrupt_sam_nvic.o
 .debug_macro   0x0000f696       0xdc src/ASF/common/utils/interrupt/interrupt_sam_nvic.o
 .debug_macro   0x0000f772      0x132 src/ASF/common/utils/interrupt/interrupt_sam_nvic.o
 .debug_macro   0x0000f8a4      0x132 src/ASF/common/utils/interrupt/interrupt_sam_nvic.o
 .debug_macro   0x0000f9d6      0x132 src/ASF/common/utils/interrupt/interrupt_sam_nvic.o
 .debug_macro   0x0000fb08      0x132 src/ASF/common/utils/interrupt/interrupt_sam_nvic.o
 .debug_macro   0x0000fc3a      0x132 src/ASF/common/utils/interrupt/interrupt_sam_nvic.o
 .debug_macro   0x0000fd6c      0x132 src/ASF/common/utils/interrupt/interrupt_sam_nvic.o
 .debug_macro   0x0000fe9e      0x11e src/ASF/common/utils/interrupt/interrupt_sam_nvic.o
 .debug_macro   0x0000ffbc       0xe2 src/ASF/common/utils/interrupt/interrupt_sam_nvic.o
 .debug_macro   0x0001009e       0xe2 src/ASF/common/utils/interrupt/interrupt_sam_nvic.o
 .debug_macro   0x00010180       0xe2 src/ASF/common/utils/interrupt/interrupt_sam_nvic.o
 .debug_macro   0x00010262       0xe2 src/ASF/common/utils/interrupt/interrupt_sam_nvic.o
 .debug_macro   0x00010344       0xe2 src/ASF/common/utils/interrupt/interrupt_sam_nvic.o
 .debug_macro   0x00010426      0x12f src/ASF/common/utils/interrupt/interrupt_sam_nvic.o
 .debug_macro   0x00010555      0x100 src/ASF/common/utils/interrupt/interrupt_sam_nvic.o
 .debug_macro   0x00010655       0xf4 src/ASF/common/utils/interrupt/interrupt_sam_nvic.o
 .debug_macro   0x00010749      0x40f src/ASF/common/utils/interrupt/interrupt_sam_nvic.o
 .debug_macro   0x00010b58       0x40 src/ASF/common/utils/interrupt/interrupt_sam_nvic.o
 .debug_macro   0x00010b98      0x37d src/ASF/common/utils/interrupt/interrupt_sam_nvic.o
 .debug_macro   0x00010f15     0x1e5c src/ASF/common/utils/interrupt/interrupt_sam_nvic.o
 .debug_macro   0x00012d71       0x51 src/ASF/common/utils/interrupt/interrupt_sam_nvic.o
 .debug_macro   0x00012dc2       0x58 src/ASF/common/utils/interrupt/interrupt_sam_nvic.o
 .debug_macro   0x00012e1a       0x35 src/ASF/common/utils/interrupt/interrupt_sam_nvic.o
 .debug_macro   0x00012e4f       0xa3 src/ASF/common/utils/interrupt/interrupt_sam_nvic.o
 .debug_macro   0x00012ef2       0x16 src/ASF/common/utils/interrupt/interrupt_sam_nvic.o
 .debug_macro   0x00012f08       0x35 src/ASF/common/utils/interrupt/interrupt_sam_nvic.o
 .debug_macro   0x00012f3d       0x10 src/ASF/common/utils/interrupt/interrupt_sam_nvic.o
 .debug_macro   0x00012f4d       0x52 src/ASF/common/utils/interrupt/interrupt_sam_nvic.o
 .debug_macro   0x00012f9f       0x16 src/ASF/common/utils/interrupt/interrupt_sam_nvic.o
 .debug_macro   0x00012fb5       0x43 src/ASF/common/utils/interrupt/interrupt_sam_nvic.o
 .debug_macro   0x00012ff8      0x180 src/ASF/common/utils/interrupt/interrupt_sam_nvic.o
 .debug_macro   0x00013178       0x10 src/ASF/common/utils/interrupt/interrupt_sam_nvic.o
 .debug_macro   0x00013188       0x22 src/ASF/common/utils/interrupt/interrupt_sam_nvic.o
 .debug_macro   0x000131aa       0xbd src/ASF/common/utils/interrupt/interrupt_sam_nvic.o
 .debug_macro   0x00013267       0x16 src/ASF/common/utils/interrupt/interrupt_sam_nvic.o
 .debug_macro   0x0001327d      0x16c src/ASF/common/utils/interrupt/interrupt_sam_nvic.o
 .debug_macro   0x000133e9       0x16 src/ASF/common/utils/interrupt/interrupt_sam_nvic.o
 .debug_macro   0x000133ff       0x16 src/ASF/common/utils/interrupt/interrupt_sam_nvic.o
 .debug_macro   0x00013415       0x29 src/ASF/common/utils/interrupt/interrupt_sam_nvic.o
 .debug_macro   0x0001343e       0x3c src/ASF/common/utils/interrupt/interrupt_sam_nvic.o
 .debug_macro   0x0001347a       0x5f src/ASF/common/utils/interrupt/interrupt_sam_nvic.o
 .debug_macro   0x000134d9       0x12 src/ASF/common/utils/interrupt/interrupt_sam_nvic.o
 .debug_macro   0x000134eb      0x3df src/ASF/common/utils/interrupt/interrupt_sam_nvic.o
 .debug_macro   0x000138ca       0x3f src/ASF/common/utils/interrupt/interrupt_sam_nvic.o
 .debug_macro   0x00013909      0x49a src/ASF/common/utils/unit_test/suite.o
 .debug_macro   0x00013da3       0x45 src/ASF/common/utils/unit_test/suite.o
 .debug_macro   0x00013de8       0x52 src/ASF/common/utils/unit_test/suite.o
 .debug_macro   0x00013e3a      0x4b5 src/ASF/sam0/boards/samd21_xplained_pro/board_init.o
 .debug_macro   0x000142ef      0x248 src/ASF/sam0/boards/samd21_xplained_pro/board_init.o
 .debug_macro   0x00014537      0x9f7 src/ASF/sam0/boards/samd21_xplained_pro/board_init.o
 .debug_macro   0x00014f2e       0x11 src/ASF/sam0/boards/samd21_xplained_pro/board_init.o
 .debug_macro   0x00014f3f       0x12 src/ASF/sam0/boards/samd21_xplained_pro/board_init.o
 .debug_macro   0x00014f51      0x493 src/ASF/sam0/drivers/port/port.o
 .debug_macro   0x000153e4      0x507 src/ASF/sam0/drivers/sercom/sercom.o
 .debug_macro   0x000158eb       0x11 src/ASF/sam0/drivers/sercom/sercom.o
 .debug_macro   0x000158fc       0x2e src/ASF/sam0/drivers/sercom/sercom.o
 .debug_macro   0x0001592a       0xb2 src/ASF/sam0/drivers/sercom/sercom.o
 .debug_macro   0x000159dc       0x10 src/ASF/sam0/drivers/sercom/sercom.o
 .debug_macro   0x000159ec      0x504 src/ASF/sam0/drivers/sercom/sercom_interrupt.o
 .debug_macro   0x00015ef0      0x518 src/ASF/sam0/drivers/sercom/usart/usart.o
 .debug_macro   0x00016408       0x51 src/ASF/sam0/drivers/sercom/usart/usart.o
 .debug_macro   0x00016459      0x518 src/ASF/sam0/drivers/sercom/usart/usart_interrupt.o
 .debug_macro   0x00016971      0x4eb src/ASF/sam0/drivers/system/clock/clock_samd21_r21/clock.o
 .debug_macro   0x00016e5c      0x26c src/ASF/sam0/drivers/system/clock/clock_samd21_r21/clock.o
 .debug_macro   0x000170c8      0x4af src/ASF/sam0/drivers/system/clock/clock_samd21_r21/gclk.o
 .debug_macro   0x00017577      0x48b src/ASF/sam0/drivers/system/pinmux/pinmux.o
 .debug_macro   0x00017a02      0x4bd src/ASF/sam0/drivers/system/system.o
 .debug_macro   0x00017ebf      0x2d7 src/ASF/sam0/utils/cmsis/samd21/source/gcc/startup_samd21.o
 .debug_macro   0x00018196       0x3a src/ASF/sam0/utils/cmsis/samd21/source/gcc/startup_samd21.o
 .debug_macro   0x000181d0      0x479 src/ASF/sam0/utils/stdio/read.o
 .debug_macro   0x00018649      0x479 src/ASF/sam0/utils/stdio/write.o
 .debug_macro   0x00018ac2      0x129 src/ASF/sam0/utils/syscalls/gcc/syscalls.o
 .debug_macro   0x00018beb       0x97 src/ASF/sam0/utils/syscalls/gcc/syscalls.o
 .debug_macro   0x00018c82       0xef src/ASF/sam0/utils/syscalls/gcc/syscalls.o
 .debug_macro   0x00018d71       0x4a src/ASF/sam0/utils/syscalls/gcc/syscalls.o
 .debug_macro   0x00018dbb       0x16 src/ASF/sam0/utils/syscalls/gcc/syscalls.o
 .debug_macro   0x00018dd1       0x10 src/ASF/sam0/utils/syscalls/gcc/syscalls.o
 .debug_macro   0x00018de1       0x41 src/ASF/sam0/utils/syscalls/gcc/syscalls.o
 .debug_macro   0x00018e22      0x120 src/ASF/sam0/utils/syscalls/gcc/syscalls.o
 .debug_macro   0x00018f42      0x5be src/unit_test.o
 .debug_macro   0x00019500       0x57 src/unit_test.o
 .debug_macro   0x00019557      0x2a6 src/unit_test.o
 .debug_macro   0x000197fd       0x10 src/unit_test.o
 .debug_macro   0x0001980d       0x1f src/unit_test.o
 .debug_macro   0x0001982c       0x7c src/unit_test.o

.debug_line     0x00000000     0xaffc
 .debug_line    0x00000000      0x8b3 src/ASF/common/utils/interrupt/interrupt_sam_nvic.o
 .debug_line    0x000008b3      0x910 src/ASF/common/utils/unit_test/suite.o
 .debug_line    0x000011c3      0x93e src/ASF/sam0/boards/samd21_xplained_pro/board_init.o
 .debug_line    0x00001b01      0x91f src/ASF/sam0/drivers/port/port.o
 .debug_line    0x00002420      0xb93 src/ASF/sam0/drivers/sercom/sercom.o
 .debug_line    0x00002fb3      0xb47 src/ASF/sam0/drivers/sercom/sercom_interrupt.o
 .debug_line    0x00003afa      0xf29 src/ASF/sam0/drivers/sercom/usart/usart.o
 .debug_line    0x00004a23      0xe55 src/ASF/sam0/drivers/sercom/usart/usart_interrupt.o
 .debug_line    0x00005878      0xc24 src/ASF/sam0/drivers/system/clock/clock_samd21_r21/clock.o
 .debug_line    0x0000649c      0xc8d src/ASF/sam0/drivers/system/clock/clock_samd21_r21/gclk.o
 .debug_line    0x00007129      0x964 src/ASF/sam0/drivers/system/pinmux/pinmux.o
 .debug_line    0x00007a8d      0x9ae src/ASF/sam0/drivers/system/system.o
 .debug_line    0x0000843b      0x669 src/ASF/sam0/utils/cmsis/samd21/source/gcc/startup_samd21.o
 .debug_line    0x00008aa4      0x873 src/ASF/sam0/utils/stdio/read.o
 .debug_line    0x00009317      0x869 src/ASF/sam0/utils/stdio/write.o
 .debug_line    0x00009b80      0x39d src/ASF/sam0/utils/syscalls/gcc/syscalls.o
 .debug_line    0x00009f1d     0x10df src/unit_test.o

.debug_str      0x00000000    0x8a98c
 .debug_str     0x00000000    0x7e472 src/ASF/common/utils/interrupt/interrupt_sam_nvic.o
                              0x7ecc3 (size before relaxing)
 .debug_str     0x0007e472      0x54a src/ASF/common/utils/unit_test/suite.o
                              0x7f21b (size before relaxing)
 .debug_str     0x0007e9bc     0x3b60 src/ASF/sam0/boards/samd21_xplained_pro/board_init.o
                              0x827c6 (size before relaxing)
 .debug_str     0x0008251c      0x165 src/ASF/sam0/drivers/port/port.o
                              0x7f08d (size before relaxing)
 .debug_str     0x00082681     0x15c9 src/ASF/sam0/drivers/sercom/sercom.o
                              0x80330 (size before relaxing)
 .debug_str     0x00083c4a      0x59a src/ASF/sam0/drivers/sercom/sercom_interrupt.o
                              0x801db (size before relaxing)
 .debug_str     0x000841e4      0xf1a src/ASF/sam0/drivers/sercom/usart/usart.o
                              0x80ff1 (size before relaxing)
 .debug_str     0x000850fe      0x198 src/ASF/sam0/drivers/sercom/usart/usart_interrupt.o
                              0x802df (size before relaxing)
 .debug_str     0x00085296     0x265c src/ASF/sam0/drivers/system/clock/clock_samd21_r21/clock.o
                              0x81c20 (size before relaxing)
 .debug_str     0x000878f2      0x2d2 src/ASF/sam0/drivers/system/clock/clock_samd21_r21/gclk.o
                              0x7f912 (size before relaxing)
 .debug_str     0x00087bc4      0x130 src/ASF/sam0/drivers/system/pinmux/pinmux.o
                              0x7f0ba (size before relaxing)
 .debug_str     0x00087cf4       0x3b src/ASF/sam0/drivers/system/system.o
                              0x7ed0f (size before relaxing)
 .debug_str     0x00087d2f      0xefa src/ASF/sam0/utils/cmsis/samd21/source/gcc/startup_samd21.o
                              0x6d7d2 (size before relaxing)
 .debug_str     0x00088c29       0x3d src/ASF/sam0/utils/stdio/read.o
                              0x7ec37 (size before relaxing)
 .debug_str     0x00088c66       0x2c src/ASF/sam0/utils/stdio/write.o
                              0x7ec39 (size before relaxing)
 .debug_str     0x00088c92      0x654 src/ASF/sam0/utils/syscalls/gcc/syscalls.o
                               0x4e7f (size before relaxing)
 .debug_str     0x000892e6     0x16a6 src/unit_test.o
                              0x8603c (size before relaxing)

.debug_frame    0x00000000     0x133c
 .debug_frame   0x00000000       0x3c src/ASF/common/utils/interrupt/interrupt_sam_nvic.o
 .debug_frame   0x0000003c       0x78 src/ASF/common/utils/unit_test/suite.o
 .debug_frame   0x000000b4       0x30 src/ASF/sam0/boards/samd21_xplained_pro/board_init.o
 .debug_frame   0x000000e4       0x50 src/ASF/sam0/drivers/port/port.o
 .debug_frame   0x00000134       0xac src/ASF/sam0/drivers/sercom/sercom.o
 .debug_frame   0x000001e0       0xf8 src/ASF/sam0/drivers/sercom/sercom_interrupt.o
 .debug_frame   0x000002d8       0xe4 src/ASF/sam0/drivers/sercom/usart/usart.o
 .debug_frame   0x000003bc      0x170 src/ASF/sam0/drivers/sercom/usart/usart_interrupt.o
 .debug_frame   0x0000052c      0x168 src/ASF/sam0/drivers/system/clock/clock_samd21_r21/clock.o
 .debug_frame   0x00000694      0x158 src/ASF/sam0/drivers/system/clock/clock_samd21_r21/gclk.o
 .debug_frame   0x000007ec       0x98 src/ASF/sam0/drivers/system/pinmux/pinmux.o
 .debug_frame   0x00000884       0x38 src/ASF/sam0/drivers/system/system.o
 .debug_frame   0x000008bc       0x3c src/ASF/sam0/utils/cmsis/samd21/source/gcc/startup_samd21.o
 .debug_frame   0x000008f8       0x34 src/ASF/sam0/utils/stdio/read.o
 .debug_frame   0x0000092c       0x34 src/ASF/sam0/utils/stdio/write.o
 .debug_frame   0x00000960       0xa8 src/ASF/sam0/utils/syscalls/gcc/syscalls.o
 .debug_frame   0x00000a08      0x158 src/unit_test.o
 .debug_frame   0x00000b60       0x20 c:/program files (x86)/atmel/atmel toolchain/arm gcc/native/4.8.1443/arm-gnu-toolchain/bin/../lib/gcc/arm-none-eabi/4.8.4/armv6-m\libgcc.a(_udivsi3.o)
 .debug_frame   0x00000b80       0x30 c:/program files (x86)/atmel/atmel toolchain/arm gcc/native/4.8.1443/arm-gnu-toolchain/bin/../lib/gcc/arm-none-eabi/4.8.4/armv6-m\libgcc.a(_muldi3.o)
 .debug_frame   0x00000bb0       0x2c c:/program files (x86)/atmel/atmel toolchain/arm gcc/native/4.8.1443/arm-gnu-toolchain/bin/../lib/gcc/arm-none-eabi/4.8.4/../../../../arm-none-eabi/lib/armv6-m\libc_s.a(lib_a-init.o)
 .debug_frame   0x00000bdc       0x28 c:/program files (x86)/atmel/atmel toolchain/arm gcc/native/4.8.1443/arm-gnu-toolchain/bin/../lib/gcc/arm-none-eabi/4.8.4/../../../../arm-none-eabi/lib/armv6-m\libc_s.a(lib_a-memcpy-stub.o)
 .debug_frame   0x00000c04       0x20 c:/program files (x86)/atmel/atmel toolchain/arm gcc/native/4.8.1443/arm-gnu-toolchain/bin/../lib/gcc/arm-none-eabi/4.8.4/../../../../arm-none-eabi/lib/armv6-m\libc_s.a(lib_a-memset.o)
 .debug_frame   0x00000c24       0x50 c:/program files (x86)/atmel/atmel toolchain/arm gcc/native/4.8.1443/arm-gnu-toolchain/bin/../lib/gcc/arm-none-eabi/4.8.4/../../../../arm-none-eabi/lib/armv6-m\libc_s.a(lib_a-printf.o)
 .debug_frame   0x00000c74       0x44 c:/program files (x86)/atmel/atmel toolchain/arm gcc/native/4.8.1443/arm-gnu-toolchain/bin/../lib/gcc/arm-none-eabi/4.8.4/../../../../arm-none-eabi/lib/armv6-m\libc_s.a(lib_a-puts.o)
 .debug_frame   0x00000cb8       0x28 c:/program files (x86)/atmel/atmel toolchain/arm gcc/native/4.8.1443/arm-gnu-toolchain/bin/../lib/gcc/arm-none-eabi/4.8.4/../../../../arm-none-eabi/lib/armv6-m\libc_s.a(lib_a-setbuf.o)
 .debug_frame   0x00000ce0       0x34 c:/program files (x86)/atmel/atmel toolchain/arm gcc/native/4.8.1443/arm-gnu-toolchain/bin/../lib/gcc/arm-none-eabi/4.8.4/../../../../arm-none-eabi/lib/armv6-m\libc_s.a(lib_a-setvbuf.o)
 .debug_frame   0x00000d14       0xa0 c:/program files (x86)/atmel/atmel toolchain/arm gcc/native/4.8.1443/arm-gnu-toolchain/bin/../lib/gcc/arm-none-eabi/4.8.4/../../../../arm-none-eabi/lib/armv6-m\libc_s.a(lib_a-vfprintf.o)
 .debug_frame   0x00000db4       0x54 c:/program files (x86)/atmel/atmel toolchain/arm gcc/native/4.8.1443/arm-gnu-toolchain/bin/../lib/gcc/arm-none-eabi/4.8.4/../../../../arm-none-eabi/lib/armv6-m\libc_s.a(lib_a-vfprintf_i.o)
 .debug_frame   0x00000e08       0x44 c:/program files (x86)/atmel/atmel toolchain/arm gcc/native/4.8.1443/arm-gnu-toolchain/bin/../lib/gcc/arm-none-eabi/4.8.4/../../../../arm-none-eabi/lib/armv6-m\libc_s.a(lib_a-wbuf.o)
 .debug_frame   0x00000e4c       0x2c c:/program files (x86)/atmel/atmel toolchain/arm gcc/native/4.8.1443/arm-gnu-toolchain/bin/../lib/gcc/arm-none-eabi/4.8.4/../../../../arm-none-eabi/lib/armv6-m\libc_s.a(lib_a-wsetup.o)
 .debug_frame   0x00000e78       0x68 c:/program files (x86)/atmel/atmel toolchain/arm gcc/native/4.8.1443/arm-gnu-toolchain/bin/../lib/gcc/arm-none-eabi/4.8.4/../../../../arm-none-eabi/lib/armv6-m\libc_s.a(lib_a-fflush.o)
 .debug_frame   0x00000ee0      0x148 c:/program files (x86)/atmel/atmel toolchain/arm gcc/native/4.8.1443/arm-gnu-toolchain/bin/../lib/gcc/arm-none-eabi/4.8.4/../../../../arm-none-eabi/lib/armv6-m\libc_s.a(lib_a-findfp.o)
 .debug_frame   0x00001028       0x30 c:/program files (x86)/atmel/atmel toolchain/arm gcc/native/4.8.1443/arm-gnu-toolchain/bin/../lib/gcc/arm-none-eabi/4.8.4/../../../../arm-none-eabi/lib/armv6-m\libc_s.a(lib_a-makebuf.o)
 .debug_frame   0x00001058       0x40 c:/program files (x86)/atmel/atmel toolchain/arm gcc/native/4.8.1443/arm-gnu-toolchain/bin/../lib/gcc/arm-none-eabi/4.8.4/../../../../arm-none-eabi/lib/armv6-m\libc_s.a(lib_a-malloc.o)
 .debug_frame   0x00001098       0x20 c:/program files (x86)/atmel/atmel toolchain/arm gcc/native/4.8.1443/arm-gnu-toolchain/bin/../lib/gcc/arm-none-eabi/4.8.4/../../../../arm-none-eabi/lib/armv6-m\libc_s.a(lib_a-memchr-stub.o)
 .debug_frame   0x000010b8       0x2c c:/program files (x86)/atmel/atmel toolchain/arm gcc/native/4.8.1443/arm-gnu-toolchain/bin/../lib/gcc/arm-none-eabi/4.8.4/../../../../arm-none-eabi/lib/armv6-m\libc_s.a(lib_a-nano-freer.o)
 .debug_frame   0x000010e4       0x2c c:/program files (x86)/atmel/atmel toolchain/arm gcc/native/4.8.1443/arm-gnu-toolchain/bin/../lib/gcc/arm-none-eabi/4.8.4/../../../../arm-none-eabi/lib/armv6-m\libc_s.a(lib_a-nano-mallocr.o)
 .debug_frame   0x00001110       0x2c c:/program files (x86)/atmel/atmel toolchain/arm gcc/native/4.8.1443/arm-gnu-toolchain/bin/../lib/gcc/arm-none-eabi/4.8.4/../../../../arm-none-eabi/lib/armv6-m\libc_s.a(lib_a-sbrkr.o)
 .debug_frame   0x0000113c       0x90 c:/program files (x86)/atmel/atmel toolchain/arm gcc/native/4.8.1443/arm-gnu-toolchain/bin/../lib/gcc/arm-none-eabi/4.8.4/../../../../arm-none-eabi/lib/armv6-m\libc_s.a(lib_a-stdio.o)
 .debug_frame   0x000011cc       0x20 c:/program files (x86)/atmel/atmel toolchain/arm gcc/native/4.8.1443/arm-gnu-toolchain/bin/../lib/gcc/arm-none-eabi/4.8.4/../../../../arm-none-eabi/lib/armv6-m\libc_s.a(lib_a-strlen.o)
 .debug_frame   0x000011ec       0x2c c:/program files (x86)/atmel/atmel toolchain/arm gcc/native/4.8.1443/arm-gnu-toolchain/bin/../lib/gcc/arm-none-eabi/4.8.4/../../../../arm-none-eabi/lib/armv6-m\libc_s.a(lib_a-writer.o)
 .debug_frame   0x00001218       0x2c c:/program files (x86)/atmel/atmel toolchain/arm gcc/native/4.8.1443/arm-gnu-toolchain/bin/../lib/gcc/arm-none-eabi/4.8.4/../../../../arm-none-eabi/lib/armv6-m\libc_s.a(lib_a-closer.o)
 .debug_frame   0x00001244       0x2c c:/program files (x86)/atmel/atmel toolchain/arm gcc/native/4.8.1443/arm-gnu-toolchain/bin/../lib/gcc/arm-none-eabi/4.8.4/../../../../arm-none-eabi/lib/armv6-m\libc_s.a(lib_a-fstatr.o)
 .debug_frame   0x00001270       0x2c c:/program files (x86)/atmel/atmel toolchain/arm gcc/native/4.8.1443/arm-gnu-toolchain/bin/../lib/gcc/arm-none-eabi/4.8.4/../../../../arm-none-eabi/lib/armv6-m\libc_s.a(lib_a-isattyr.o)
 .debug_frame   0x0000129c       0x2c c:/program files (x86)/atmel/atmel toolchain/arm gcc/native/4.8.1443/arm-gnu-toolchain/bin/../lib/gcc/arm-none-eabi/4.8.4/../../../../arm-none-eabi/lib/armv6-m\libc_s.a(lib_a-lseekr.o)
 .debug_frame   0x000012c8       0x2c c:/program files (x86)/atmel/atmel toolchain/arm gcc/native/4.8.1443/arm-gnu-toolchain/bin/../lib/gcc/arm-none-eabi/4.8.4/../../../../arm-none-eabi/lib/armv6-m\libc_s.a(lib_a-readr.o)
 .debug_frame   0x000012f4       0x48 c:/program files (x86)/atmel/atmel toolchain/arm gcc/native/4.8.1443/arm-gnu-toolchain/bin/../lib/gcc/arm-none-eabi/4.8.4/../../../../arm-none-eabi/lib/armv6-m\libc_s.a(lib_a-reent.o)

Cross Reference Table

Symbol                                            File
AC_Handler                                        src/ASF/sam0/utils/cmsis/samd21/source/gcc/startup_samd21.o
ADC_Handler                                       src/ASF/sam0/utils/cmsis/samd21/source/gcc/startup_samd21.o
DAC_Handler                                       src/ASF/sam0/utils/cmsis/samd21/source/gcc/startup_samd21.o
DMAC_Handler                                      src/ASF/sam0/utils/cmsis/samd21/source/gcc/startup_samd21.o
Dummy_Handler                                     src/ASF/sam0/utils/cmsis/samd21/source/gcc/startup_samd21.o
EIC_Handler                                       src/ASF/sam0/utils/cmsis/samd21/source/gcc/startup_samd21.o
EVSYS_Handler                                     src/ASF/sam0/utils/cmsis/samd21/source/gcc/startup_samd21.o
HardFault_Handler                                 src/ASF/sam0/utils/cmsis/samd21/source/gcc/startup_samd21.o
I2S_Handler                                       src/ASF/sam0/utils/cmsis/samd21/source/gcc/startup_samd21.o
NMI_Handler                                       src/ASF/sam0/utils/cmsis/samd21/source/gcc/startup_samd21.o
NVMCTRL_Handler                                   src/ASF/sam0/utils/cmsis/samd21/source/gcc/startup_samd21.o
PM_Handler                                        src/ASF/sam0/utils/cmsis/samd21/source/gcc/startup_samd21.o
PTC_Handler                                       src/ASF/sam0/utils/cmsis/samd21/source/gcc/startup_samd21.o
PendSV_Handler                                    src/ASF/sam0/utils/cmsis/samd21/source/gcc/startup_samd21.o
RTC_Handler                                       src/ASF/sam0/utils/cmsis/samd21/source/gcc/startup_samd21.o
Reset_Handler                                     src/ASF/sam0/utils/cmsis/samd21/source/gcc/startup_samd21.o
SERCOM0_Handler                                   src/ASF/sam0/drivers/sercom/sercom_interrupt.o
SERCOM1_Handler                                   src/ASF/sam0/drivers/sercom/sercom_interrupt.o
SERCOM2_Handler                                   src/ASF/sam0/drivers/sercom/sercom_interrupt.o
SERCOM3_Handler                                   src/ASF/sam0/drivers/sercom/sercom_interrupt.o
SERCOM4_Handler                                   src/ASF/sam0/drivers/sercom/sercom_interrupt.o
SERCOM5_Handler                                   src/ASF/sam0/drivers/sercom/sercom_interrupt.o
SVC_Handler                                       src/ASF/sam0/utils/cmsis/samd21/source/gcc/startup_samd21.o
SYSCTRL_Handler                                   src/ASF/sam0/utils/cmsis/samd21/source/gcc/startup_samd21.o
SysTick_Handler                                   src/ASF/sam0/utils/cmsis/samd21/source/gcc/startup_samd21.o
SystemCoreClock                                   src/ASF/sam0/utils/cmsis/samd21/source/system_samd21.o
SystemCoreClockUpdate                             src/ASF/sam0/utils/cmsis/samd21/source/system_samd21.o
SystemInit                                        src/ASF/sam0/utils/cmsis/samd21/source/system_samd21.o
TC3_Handler                                       src/ASF/sam0/utils/cmsis/samd21/source/gcc/startup_samd21.o
TC4_Handler                                       src/ASF/sam0/utils/cmsis/samd21/source/gcc/startup_samd21.o
TC5_Handler                                       src/ASF/sam0/utils/cmsis/samd21/source/gcc/startup_samd21.o
TC6_Handler                                       src/ASF/sam0/utils/cmsis/samd21/source/gcc/startup_samd21.o
TC7_Handler                                       src/ASF/sam0/utils/cmsis/samd21/source/gcc/startup_samd21.o
TCC0_Handler                                      src/ASF/sam0/utils/cmsis/samd21/source/gcc/startup_samd21.o
TCC1_Handler                                      src/ASF/sam0/utils/cmsis/samd21/source/gcc/startup_samd21.o
TCC2_Handler                                      src/ASF/sam0/utils/cmsis/samd21/source/gcc/startup_samd21.o
USB_Handler                                       src/ASF/sam0/utils/cmsis/samd21/source/gcc/startup_samd21.o
WDT_Handler                                       src/ASF/sam0/utils/cmsis/samd21/source/gcc/startup_samd21.o
_Jv_RegisterClasses                               c:/program files (x86)/atmel/atmel toolchain/arm gcc/native/4.8.1443/arm-gnu-toolchain/bin/../lib/gcc/arm-none-eabi/4.8.4/armv6-m/crtbegin.o
__aeabi_idiv                                      c:/program files (x86)/atmel/atmel toolchain/arm gcc/native/4.8.1443/arm-gnu-toolchain/bin/../lib/gcc/arm-none-eabi/4.8.4/armv6-m\libgcc.a(_divsi3.o)
                                                  c:/program files (x86)/atmel/atmel toolchain/arm gcc/native/4.8.1443/arm-gnu-toolchain/bin/../lib/gcc/arm-none-eabi/4.8.4/../../../../arm-none-eabi/lib/armv6-m\libc_s.a(lib_a-fvwrite.o)
__aeabi_idiv0                                     c:/program files (x86)/atmel/atmel toolchain/arm gcc/native/4.8.1443/arm-gnu-toolchain/bin/../lib/gcc/arm-none-eabi/4.8.4/armv6-m\libgcc.a(_dvmd_tls.o)
                                                  c:/program files (x86)/atmel/atmel toolchain/arm gcc/native/4.8.1443/arm-gnu-toolchain/bin/../lib/gcc/arm-none-eabi/4.8.4/armv6-m\libgcc.a(_divsi3.o)
                                                  c:/program files (x86)/atmel/atmel toolchain/arm gcc/native/4.8.1443/arm-gnu-toolchain/bin/../lib/gcc/arm-none-eabi/4.8.4/armv6-m\libgcc.a(_udivsi3.o)
__aeabi_idivmod                                   c:/program files (x86)/atmel/atmel toolchain/arm gcc/native/4.8.1443/arm-gnu-toolchain/bin/../lib/gcc/arm-none-eabi/4.8.4/armv6-m\libgcc.a(_divsi3.o)
__aeabi_ldiv0                                     c:/program files (x86)/atmel/atmel toolchain/arm gcc/native/4.8.1443/arm-gnu-toolchain/bin/../lib/gcc/arm-none-eabi/4.8.4/armv6-m\libgcc.a(_dvmd_tls.o)
__aeabi_lmul                                      c:/program files (x86)/atmel/atmel toolchain/arm gcc/native/4.8.1443/arm-gnu-toolchain/bin/../lib/gcc/arm-none-eabi/4.8.4/armv6-m\libgcc.a(_muldi3.o)
                                                  src/ASF/sam0/drivers/sercom/sercom.o
__aeabi_uidiv                                     c:/program files (x86)/atmel/atmel toolchain/arm gcc/native/4.8.1443/arm-gnu-toolchain/bin/../lib/gcc/arm-none-eabi/4.8.4/armv6-m\libgcc.a(_udivsi3.o)
                                                  c:/program files (x86)/atmel/atmel toolchain/arm gcc/native/4.8.1443/arm-gnu-toolchain/bin/../lib/gcc/arm-none-eabi/4.8.4/../../../../arm-none-eabi/lib/armv6-m\libc_s.a(lib_a-vfprintf_i.o)
                                                  src/ASF/sam0/drivers/system/clock/clock_samd21_r21/gclk.o
                                                  src/ASF/sam0/drivers/system/clock/clock_samd21_r21/clock.o
__aeabi_uidivmod                                  c:/program files (x86)/atmel/atmel toolchain/arm gcc/native/4.8.1443/arm-gnu-toolchain/bin/../lib/gcc/arm-none-eabi/4.8.4/armv6-m\libgcc.a(_udivsi3.o)
                                                  c:/program files (x86)/atmel/atmel toolchain/arm gcc/native/4.8.1443/arm-gnu-toolchain/bin/../lib/gcc/arm-none-eabi/4.8.4/../../../../arm-none-eabi/lib/armv6-m\libc_s.a(lib_a-vfprintf_i.o)
__bss_end__                                       c:/program files (x86)/atmel/atmel toolchain/arm gcc/native/4.8.1443/arm-gnu-toolchain/bin/../lib/gcc/arm-none-eabi/4.8.4/../../../../arm-none-eabi/lib/armv6-m/crt0.o
__bss_start__                                     c:/program files (x86)/atmel/atmel toolchain/arm gcc/native/4.8.1443/arm-gnu-toolchain/bin/../lib/gcc/arm-none-eabi/4.8.4/../../../../arm-none-eabi/lib/armv6-m/crt0.o
__call_exitprocs                                  c:/program files (x86)/atmel/atmel toolchain/arm gcc/native/4.8.1443/arm-gnu-toolchain/bin/../lib/gcc/arm-none-eabi/4.8.4/../../../../arm-none-eabi/lib/armv6-m\libc_s.a(lib_a-exit.o)