Archive member included because of file (symbol)

c:/program files (x86)/atmel/atmel toolchain/arm gcc/native/4.8.1443/arm-gnu-toolchain/bin/../lib/gcc/arm-none-eabi/4.8.4/armv6-m\libgcc.a(_udivsi3.o)
                              src/ASF/sam0/drivers/system/clock/clock_samd21_r21/clock.o (__aeabi_uidiv)
c:/program files (x86)/atmel/atmel toolchain/arm gcc/native/4.8.1443/arm-gnu-toolchain/bin/../lib/gcc/arm-none-eabi/4.8.4/armv6-m\libgcc.a(_dvmd_tls.o)
                              c:/program files (x86)/atmel/atmel toolchain/arm gcc/native/4.8.1443/arm-gnu-toolchain/bin/../lib/gcc/arm-none-eabi/4.8.4/armv6-m\libgcc.a(_udivsi3.o) (__aeabi_idiv0)
c:/program files (x86)/atmel/atmel toolchain/arm gcc/native/4.8.1443/arm-gnu-toolchain/bin/../lib/gcc/arm-none-eabi/4.8.4/armv6-m\libgcc.a(_muldi3.o)
                              src/ASF/sam0/drivers/sercom/sercom.o (__aeabi_lmul)
c:/program files (x86)/atmel/atmel toolchain/arm gcc/native/4.8.1443/arm-gnu-toolchain/bin/../lib/gcc/arm-none-eabi/4.8.4/../../../../arm-none-eabi/lib/armv6-m\libc_s.a(lib_a-exit.o)
                              c:/program files (x86)/atmel/atmel toolchain/arm gcc/native/4.8.1443/arm-gnu-toolchain/bin/../lib/gcc/arm-none-eabi/4.8.4/../../../../arm-none-eabi/lib/armv6-m/crt0.o (exit)
c:/program files (x86)/atmel/atmel toolchain/arm gcc/native/4.8.1443/arm-gnu-toolchain/bin/../lib/gcc/arm-none-eabi/4.8.4/../../../../arm-none-eabi/lib/armv6-m\libc_s.a(lib_a-impure.o)
                              c:/program files (x86)/atmel/atmel toolchain/arm gcc/native/4.8.1443/arm-gnu-toolchain/bin/../lib/gcc/arm-none-eabi/4.8.4/../../../../arm-none-eabi/lib/armv6-m\libc_s.a(lib_a-exit.o) (_global_impure_ptr)
c:/program files (x86)/atmel/atmel toolchain/arm gcc/native/4.8.1443/arm-gnu-toolchain/bin/../lib/gcc/arm-none-eabi/4.8.4/../../../../arm-none-eabi/lib/armv6-m\libc_s.a(lib_a-init.o)
                              c:/program files (x86)/atmel/atmel toolchain/arm gcc/native/4.8.1443/arm-gnu-toolchain/bin/../lib/gcc/arm-none-eabi/4.8.4/../../../../arm-none-eabi/lib/armv6-m/crt0.o (__libc_init_array)
c:/program files (x86)/atmel/atmel toolchain/arm gcc/native/4.8.1443/arm-gnu-toolchain/bin/../lib/gcc/arm-none-eabi/4.8.4/../../../../arm-none-eabi/lib/armv6-m\libc_s.a(lib_a-memset.o)
                              c:/program files (x86)/atmel/atmel toolchain/arm gcc/native/4.8.1443/arm-gnu-toolchain/bin/../lib/gcc/arm-none-eabi/4.8.4/../../../../arm-none-eabi/lib/armv6-m/crt0.o (memset)
c:/program files (x86)/atmel/atmel toolchain/arm gcc/native/4.8.1443/arm-gnu-toolchain/bin/../lib/gcc/arm-none-eabi/4.8.4/../../../../arm-none-eabi/lib/armv6-m\libc_s.a(lib_a-printf.o)
                              src/ASF/sam0/utils/syscalls/gcc/syscalls.o (printf)
c:/program files (x86)/atmel/atmel toolchain/arm gcc/native/4.8.1443/arm-gnu-toolchain/bin/../lib/gcc/arm-none-eabi/4.8.4/../../../../arm-none-eabi/lib/armv6-m\libc_s.a(lib_a-vfprintf.o)
                              c:/program files (x86)/atmel/atmel toolchain/arm gcc/native/4.8.1443/arm-gnu-toolchain/bin/../lib/gcc/arm-none-eabi/4.8.4/../../../../arm-none-eabi/lib/armv6-m\libc_s.a(lib_a-printf.o) (_vfprintf_r)
c:/program files (x86)/atmel/atmel toolchain/arm gcc/native/4.8.1443/arm-gnu-toolchain/bin/../lib/gcc/arm-none-eabi/4.8.4/../../../../arm-none-eabi/lib/armv6-m\libc_s.a(lib_a-vfprintf_i.o)
                              c:/program files (x86)/atmel/atmel toolchain/arm gcc/native/4.8.1443/arm-gnu-toolchain/bin/../lib/gcc/arm-none-eabi/4.8.4/../../../../arm-none-eabi/lib/armv6-m\libc_s.a(lib_a-vfprintf.o) (_printf_i)
c:/program files (x86)/atmel/atmel toolchain/arm gcc/native/4.8.1443/arm-gnu-toolchain/bin/../lib/gcc/arm-none-eabi/4.8.4/../../../../arm-none-eabi/lib/armv6-m\libc_s.a(lib_a-wbuf.o)
                              c:/program files (x86)/atmel/atmel toolchain/arm gcc/native/4.8.1443/arm-gnu-toolchain/bin/../lib/gcc/arm-none-eabi/4.8.4/../../../../arm-none-eabi/lib/armv6-m\libc_s.a(lib_a-vfprintf.o) (__swbuf_r)
c:/program files (x86)/atmel/atmel toolchain/arm gcc/native/4.8.1443/arm-gnu-toolchain/bin/../lib/gcc/arm-none-eabi/4.8.4/../../../../arm-none-eabi/lib/armv6-m\libc_s.a(lib_a-wsetup.o)
                              c:/program files (x86)/atmel/atmel toolchain/arm gcc/native/4.8.1443/arm-gnu-toolchain/bin/../lib/gcc/arm-none-eabi/4.8.4/../../../../arm-none-eabi/lib/armv6-m\libc_s.a(lib_a-vfprintf.o) (__swsetup_r)
c:/program files (x86)/atmel/atmel toolchain/arm gcc/native/4.8.1443/arm-gnu-toolchain/bin/../lib/gcc/arm-none-eabi/4.8.4/../../../../arm-none-eabi/lib/armv6-m\libc_s.a(lib_a-fflush.o)
                              c:/program files (x86)/atmel/atmel toolchain/arm gcc/native/4.8.1443/arm-gnu-toolchain/bin/../lib/gcc/arm-none-eabi/4.8.4/../../../../arm-none-eabi/lib/armv6-m\libc_s.a(lib_a-wbuf.o) (_fflush_r)
[...]
Memory Configuration

Name             Origin             Length             Attributes
rom              0x00000000         0x00040000         xr
ram              0x20000000         0x00008000         xrw
*default*        0x00000000         0xffffffff

Linker script and memory map

LOAD c:/program files (x86)/atmel/atmel toolchain/arm gcc/native/4.8.1443/arm-gnu-toolchain/bin/../lib/gcc/arm-none-eabi/4.8.4/armv6-m/crti.o
LOAD c:/program files (x86)/atmel/atmel toolchain/arm gcc/native/4.8.1443/arm-gnu-toolchain/bin/../lib/gcc/arm-none-eabi/4.8.4/armv6-m/crtbegin.o
LOAD c:/program files (x86)/atmel/atmel toolchain/arm gcc/native/4.8.1443/arm-gnu-toolchain/bin/../lib/gcc/arm-none-eabi/4.8.4/../../../../arm-none-eabi/lib/armv6-m/crt0.o
LOAD src/ASF/common/utils/interrupt/interrupt_sam_nvic.o
LOAD src/ASF/sam0/boards/samd21_xplained_pro/board_init.o
LOAD src/ASF/sam0/drivers/port/port.o
LOAD src/ASF/sam0/drivers/sercom/sercom.o
LOAD src/ASF/sam0/drivers/sercom/usart/usart.o
LOAD src/ASF/sam0/drivers/system/clock/clock_samd21_r21/clock.o
LOAD src/ASF/sam0/drivers/system/clock/clock_samd21_r21/gclk.o
LOAD src/ASF/sam0/drivers/system/interrupt/system_interrupt.o
LOAD src/ASF/sam0/drivers/system/pinmux/pinmux.o
LOAD src/ASF/sam0/drivers/system/system.o
LOAD src/ASF/sam0/utils/cmsis/samd21/source/gcc/startup_samd21.o
LOAD src/ASF/sam0/utils/cmsis/samd21/source/system_samd21.o
LOAD src/ASF/sam0/utils/syscalls/gcc/syscalls.o
LOAD src/qs_usart_basic_use.o
START GROUP
LOAD ../src/ASF/thirdparty/CMSIS/Lib/GCC\libarm_cortexM0l_math.a
LOAD c:/program files (x86)/atmel/atmel toolchain/arm gcc/native/4.8.1443/arm-gnu-toolchain/bin/../lib/gcc/arm-none-eabi/4.8.4/../../../../arm-none-eabi/lib/armv6-m\libm.a
END GROUP
START GROUP
LOAD c:/program files (x86)/atmel/atmel toolchain/arm gcc/native/4.8.1443/arm-gnu-toolchain/bin/../lib/gcc/arm-none-eabi/4.8.4/armv6-m\libgcc.a
LOAD c:/program files (x86)/atmel/atmel toolchain/arm gcc/native/4.8.1443/arm-gnu-toolchain/bin/../lib/gcc/arm-none-eabi/4.8.4/../../../../arm-none-eabi/lib/armv6-m\libc_s.a
END GROUP
START GROUP
LOAD c:/program files (x86)/atmel/atmel toolchain/arm gcc/native/4.8.1443/arm-gnu-toolchain/bin/../lib/gcc/arm-none-eabi/4.8.4/armv6-m\libgcc.a
LOAD c:/program files (x86)/atmel/atmel toolchain/arm gcc/native/4.8.1443/arm-gnu-toolchain/bin/../lib/gcc/arm-none-eabi/4.8.4/../../../../arm-none-eabi/lib/armv6-m\libc_s.a
END GROUP
LOAD c:/program files (x86)/atmel/atmel toolchain/arm gcc/native/4.8.1443/arm-gnu-toolchain/bin/../lib/gcc/arm-none-eabi/4.8.4/armv6-m/crtend.o
LOAD c:/program files (x86)/atmel/atmel toolchain/arm gcc/native/4.8.1443/arm-gnu-toolchain/bin/../lib/gcc/arm-none-eabi/4.8.4/armv6-m/crtn.o
                0x00002000                STACK_SIZE = DEFINED (STACK_SIZE)?STACK_SIZE:DEFINED (__stack_size__)?__stack_size__:0x2000

.text           0x00000000     0x128c
                0x00000000                . = ALIGN (0x4)
                0x00000000                _sfixed = .
 *(.vectors .vectors.*)
 .vectors       0x00000000       0xb0 src/ASF/sam0/utils/cmsis/samd21/source/gcc/startup_samd21.o
                0x00000000                exception_table
 *(.text .text.* .gnu.linkonce.t.*)
 .text          0x000000b0       0x60 c:/program files (x86)/atmel/atmel toolchain/arm gcc/native/4.8.1443/arm-gnu-toolchain/bin/../lib/gcc/arm-none-eabi/4.8.4/armv6-m/crtbegin.o
 .text.cpu_irq_enter_critical
                0x00000110       0x40 src/ASF/common/utils/interrupt/interrupt_sam_nvic.o
                0x00000110                cpu_irq_enter_critical
 .text.cpu_irq_leave_critical
                0x00000150       0x30 src/ASF/common/utils/interrupt/interrupt_sam_nvic.o
                0x00000150                cpu_irq_leave_critical
 .text.system_board_init
                0x00000180       0x38 src/ASF/sam0/boards/samd21_xplained_pro/board_init.o
                0x00000180                board_init
                0x00000180                system_board_init
 .text.port_pin_set_config
                0x000001b8       0x24 src/ASF/sam0/drivers/port/port.o
                0x000001b8                port_pin_set_config
 .text._sercom_get_sync_baud_val
                0x000001dc       0x28 src/ASF/sam0/drivers/sercom/sercom.o
                0x000001dc                _sercom_get_sync_baud_val
 *fill*         0x00000204        0x4 
 .text._sercom_get_async_baud_val
                0x00000208      0x1b0 src/ASF/sam0/drivers/sercom/sercom.o
                0x00000208                _sercom_get_async_baud_val
 .text.sercom_set_gclk_generator
                0x000003b8       0x50 src/ASF/sam0/drivers/sercom/sercom.o
                0x000003b8                sercom_set_gclk_generator
 .text._sercom_get_default_pad
                0x00000408      0x188 src/ASF/sam0/drivers/sercom/sercom.o
                0x00000408                _sercom_get_default_pad
 .text._sercom_get_sercom_inst_index
                0x00000590       0x3c src/ASF/sam0/drivers/sercom/sercom.o
                0x00000590                _sercom_get_sercom_inst_index
 .text.usart_init
                0x000005cc      0x2c0 src/ASF/sam0/drivers/sercom/usart/usart.o
                0x000005cc                usart_init
 .text.usart_write_wait
                0x0000088c       0x28 src/ASF/sam0/drivers/sercom/usart/usart.o
                0x0000088c                usart_write_wait
 .text.usart_read_wait
                0x000008b4       0x70 src/ASF/sam0/drivers/sercom/usart/usart.o
                0x000008b4                usart_read_wait
 .text.usart_write_buffer_wait
                0x00000924       0xbc src/ASF/sam0/drivers/sercom/usart/usart.o
                0x00000924                usart_write_buffer_wait
 .text.system_clock_source_get_hz
                0x000009e0       0x90 src/ASF/sam0/drivers/system/clock/clock_samd21_r21/clock.o
                0x000009e0                system_clock_source_get_hz
 .text.system_clock_source_osc8m_set_config
                0x00000a70       0x3c src/ASF/sam0/drivers/system/clock/clock_samd21_r21/clock.o
                0x00000a70                system_clock_source_osc8m_set_config
 .text.system_clock_source_enable
                0x00000aac       0xa0 src/ASF/sam0/drivers/system/clock/clock_samd21_r21/clock.o
                0x00000aac                system_clock_source_enable
 .text.system_clock_init
                0x00000b4c       0x78 src/ASF/sam0/drivers/system/clock/clock_samd21_r21/clock.o
                0x00000b4c                system_clock_init
 .text.system_gclk_init
                0x00000bc4       0x24 src/ASF/sam0/drivers/system/clock/clock_samd21_r21/gclk.o
                0x00000bc4                system_gclk_init
 .text.system_gclk_gen_set_config
                0x00000be8       0xb4 src/ASF/sam0/drivers/system/clock/clock_samd21_r21/gclk.o
                0x00000be8                system_gclk_gen_set_config
 .text.system_gclk_gen_enable
                0x00000c9c       0x44 src/ASF/sam0/drivers/system/clock/clock_samd21_r21/gclk.o
                0x00000c9c                system_gclk_gen_enable
 .text.system_gclk_gen_get_hz
                0x00000ce0       0x8c src/ASF/sam0/drivers/system/clock/clock_samd21_r21/gclk.o
                0x00000ce0                system_gclk_gen_get_hz
 .text.system_gclk_chan_enable
                0x00000d6c       0x30 src/ASF/sam0/drivers/system/clock/clock_samd21_r21/gclk.o
                0x00000d6c                system_gclk_chan_enable
 .text.system_gclk_chan_disable
                0x00000d9c       0x5c src/ASF/sam0/drivers/system/clock/clock_samd21_r21/gclk.o
                0x00000d9c                system_gclk_chan_disable
 .text.system_gclk_chan_set_config
                0x00000df8       0x1c src/ASF/sam0/drivers/system/clock/clock_samd21_r21/gclk.o
                0x00000df8                system_gclk_chan_set_config
 .text.system_gclk_chan_get_hz
                0x00000e14       0x34 src/ASF/sam0/drivers/system/clock/clock_samd21_r21/gclk.o
                0x00000e14                system_gclk_chan_get_hz
 .text._system_pinmux_config
                0x00000e48       0x8c src/ASF/sam0/drivers/system/pinmux/pinmux.o
 .text.system_pinmux_pin_set_config
                0x00000ed4       0x2c src/ASF/sam0/drivers/system/pinmux/pinmux.o
                0x00000ed4                system_pinmux_pin_set_config
 .text._system_dummy_init
                0x00000f00        0x4 src/ASF/sam0/drivers/system/system.o
                0x00000f00                _system_events_init
                0x00000f00                _system_dummy_init
                0x00000f00                _system_extint_init
 .text.system_init
                0x00000f04       0x24 src/ASF/sam0/drivers/system/system.o
                0x00000f04                system_init
 .text.Dummy_Handler
                0x00000f28        0x4 src/ASF/sam0/utils/cmsis/samd21/source/gcc/startup_samd21.o
                0x00000f28                DMAC_Handler
                0x00000f28                HardFault_Handler
                0x00000f28                AC_Handler
                0x00000f28                SysTick_Handler
                0x00000f28                PendSV_Handler
                0x00000f28                NMI_Handler
                0x00000f28                TC7_Handler
                0x00000f28                SERCOM1_Handler
                0x00000f28                ADC_Handler
                0x00000f28                TCC1_Handler
                0x00000f28                SERCOM2_Handler
                0x00000f28                TCC0_Handler
                0x00000f28                RTC_Handler
                0x00000f28                EIC_Handler
                0x00000f28                TC6_Handler
                0x00000f28                WDT_Handler
                0x00000f28                TC4_Handler
                0x00000f28                USB_Handler
                0x00000f28                TC3_Handler
                0x00000f28                Dummy_Handler
                0x00000f28                PM_Handler
                0x00000f28                SERCOM5_Handler
                0x00000f28                SVC_Handler
                0x00000f28                TCC2_Handler
                0x00000f28                EVSYS_Handler
                0x00000f28                SERCOM3_Handler
                0x00000f28                SERCOM4_Handler
                0x00000f28                I2S_Handler
                0x00000f28                NVMCTRL_Handler
                0x00000f28                SERCOM0_Handler
                0x00000f28                DAC_Handler
                0x00000f28                PTC_Handler
                0x00000f28                TC5_Handler
                0x00000f28                SYSCTRL_Handler
 .text.Reset_Handler
                0x00000f2c       0x90 src/ASF/sam0/utils/cmsis/samd21/source/gcc/startup_samd21.o
                0x00000f2c                Reset_Handler
 .text.configure_usart
                0x00000fbc       0xa4 src/qs_usart_basic_use.o
                0x00000fbc                configure_usart
 .text.main     0x00001060       0x6c src/qs_usart_basic_use.o
                0x00001060                main
 .text          0x000010cc       0x9c c:/program files (x86)/atmel/atmel toolchain/arm gcc/native/4.8.1443/arm-gnu-toolchain/bin/../lib/gcc/arm-none-eabi/4.8.4/armv6-m\libgcc.a(_udivsi3.o)
                0x000010cc                __aeabi_uidiv
                0x000010cc                __udivsi3
                0x00001154                __aeabi_uidivmod
 .text          0x00001168        0x4 c:/program files (x86)/atmel/atmel toolchain/arm gcc/native/4.8.1443/arm-gnu-toolchain/bin/../lib/gcc/arm-none-eabi/4.8.4/armv6-m\libgcc.a(_dvmd_tls.o)
                0x00001168                __aeabi_idiv0
                0x00001168                __aeabi_ldiv0
 .text          0x0000116c       0x44 c:/program files (x86)/atmel/atmel toolchain/arm gcc/native/4.8.1443/arm-gnu-toolchain/bin/../lib/gcc/arm-none-eabi/4.8.4/armv6-m\libgcc.a(_muldi3.o)
                0x0000116c                __muldi3
                0x0000116c                __aeabi_lmul
 .text.__libc_init_array
                0x000011b0       0x4c c:/program files (x86)/atmel/atmel toolchain/arm gcc/native/4.8.1443/arm-gnu-toolchain/bin/../lib/gcc/arm-none-eabi/4.8.4/../../../../arm-none-eabi/lib/armv6-m\libc_s.a(lib_a-init.o)
                0x000011b0                __libc_init_array
 *(.glue_7t)
 .glue_7t       0x00000000        0x0 linker stubs
 *(.glue_7)
 .glue_7        0x00000000        0x0 linker stubs
 *(.rodata .rodata* .gnu.linkonce.r.*)
 .rodata        0x000011fc       0x18 src/ASF/sam0/drivers/sercom/sercom.o
 .rodata.system_clock_source_get_hz
                0x00001214       0x24 src/ASF/sam0/drivers/system/clock/clock_samd21_r21/clock.o
 .rodata.system_clock_source_enable
                0x00001238       0x24 src/ASF/sam0/drivers/system/clock/clock_samd21_r21/clock.o
 .rodata.str1.4
                0x0000125c       0x10 src/qs_usart_basic_use.o
 *(.ARM.extab* .gnu.linkonce.armextab.*)
                0x0000126c                . = ALIGN (0x4)
 *(.init)
 .init          0x0000126c        0x4 c:/program files (x86)/atmel/atmel toolchain/arm gcc/native/4.8.1443/arm-gnu-toolchain/bin/../lib/gcc/arm-none-eabi/4.8.4/armv6-m/crti.o
                0x0000126c                _init
 .init          0x00001270        0x8 c:/program files (x86)/atmel/atmel toolchain/arm gcc/native/4.8.1443/arm-gnu-toolchain/bin/../lib/gcc/arm-none-eabi/4.8.4/armv6-m/crtn.o
                0x00001278                . = ALIGN (0x4)
                0x00001278                __preinit_array_start = .
 *(.preinit_array)
                0x00001278                __preinit_array_end = .
                0x00001278                . = ALIGN (0x4)
                0x00001278                __init_array_start = .
 *(SORT(.init_array.*))
 *(.init_array)
 .init_array    0x00001278        0x4 c:/program files (x86)/atmel/atmel toolchain/arm gcc/native/4.8.1443/arm-gnu-toolchain/bin/../lib/gcc/arm-none-eabi/4.8.4/armv6-m/crtbegin.o
                0x0000127c                __init_array_end = .
                0x0000127c                . = ALIGN (0x4)
 *crtbegin.o(.ctors)
 *(EXCLUDE_FILE(*crtend.o) .ctors)
 *(SORT(.ctors.*))
 *crtend.o(.ctors)
                0x0000127c                . = ALIGN (0x4)
 *(.fini)
 .fini          0x0000127c        0x4 c:/program files (x86)/atmel/atmel toolchain/arm gcc/native/4.8.1443/arm-gnu-toolchain/bin/../lib/gcc/arm-none-eabi/4.8.4/armv6-m/crti.o
                0x0000127c                _fini
 .fini          0x00001280        0x8 c:/program files (x86)/atmel/atmel toolchain/arm gcc/native/4.8.1443/arm-gnu-toolchain/bin/../lib/gcc/arm-none-eabi/4.8.4/armv6-m/crtn.o
                0x00001288                . = ALIGN (0x4)
                0x00001288                __fini_array_start = .
 *(.fini_array)
 .fini_array    0x00001288        0x4 c:/program files (x86)/atmel/atmel toolchain/arm gcc/native/4.8.1443/arm-gnu-toolchain/bin/../lib/gcc/arm-none-eabi/4.8.4/armv6-m/crtbegin.o
 *(SORT(.fini_array.*))
                0x0000128c                __fini_array_end = .
 *crtbegin.o(.dtors)
 *(EXCLUDE_FILE(*crtend.o) .dtors)
 *(SORT(.dtors.*))
 *crtend.o(.dtors)
                0x0000128c                . = ALIGN (0x4)
                0x0000128c                _efixed = .
                0x0000128c                PROVIDE (__exidx_start, .)

.vfp11_veneer   0x0000128c        0x0
 .vfp11_veneer  0x00000000        0x0 linker stubs

.v4_bx          0x0000128c        0x0
 .v4_bx         0x00000000        0x0 linker stubs

.iplt           0x0000128c        0x0
 .iplt          0x00000000        0x0 c:/program files (x86)/atmel/atmel toolchain/arm gcc/native/4.8.1443/arm-gnu-toolchain/bin/../lib/gcc/arm-none-eabi/4.8.4/armv6-m/crtbegin.o

.eh_frame       0x0000128c        0x0
 .eh_frame      0x0000128c        0x0 c:/program files (x86)/atmel/atmel toolchain/arm gcc/native/4.8.1443/arm-gnu-toolchain/bin/../lib/gcc/arm-none-eabi/4.8.4/armv6-m/crtbegin.o

.rel.dyn        0x0000128c        0x0
 .rel.iplt      0x00000000        0x0 c:/program files (x86)/atmel/atmel toolchain/arm gcc/native/4.8.1443/arm-gnu-toolchain/bin/../lib/gcc/arm-none-eabi/4.8.4/armv6-m/crtbegin.o

.jcr            0x0000128c        0x0
 .jcr           0x0000128c        0x0 c:/program files (x86)/atmel/atmel toolchain/arm gcc/native/4.8.1443/arm-gnu-toolchain/bin/../lib/gcc/arm-none-eabi/4.8.4/armv6-m/crtbegin.o

.igot.plt       0x0000128c        0x0
 .igot.plt      0x00000000        0x0 c:/program files (x86)/atmel/atmel toolchain/arm gcc/native/4.8.1443/arm-gnu-toolchain/bin/../lib/gcc/arm-none-eabi/4.8.4/armv6-m/crtbegin.o

.ARM.exidx
 *(.ARM.exidx* .gnu.linkonce.armexidx.*)
                0x0000128c                PROVIDE (__exidx_end, .)
                0x0000128c                . = ALIGN (0x4)
                0x0000128c                _etext = .

.relocate       0x20000000        0x4 load address 0x0000128c
                0x20000000                . = ALIGN (0x4)
                0x20000000                _srelocate = .
 *(.ramfunc .ramfunc.*)
 *(.data .data.*)
 .data.g_interrupt_enabled
                0x20000000        0x1 src/ASF/common/utils/interrupt/interrupt_sam_nvic.o
                0x20000000                g_interrupt_enabled
                0x20000004                . = ALIGN (0x4)
 *fill*         0x20000001        0x3 
                0x20000004                _erelocate = .

.bss            0x20000004       0x4c load address 0x00001290
                0x20000004                . = ALIGN (0x4)
                0x20000004                _sbss = .
                0x20000004                _szero = .
 *(.bss .bss.*)
 .bss           0x20000004       0x1c c:/program files (x86)/atmel/atmel toolchain/arm gcc/native/4.8.1443/arm-gnu-toolchain/bin/../lib/gcc/arm-none-eabi/4.8.4/armv6-m/crtbegin.o
 .bss.cpu_irq_critical_section_counter
                0x20000020        0x4 src/ASF/common/utils/interrupt/interrupt_sam_nvic.o
 .bss.cpu_irq_prev_interrupt_state
                0x20000024        0x1 src/ASF/common/utils/interrupt/interrupt_sam_nvic.o
 *fill*         0x20000025        0x3 
 .bss._sercom_config
                0x20000028        0x4 src/ASF/sam0/drivers/sercom/sercom.o
 .bss._system_clock_inst
                0x2000002c       0x18 src/ASF/sam0/drivers/system/clock/clock_samd21_r21/clock.o
 *(COMMON)
 COMMON         0x20000044        0xc src/qs_usart_basic_use.o
                0x20000044                usart_instance
                0x20000050                . = ALIGN (0x4)
                0x20000050                _ebss = .
                0x20000050                _ezero = .

.stack          0x20000050     0x2000 load address 0x000012dc
                0x20000050                . = ALIGN (0x8)
                0x20000050                _sstack = .
                0x20002050                . = (. + STACK_SIZE)
 *fill*         0x20000050     0x2000 
                0x20002050                . = ALIGN (0x8)
                0x20002050                _estack = .
                0x20002050                . = ALIGN (0x4)
                0x20002050                _end = .
OUTPUT(USART_QUICK_START1.elf elf32-littlearm)

.ARM.attributes
                0x00000000       0x28
 .ARM.attributes
                0x00000000       0x1e c:/program files (x86)/atmel/atmel toolchain/arm gcc/native/4.8.1443/arm-gnu-toolchain/bin/../lib/gcc/arm-none-eabi/4.8.4/armv6-m/crti.o
 .ARM.attributes
                0x0000001e       0x2c c:/program files (x86)/atmel/atmel toolchain/arm gcc/native/4.8.1443/arm-gnu-toolchain/bin/../lib/gcc/arm-none-eabi/4.8.4/armv6-m/crtbegin.o
 .ARM.attributes
                0x0000004a       0x32 src/ASF/common/utils/interrupt/interrupt_sam_nvic.o
 .ARM.attributes
                0x0000007c       0x32 src/ASF/sam0/boards/samd21_xplained_pro/board_init.o
 .ARM.attributes
                0x000000ae       0x32 src/ASF/sam0/drivers/port/port.o
 .ARM.attributes
                0x000000e0       0x32 src/ASF/sam0/drivers/sercom/sercom.o
 .ARM.attributes
                0x00000112       0x32 src/ASF/sam0/drivers/sercom/usart/usart.o
 .ARM.attributes
                0x00000144       0x32 src/ASF/sam0/drivers/system/clock/clock_samd21_r21/clock.o
 .ARM.attributes
                0x00000176       0x32 src/ASF/sam0/drivers/system/clock/clock_samd21_r21/gclk.o
 .ARM.attributes
                0x000001a8       0x32 src/ASF/sam0/drivers/system/pinmux/pinmux.o
 .ARM.attributes
                0x000001da       0x32 src/ASF/sam0/drivers/system/system.o
 .ARM.attributes
                0x0000020c       0x32 src/ASF/sam0/utils/cmsis/samd21/source/gcc/startup_samd21.o
 .ARM.attributes
                0x0000023e       0x32 src/qs_usart_basic_use.o
 .ARM.attributes
                0x00000270       0x1e c:/program files (x86)/atmel/atmel toolchain/arm gcc/native/4.8.1443/arm-gnu-toolchain/bin/../lib/gcc/arm-none-eabi/4.8.4/armv6-m\libgcc.a(_udivsi3.o)
 .ARM.attributes
                0x0000028e       0x1e c:/program files (x86)/atmel/atmel toolchain/arm gcc/native/4.8.1443/arm-gnu-toolchain/bin/../lib/gcc/arm-none-eabi/4.8.4/armv6-m\libgcc.a(_dvmd_tls.o)
 .ARM.attributes
                0x000002ac       0x2c c:/program files (x86)/atmel/atmel toolchain/arm gcc/native/4.8.1443/arm-gnu-toolchain/bin/../lib/gcc/arm-none-eabi/4.8.4/armv6-m\libgcc.a(_muldi3.o)
 .ARM.attributes
                0x000002d8       0x2c c:/program files (x86)/atmel/atmel toolchain/arm gcc/native/4.8.1443/arm-gnu-toolchain/bin/../lib/gcc/arm-none-eabi/4.8.4/../../../../arm-none-eabi/lib/armv6-m\libc_s.a(lib_a-init.o)
 .ARM.attributes
                0x00000304       0x1e c:/program files (x86)/atmel/atmel toolchain/arm gcc/native/4.8.1443/arm-gnu-toolchain/bin/../lib/gcc/arm-none-eabi/4.8.4/armv6-m/crtn.o

.comment        0x00000000       0x5b
 .comment       0x00000000       0x5b src/ASF/common/utils/interrupt/interrupt_sam_nvic.o
                                 0x5c (size before relaxing)
 .comment       0x00000000       0x5c src/ASF/sam0/boards/samd21_xplained_pro/board_init.o
 .comment       0x00000000       0x5c src/ASF/sam0/drivers/port/port.o
 .comment       0x00000000       0x5c src/ASF/sam0/drivers/sercom/sercom.o
 .comment       0x00000000       0x5c src/ASF/sam0/drivers/sercom/usart/usart.o
 .comment       0x00000000       0x5c src/ASF/sam0/drivers/system/clock/clock_samd21_r21/clock.o
 .comment       0x00000000       0x5c src/ASF/sam0/drivers/system/clock/clock_samd21_r21/gclk.o
 .comment       0x00000000       0x5c src/ASF/sam0/drivers/system/pinmux/pinmux.o
 .comment       0x00000000       0x5c src/ASF/sam0/drivers/system/system.o
 .comment       0x00000000       0x5c src/ASF/sam0/utils/cmsis/samd21/source/gcc/startup_samd21.o
 .comment       0x00000000       0x5c src/qs_usart_basic_use.o

.debug_info     0x00000000     0xf14e
 .debug_info    0x00000000      0x1ec src/ASF/common/utils/interrupt/interrupt_sam_nvic.o
 .debug_info    0x000001ec      0x968 src/ASF/sam0/boards/samd21_xplained_pro/board_init.o
 .debug_info    0x00000b54      0x95e src/ASF/sam0/drivers/port/port.o
 .debug_info    0x000014b2     0x254d src/ASF/sam0/drivers/sercom/sercom.o
 .debug_info    0x000039ff     0x3f32 src/ASF/sam0/drivers/sercom/usart/usart.o
 .debug_info    0x00007931     0x2c32 src/ASF/sam0/drivers/system/clock/clock_samd21_r21/clock.o
 .debug_info    0x0000a563     0x14a7 src/ASF/sam0/drivers/system/clock/clock_samd21_r21/gclk.o
 .debug_info    0x0000ba0a      0xa43 src/ASF/sam0/drivers/system/pinmux/pinmux.o
 .debug_info    0x0000c44d      0x16f src/ASF/sam0/drivers/system/system.o
 .debug_info    0x0000c5bc      0x4b0 src/ASF/sam0/utils/cmsis/samd21/source/gcc/startup_samd21.o
 .debug_info    0x0000ca6c     0x26e2 src/qs_usart_basic_use.o

.debug_abbrev   0x00000000     0x19d1
 .debug_abbrev  0x00000000       0xf6 src/ASF/common/utils/interrupt/interrupt_sam_nvic.o
 .debug_abbrev  0x000000f6      0x25a src/ASF/sam0/boards/samd21_xplained_pro/board_init.o
 .debug_abbrev  0x00000350      0x1e9 src/ASF/sam0/drivers/port/port.o
 .debug_abbrev  0x00000539      0x2fd src/ASF/sam0/drivers/sercom/sercom.o
 .debug_abbrev  0x00000836      0x3cb src/ASF/sam0/drivers/sercom/usart/usart.o
 .debug_abbrev  0x00000c01      0x392 src/ASF/sam0/drivers/system/clock/clock_samd21_r21/clock.o
 .debug_abbrev  0x00000f93      0x343 src/ASF/sam0/drivers/system/clock/clock_samd21_r21/gclk.o
 .debug_abbrev  0x000012d6      0x296 src/ASF/sam0/drivers/system/pinmux/pinmux.o
 .debug_abbrev  0x0000156c       0xb9 src/ASF/sam0/drivers/system/system.o
 .debug_abbrev  0x00001625      0x12e src/ASF/sam0/utils/cmsis/samd21/source/gcc/startup_samd21.o
 .debug_abbrev  0x00001753      0x27e src/qs_usart_basic_use.o

.debug_loc      0x00000000     0x3289
 .debug_loc     0x00000000       0x1e src/ASF/common/utils/interrupt/interrupt_sam_nvic.o
 .debug_loc     0x0000001e       0x59 src/ASF/sam0/boards/samd21_xplained_pro/board_init.o
 .debug_loc     0x00000077      0x16d src/ASF/sam0/drivers/port/port.o
 .debug_loc     0x000001e4      0x982 src/ASF/sam0/drivers/sercom/sercom.o
 .debug_loc     0x00000b66      0xe7b src/ASF/sam0/drivers/sercom/usart/usart.o
 .debug_loc     0x000019e1      0xf9b src/ASF/sam0/drivers/system/clock/clock_samd21_r21/clock.o
 .debug_loc     0x0000297c      0x508 src/ASF/sam0/drivers/system/clock/clock_samd21_r21/gclk.o
 .debug_loc     0x00002e84      0x2e3 src/ASF/sam0/drivers/system/pinmux/pinmux.o
 .debug_loc     0x00003167       0x20 src/ASF/sam0/drivers/system/system.o
 .debug_loc     0x00003187       0x7c src/ASF/sam0/utils/cmsis/samd21/source/gcc/startup_samd21.o
 .debug_loc     0x00003203       0x86 src/qs_usart_basic_use.o

.debug_aranges  0x00000000      0x298
 .debug_aranges
                0x00000000       0x28 src/ASF/common/utils/interrupt/interrupt_sam_nvic.o
 .debug_aranges
                0x00000028       0x20 src/ASF/sam0/boards/samd21_xplained_pro/board_init.o
 .debug_aranges
                0x00000048       0x28 src/ASF/sam0/drivers/port/port.o
 .debug_aranges
                0x00000070       0x40 src/ASF/sam0/drivers/sercom/sercom.o
 .debug_aranges
                0x000000b0       0x40 src/ASF/sam0/drivers/sercom/usart/usart.o
 .debug_aranges
                0x000000f0       0x78 src/ASF/sam0/drivers/system/clock/clock_samd21_r21/clock.o
 .debug_aranges
                0x00000168       0x80 src/ASF/sam0/drivers/system/clock/clock_samd21_r21/gclk.o
 .debug_aranges
                0x000001e8       0x38 src/ASF/sam0/drivers/system/pinmux/pinmux.o
 .debug_aranges
                0x00000220       0x28 src/ASF/sam0/drivers/system/system.o
 .debug_aranges
                0x00000248       0x28 src/ASF/sam0/utils/cmsis/samd21/source/gcc/startup_samd21.o
 .debug_aranges
                0x00000270       0x28 src/qs_usart_basic_use.o

.debug_ranges   0x00000000      0x2c0
 .debug_ranges  0x00000000       0x18 src/ASF/common/utils/interrupt/interrupt_sam_nvic.o
 .debug_ranges  0x00000018       0x10 src/ASF/sam0/boards/samd21_xplained_pro/board_init.o
 .debug_ranges  0x00000028       0x18 src/ASF/sam0/drivers/port/port.o
 .debug_ranges  0x00000040       0x48 src/ASF/sam0/drivers/sercom/sercom.o
 .debug_ranges  0x00000088       0xf0 src/ASF/sam0/drivers/sercom/usart/usart.o
 .debug_ranges  0x00000178       0x68 src/ASF/sam0/drivers/system/clock/clock_samd21_r21/clock.o
 .debug_ranges  0x000001e0       0x70 src/ASF/sam0/drivers/system/clock/clock_samd21_r21/gclk.o
 .debug_ranges  0x00000250       0x28 src/ASF/sam0/drivers/system/pinmux/pinmux.o
 .debug_ranges  0x00000278       0x18 src/ASF/sam0/drivers/system/system.o
 .debug_ranges  0x00000290       0x18 src/ASF/sam0/utils/cmsis/samd21/source/gcc/startup_samd21.o
 .debug_ranges  0x000002a8       0x18 src/qs_usart_basic_use.o

.debug_macro    0x00000000    0x16c39
 .debug_macro   0x00000000      0x456 src/ASF/common/utils/interrupt/interrupt_sam_nvic.o
 .debug_macro   0x00000456      0x832 src/ASF/common/utils/interrupt/interrupt_sam_nvic.o
 .debug_macro   0x00000c88      0x166 src/ASF/common/utils/interrupt/interrupt_sam_nvic.o
 .debug_macro   0x00000dee      0x4b5 src/ASF/common/utils/interrupt/interrupt_sam_nvic.o
 .debug_macro   0x000012a3       0x16 src/ASF/common/utils/interrupt/interrupt_sam_nvic.o
 .debug_macro   0x000012b9       0x44 src/ASF/common/utils/interrupt/interrupt_sam_nvic.o
 .debug_macro   0x000012fd      0x209 src/ASF/common/utils/interrupt/interrupt_sam_nvic.o
 .debug_macro   0x00001506       0x10 src/ASF/common/utils/interrupt/interrupt_sam_nvic.o
 .debug_macro   0x00001516       0x76 src/ASF/common/utils/interrupt/interrupt_sam_nvic.o
 .debug_macro   0x0000158c       0x16 src/ASF/common/utils/interrupt/interrupt_sam_nvic.o
 .debug_macro   0x000015a2      0x6e2 src/ASF/common/utils/interrupt/interrupt_sam_nvic.o
 .debug_macro   0x00001c84      0xddf src/ASF/common/utils/interrupt/interrupt_sam_nvic.o
 .debug_macro   0x00002a63       0x22 src/ASF/common/utils/interrupt/interrupt_sam_nvic.o
 .debug_macro   0x00002a85       0x40 src/ASF/common/utils/interrupt/interrupt_sam_nvic.o
 .debug_macro   0x00002ac5       0x3a src/ASF/common/utils/interrupt/interrupt_sam_nvic.o
 .debug_macro   0x00002aff      0x24f src/ASF/common/utils/interrupt/interrupt_sam_nvic.o
 .debug_macro   0x00002d4e      0x682 src/ASF/common/utils/interrupt/interrupt_sam_nvic.o
 .debug_macro   0x000033d0      0x8bf src/ASF/common/utils/interrupt/interrupt_sam_nvic.o
 .debug_macro   0x00003c8f      0x235 src/ASF/common/utils/interrupt/interrupt_sam_nvic.o
 .debug_macro   0x00003ec4      0xc67 src/ASF/common/utils/interrupt/interrupt_sam_nvic.o
 .debug_macro   0x00004b2b      0x4ce src/ASF/common/utils/interrupt/interrupt_sam_nvic.o
 .debug_macro   0x00004ff9      0x9f8 src/ASF/common/utils/interrupt/interrupt_sam_nvic.o
 .debug_macro   0x000059f1      0x82b src/ASF/common/utils/interrupt/interrupt_sam_nvic.o
 .debug_macro   0x0000621c      0x24b src/ASF/common/utils/interrupt/interrupt_sam_nvic.o
 .debug_macro   0x00006467      0x906 src/ASF/common/utils/interrupt/interrupt_sam_nvic.o
 .debug_macro   0x00006d6d      0x225 src/ASF/common/utils/interrupt/interrupt_sam_nvic.o
 .debug_macro   0x00006f92      0x77b src/ASF/common/utils/interrupt/interrupt_sam_nvic.o
 .debug_macro   0x0000770d       0x5e src/ASF/common/utils/interrupt/interrupt_sam_nvic.o
 .debug_macro   0x0000776b      0x626 src/ASF/common/utils/interrupt/interrupt_sam_nvic.o
 .debug_macro   0x00007d91      0x3b6 src/ASF/common/utils/interrupt/interrupt_sam_nvic.o
 .debug_macro   0x00008147      0xc55 src/ASF/common/utils/interrupt/interrupt_sam_nvic.o
 .debug_macro   0x00008d9c     0x1092 src/ASF/common/utils/interrupt/interrupt_sam_nvic.o
 .debug_macro   0x00009e2e      0xc4a src/ASF/common/utils/interrupt/interrupt_sam_nvic.o
 .debug_macro   0x0000aa78      0x6bf src/ASF/common/utils/interrupt/interrupt_sam_nvic.o
 .debug_macro   0x0000b137     0x1873 src/ASF/common/utils/interrupt/interrupt_sam_nvic.o
 .debug_macro   0x0000c9aa     0x13be src/ASF/common/utils/interrupt/interrupt_sam_nvic.o
 .debug_macro   0x0000dd68      0x34e src/ASF/common/utils/interrupt/interrupt_sam_nvic.o
 .debug_macro   0x0000e0b6       0x7c src/ASF/common/utils/interrupt/interrupt_sam_nvic.o
 .debug_macro   0x0000e132       0xa0 src/ASF/common/utils/interrupt/interrupt_sam_nvic.o
 .debug_macro   0x0000e1d2       0x4c src/ASF/common/utils/interrupt/interrupt_sam_nvic.o
 .debug_macro   0x0000e21e       0xc4 src/ASF/common/utils/interrupt/interrupt_sam_nvic.o
 .debug_macro   0x0000e2e2       0x94 src/ASF/common/utils/interrupt/interrupt_sam_nvic.o
 .debug_macro   0x0000e376       0x58 src/ASF/common/utils/interrupt/interrupt_sam_nvic.o
 .debug_macro   0x0000e3ce      0x364 src/ASF/common/utils/interrupt/interrupt_sam_nvic.o
 .debug_macro   0x0000e732       0x82 src/ASF/common/utils/interrupt/interrupt_sam_nvic.o
 .debug_macro   0x0000e7b4       0xb8 src/ASF/common/utils/interrupt/interrupt_sam_nvic.o
 .debug_macro   0x0000e86c       0xa0 src/ASF/common/utils/interrupt/interrupt_sam_nvic.o
 .debug_macro   0x0000e90c       0xb8 src/ASF/common/utils/interrupt/interrupt_sam_nvic.o
 .debug_macro   0x0000e9c4       0x1c src/ASF/common/utils/interrupt/interrupt_sam_nvic.o
 .debug_macro   0x0000e9e0       0x1c src/ASF/common/utils/interrupt/interrupt_sam_nvic.o
 .debug_macro   0x0000e9fc       0x1c src/ASF/common/utils/interrupt/interrupt_sam_nvic.o
 .debug_macro   0x0000ea18       0x7c src/ASF/common/utils/interrupt/interrupt_sam_nvic.o
 .debug_macro   0x0000ea94      0x161 src/ASF/common/utils/interrupt/interrupt_sam_nvic.o
 .debug_macro   0x0000ebf5       0xdc src/ASF/common/utils/interrupt/interrupt_sam_nvic.o
 .debug_macro   0x0000ecd1      0x12f src/ASF/common/utils/interrupt/interrupt_sam_nvic.o
 .debug_macro   0x0000ee00      0x12f src/ASF/common/utils/interrupt/interrupt_sam_nvic.o
 .debug_macro   0x0000ef2f      0x12f src/ASF/common/utils/interrupt/interrupt_sam_nvic.o
 .debug_macro   0x0000f05e      0x12f src/ASF/common/utils/interrupt/interrupt_sam_nvic.o
 .debug_macro   0x0000f18d      0x12f src/ASF/common/utils/interrupt/interrupt_sam_nvic.o
 .debug_macro   0x0000f2bc      0x12f src/ASF/common/utils/interrupt/interrupt_sam_nvic.o
 .debug_macro   0x0000f3eb      0x11e src/ASF/common/utils/interrupt/interrupt_sam_nvic.o
 .debug_macro   0x0000f509       0xe2 src/ASF/common/utils/interrupt/interrupt_sam_nvic.o
 .debug_macro   0x0000f5eb       0xe2 src/ASF/common/utils/interrupt/interrupt_sam_nvic.o
 .debug_macro   0x0000f6cd       0xe2 src/ASF/common/utils/interrupt/interrupt_sam_nvic.o
 .debug_macro   0x0000f7af       0xe2 src/ASF/common/utils/interrupt/interrupt_sam_nvic.o
 .debug_macro   0x0000f891       0xe2 src/ASF/common/utils/interrupt/interrupt_sam_nvic.o
 .debug_macro   0x0000f973      0x12c src/ASF/common/utils/interrupt/interrupt_sam_nvic.o
 .debug_macro   0x0000fa9f      0x100 src/ASF/common/utils/interrupt/interrupt_sam_nvic.o
 .debug_macro   0x0000fb9f       0xf4 src/ASF/common/utils/interrupt/interrupt_sam_nvic.o
 .debug_macro   0x0000fc93      0x408 src/ASF/common/utils/interrupt/interrupt_sam_nvic.o
 .debug_macro   0x0001009b       0x40 src/ASF/common/utils/interrupt/interrupt_sam_nvic.o
 .debug_macro   0x000100db      0x361 src/ASF/common/utils/interrupt/interrupt_sam_nvic.o
 .debug_macro   0x0001043c     0x1fc5 src/ASF/common/utils/interrupt/interrupt_sam_nvic.o
 .debug_macro   0x00012401       0x51 src/ASF/common/utils/interrupt/interrupt_sam_nvic.o
 .debug_macro   0x00012452       0x58 src/ASF/common/utils/interrupt/interrupt_sam_nvic.o
 .debug_macro   0x000124aa       0x35 src/ASF/common/utils/interrupt/interrupt_sam_nvic.o
 .debug_macro   0x000124df       0xa3 src/ASF/common/utils/interrupt/interrupt_sam_nvic.o
 .debug_macro   0x00012582       0x16 src/ASF/common/utils/interrupt/interrupt_sam_nvic.o
 .debug_macro   0x00012598       0x35 src/ASF/common/utils/interrupt/interrupt_sam_nvic.o
 .debug_macro   0x000125cd       0x10 src/ASF/common/utils/interrupt/interrupt_sam_nvic.o
 .debug_macro   0x000125dd       0x52 src/ASF/common/utils/interrupt/interrupt_sam_nvic.o
 .debug_macro   0x0001262f       0x16 src/ASF/common/utils/interrupt/interrupt_sam_nvic.o
 .debug_macro   0x00012645       0x43 src/ASF/common/utils/interrupt/interrupt_sam_nvic.o
 .debug_macro   0x00012688      0x180 src/ASF/common/utils/interrupt/interrupt_sam_nvic.o
 .debug_macro   0x00012808       0x10 src/ASF/common/utils/interrupt/interrupt_sam_nvic.o
 .debug_macro   0x00012818       0x22 src/ASF/common/utils/interrupt/interrupt_sam_nvic.o
 .debug_macro   0x0001283a       0xbd src/ASF/common/utils/interrupt/interrupt_sam_nvic.o
 .debug_macro   0x000128f7       0x16 src/ASF/common/utils/interrupt/interrupt_sam_nvic.o
 .debug_macro   0x0001290d      0x16c src/ASF/common/utils/interrupt/interrupt_sam_nvic.o
 .debug_macro   0x00012a79       0x16 src/ASF/common/utils/interrupt/interrupt_sam_nvic.o
 .debug_macro   0x00012a8f       0x16 src/ASF/common/utils/interrupt/interrupt_sam_nvic.o
 .debug_macro   0x00012aa5       0x29 src/ASF/common/utils/interrupt/interrupt_sam_nvic.o
 .debug_macro   0x00012ace       0x51 src/ASF/common/utils/interrupt/interrupt_sam_nvic.o
 .debug_macro   0x00012b1f      0x3df src/ASF/common/utils/interrupt/interrupt_sam_nvic.o
 .debug_macro   0x00012efe       0x3f src/ASF/common/utils/interrupt/interrupt_sam_nvic.o
 .debug_macro   0x00012f3d      0x492 src/ASF/sam0/boards/samd21_xplained_pro/board_init.o
 .debug_macro   0x000133cf      0x237 src/ASF/sam0/boards/samd21_xplained_pro/board_init.o
 .debug_macro   0x00013606      0x9da src/ASF/sam0/boards/samd21_xplained_pro/board_init.o
 .debug_macro   0x00013fe0       0x11 src/ASF/sam0/boards/samd21_xplained_pro/board_init.o
 .debug_macro   0x00013ff1       0x12 src/ASF/sam0/boards/samd21_xplained_pro/board_init.o
 .debug_macro   0x00014003      0x470 src/ASF/sam0/drivers/port/port.o
 .debug_macro   0x00014473      0x4d9 src/ASF/sam0/drivers/sercom/sercom.o
 .debug_macro   0x0001494c       0x2e src/ASF/sam0/drivers/sercom/sercom.o
 .debug_macro   0x0001497a       0x94 src/ASF/sam0/drivers/sercom/sercom.o
 .debug_macro   0x00014a0e       0x10 src/ASF/sam0/drivers/sercom/sercom.o
 .debug_macro   0x00014a1e      0x4d1 src/ASF/sam0/drivers/sercom/usart/usart.o
 .debug_macro   0x00014eef       0x51 src/ASF/sam0/drivers/sercom/usart/usart.o
 .debug_macro   0x00014f40      0x4b4 src/ASF/sam0/drivers/system/clock/clock_samd21_r21/clock.o
 .debug_macro   0x000153f4      0x26b src/ASF/sam0/drivers/system/clock/clock_samd21_r21/clock.o
 .debug_macro   0x0001565f      0x482 src/ASF/sam0/drivers/system/clock/clock_samd21_r21/gclk.o
 .debug_macro   0x00015ae1       0x11 src/ASF/sam0/drivers/system/clock/clock_samd21_r21/gclk.o
 .debug_macro   0x00015af2      0x468 src/ASF/sam0/drivers/system/pinmux/pinmux.o
 .debug_macro   0x00015f5a      0x485 src/ASF/sam0/drivers/system/system.o
 .debug_macro   0x000163df      0x2c3 src/ASF/sam0/utils/cmsis/samd21/source/gcc/startup_samd21.o
 .debug_macro   0x000166a2       0x3a src/ASF/sam0/utils/cmsis/samd21/source/gcc/startup_samd21.o
 .debug_macro   0x000166dc      0x506 src/qs_usart_basic_use.o
 .debug_macro   0x00016be2       0x57 src/qs_usart_basic_use.o

.debug_line     0x00000000     0x68f8
 .debug_line    0x00000000      0x84c src/ASF/common/utils/interrupt/interrupt_sam_nvic.o
 .debug_line    0x0000084c      0x8f5 src/ASF/sam0/boards/samd21_xplained_pro/board_init.o
 .debug_line    0x00001141      0x87a src/ASF/sam0/drivers/port/port.o
 .debug_line    0x000019bb      0xa75 src/ASF/sam0/drivers/sercom/sercom.o
 .debug_line    0x00002430      0xb81 src/ASF/sam0/drivers/sercom/usart/usart.o
 .debug_line    0x00002fb1      0xb15 src/ASF/sam0/drivers/system/clock/clock_samd21_r21/clock.o
 .debug_line    0x00003ac6      0xbf0 src/ASF/sam0/drivers/system/clock/clock_samd21_r21/gclk.o
 .debug_line    0x000046b6      0x898 src/ASF/sam0/drivers/system/pinmux/pinmux.o
 .debug_line    0x00004f4e      0x8a0 src/ASF/sam0/drivers/system/system.o
 .debug_line    0x000057ee      0x647 src/ASF/sam0/utils/cmsis/samd21/source/gcc/startup_samd21.o
 .debug_line    0x00005e35      0xac3 src/qs_usart_basic_use.o

.debug_str      0x00000000    0x82060
 .debug_str     0x00000000    0x79016 src/ASF/common/utils/interrupt/interrupt_sam_nvic.o
                              0x79463 (size before relaxing)
 .debug_str     0x00079016     0x3d9e src/ASF/sam0/boards/samd21_xplained_pro/board_init.o
                              0x7d1a4 (size before relaxing)
 .debug_str     0x0007cdb4      0x165 src/ASF/sam0/drivers/port/port.o
                              0x7982d (size before relaxing)
 .debug_str     0x0007cf19     0x15b5 src/ASF/sam0/drivers/sercom/sercom.o
                              0x7aa8b (size before relaxing)
 .debug_str     0x0007e4ce      0xcf0 src/ASF/sam0/drivers/sercom/usart/usart.o
                              0x7b515 (size before relaxing)
 .debug_str     0x0007f1be     0x263c src/ASF/sam0/drivers/system/clock/clock_samd21_r21/clock.o
                              0x7c2ce (size before relaxing)
 .debug_str     0x000817fa      0x2d2 src/ASF/sam0/drivers/system/clock/clock_samd21_r21/gclk.o
                              0x7a02d (size before relaxing)
 .debug_str     0x00081acc      0x130 src/ASF/sam0/drivers/system/pinmux/pinmux.o
                              0x7985a (size before relaxing)
 .debug_str     0x00081bfc       0x47 src/ASF/sam0/drivers/system/system.o
                              0x794a3 (size before relaxing)
 .debug_str     0x00081c43      0x39b src/ASF/sam0/utils/cmsis/samd21/source/gcc/startup_samd21.o
                              0x67993 (size before relaxing)
 .debug_str     0x00081fde       0x82 src/qs_usart_basic_use.o
                              0x7e986 (size before relaxing)

.debug_frame    0x00000000      0x65c
 .debug_frame   0x00000000       0x30 src/ASF/common/utils/interrupt/interrupt_sam_nvic.o
 .debug_frame   0x00000030       0x30 src/ASF/sam0/boards/samd21_xplained_pro/board_init.o
 .debug_frame   0x00000060       0x44 src/ASF/sam0/drivers/port/port.o
 .debug_frame   0x000000a4       0xa0 src/ASF/sam0/drivers/sercom/sercom.o
 .debug_frame   0x00000144       0xc0 src/ASF/sam0/drivers/sercom/usart/usart.o
 .debug_frame   0x00000204      0x14c src/ASF/sam0/drivers/system/clock/clock_samd21_r21/clock.o
 .debug_frame   0x00000350      0x14c src/ASF/sam0/drivers/system/clock/clock_samd21_r21/gclk.o
 .debug_frame   0x0000049c       0x7c src/ASF/sam0/drivers/system/pinmux/pinmux.o
 .debug_frame   0x00000518       0x38 src/ASF/sam0/drivers/system/system.o
 .debug_frame   0x00000550       0x38 src/ASF/sam0/utils/cmsis/samd21/source/gcc/startup_samd21.o
 .debug_frame   0x00000588       0x58 src/qs_usart_basic_use.o
 .debug_frame   0x000005e0       0x20 c:/program files (x86)/atmel/atmel toolchain/arm gcc/native/4.8.1443/arm-gnu-toolchain/bin/../lib/gcc/arm-none-eabi/4.8.4/armv6-m\libgcc.a(_udivsi3.o)
 .debug_frame   0x00000600       0x30 c:/program files (x86)/atmel/atmel toolchain/arm gcc/native/4.8.1443/arm-gnu-toolchain/bin/../lib/gcc/arm-none-eabi/4.8.4/armv6-m\libgcc.a(_muldi3.o)
 .debug_frame   0x00000630       0x2c c:/program files (x86)/atmel/atmel toolchain/arm gcc/native/4.8.1443/arm-gnu-toolchain/bin/../lib/gcc/arm-none-eabi/4.8.4/../../../../arm-none-eabi/lib/armv6-m\libc_s.a(lib_a-init.o)

Cross Reference Table

Symbol                                            File
AC_Handler                                        src/ASF/sam0/utils/cmsis/samd21/source/gcc/startup_samd21.o
ADC_Handler                                       src/ASF/sam0/utils/cmsis/samd21/source/gcc/startup_samd21.o
DAC_Handler                                       src/ASF/sam0/utils/cmsis/samd21/source/gcc/startup_samd21.o
DMAC_Handler                                      src/ASF/sam0/utils/cmsis/samd21/source/gcc/startup_samd21.o
Dummy_Handler                                     src/ASF/sam0/utils/cmsis/samd21/source/gcc/startup_samd21.o
EIC_Handler                                       src/ASF/sam0/utils/cmsis/samd21/source/gcc/startup_samd21.o
EVSYS_Handler                                     src/ASF/sam0/utils/cmsis/samd21/source/gcc/startup_samd21.o
HardFault_Handler                                 src/ASF/sam0/utils/cmsis/samd21/source/gcc/startup_samd21.o
I2S_Handler                                       src/ASF/sam0/utils/cmsis/samd21/source/gcc/startup_samd21.o
NMI_Handler                                       src/ASF/sam0/utils/cmsis/samd21/source/gcc/startup_samd21.o
NVMCTRL_Handler                                   src/ASF/sam0/utils/cmsis/samd21/source/gcc/startup_samd21.o
PM_Handler                                        src/ASF/sam0/utils/cmsis/samd21/source/gcc/startup_samd21.o
PTC_Handler                                       src/ASF/sam0/utils/cmsis/samd21/source/gcc/startup_samd21.o
PendSV_Handler                                    src/ASF/sam0/utils/cmsis/samd21/source/gcc/startup_samd21.o
RTC_Handler                                       src/ASF/sam0/utils/cmsis/samd21/source/gcc/startup_samd21.o
Reset_Handler                                     src/ASF/sam0/utils/cmsis/samd21/source/gcc/startup_samd21.o
SERCOM0_Handler                                   src/ASF/sam0/utils/cmsis/samd21/source/gcc/startup_samd21.o
SERCOM1_Handler                                   src/ASF/sam0/utils/cmsis/samd21/source/gcc/startup_samd21.o
SERCOM2_Handler                                   src/ASF/sam0/utils/cmsis/samd21/source/gcc/startup_samd21.o
SERCOM3_Handler                                   src/ASF/sam0/utils/cmsis/samd21/source/gcc/startup_samd21.o
SERCOM4_Handler                                   src/ASF/sam0/utils/cmsis/samd21/source/gcc/startup_samd21.o
SERCOM5_Handler                                   src/ASF/sam0/utils/cmsis/samd21/source/gcc/startup_samd21.o
SVC_Handler                                       src/ASF/sam0/utils/cmsis/samd21/source/gcc/startup_samd21.o
SYSCTRL_Handler                                   src/ASF/sam0/utils/cmsis/samd21/source/gcc/startup_samd21.o
SysTick_Handler                                   src/ASF/sam0/utils/cmsis/samd21/source/gcc/startup_samd21.o
SystemCoreClock                                   src/ASF/sam0/utils/cmsis/samd21/source/system_samd21.o
SystemCoreClockUpdate                             src/ASF/sam0/utils/cmsis/samd21/source/system_samd21.o
SystemInit                                        src/ASF/sam0/utils/cmsis/samd21/source/system_samd21.o
TC3_Handler                                       src/ASF/sam0/utils/cmsis/samd21/source/gcc/startup_samd21.o
TC4_Handler                                       src/ASF/sam0/utils/cmsis/samd21/source/gcc/startup_samd21.o
TC5_Handler                                       src/ASF/sam0/utils/cmsis/samd21/source/gcc/startup_samd21.o
TC6_Handler                                       src/ASF/sam0/utils/cmsis/samd21/source/gcc/startup_samd21.o
TC7_Handler                                       src/ASF/sam0/utils/cmsis/samd21/source/gcc/startup_samd21.o
TCC0_Handler                                      src/ASF/sam0/utils/cmsis/samd21/source/gcc/startup_samd21.o
TCC1_Handler                                      src/ASF/sam0/utils/cmsis/samd21/source/gcc/startup_samd21.o
TCC2_Handler                                      src/ASF/sam0/utils/cmsis/samd21/source/gcc/startup_samd21.o
USB_Handler                                       src/ASF/sam0/utils/cmsis/samd21/source/gcc/startup_samd21.o
WDT_Handler                                       src/ASF/sam0/utils/cmsis/samd21/source/gcc/startup_samd21.o
_Jv_RegisterClasses                               c:/program files (x86)/atmel/atmel toolchain/arm gcc/native/4.8.1443/arm-gnu-toolchain/bin/../lib/gcc/arm-none-eabi/4.8.4/armv6-m/crtbegin.o
__aeabi_idiv                                      c:/program files (x86)/atmel/atmel toolchain/arm gcc/native/4.8.1443/arm-gnu-toolchain/bin/../lib/gcc/arm-none-eabi/4.8.4/armv6-m\libgcc.a(_divsi3.o)
                                                  c:/program files (x86)/atmel/atmel toolchain/arm gcc/native/4.8.1443/arm-gnu-toolchain/bin/../lib/gcc/arm-none-eabi/4.8.4/../../../../arm-none-eabi/lib/armv6-m\libc_s.a(lib_a-fvwrite.o)
__aeabi_idiv0                                     c:/program files (x86)/atmel/atmel toolchain/arm gcc/native/4.8.1443/arm-gnu-toolchain/bin/../lib/gcc/arm-none-eabi/4.8.4/armv6-m\libgcc.a(_dvmd_tls.o)
                                                  c:/program files (x86)/atmel/atmel toolchain/arm gcc/native/4.8.1443/arm-gnu-toolchain/bin/../lib/gcc/arm-none-eabi/4.8.4/armv6-m\libgcc.a(_divsi3.o)
                                                  c:/program files (x86)/atmel/atmel toolchain/arm gcc/native/4.8.1443/arm-gnu-toolchain/bin/../lib/gcc/arm-none-eabi/4.8.4/armv6-m\libgcc.a(_udivsi3.o)
__aeabi_idivmod                                   c:/program files (x86)/atmel/atmel toolchain/arm gcc/native/4.8.1443/arm-gnu-toolchain/bin/../lib/gcc/arm-none-eabi/4.8.4/armv6-m\libgcc.a(_divsi3.o)
__aeabi_ldiv0                                     c:/program files (x86)/atmel/atmel toolchain/arm gcc/native/4.8.1443/arm-gnu-toolchain/bin/../lib/gcc/arm-none-eabi/4.8.4/armv6-m\libgcc.a(_dvmd_tls.o)
__aeabi_lmul                                      c:/program files (x86)/atmel/atmel toolchain/arm gcc/native/4.8.1443/arm-gnu-toolchain/bin/../lib/gcc/arm-none-eabi/4.8.4/armv6-m\libgcc.a(_muldi3.o)
                                                  src/ASF/sam0/drivers/sercom/sercom.o
__aeabi_uidiv                                     c:/program files (x86)/atmel/atmel toolchain/arm gcc/native/4.8.1443/arm-gnu-toolchain/bin/../lib/gcc/arm-none-eabi/4.8.4/armv6-m\libgcc.a(_udivsi3.o)
                                                  c:/program files (x86)/atmel/atmel toolchain/arm gcc/native/4.8.1443/arm-gnu-toolchain/bin/../lib/gcc/arm-none-eabi/4.8.4/../../../../arm-none-eabi/lib/armv6-m\libc_s.a(lib_a-vfprintf_i.o)
                                                  src/ASF/sam0/drivers/system/clock/clock_samd21_r21/gclk.o
                                                  src/ASF/sam0/drivers/system/clock/clock_samd21_r21/clock.o
__aeabi_uidivmod                                  c:/program files (x86)/atmel/atmel toolchain/arm gcc/native/4.8.1443/arm-gnu-toolchain/bin/../lib/gcc/arm-none-eabi/4.8.4/armv6-m\libgcc.a(_udivsi3.o)
                                                  c:/program files (x86)/atmel/atmel toolchain/arm gcc/native/4.8.1443/arm-gnu-toolchain/bin/../lib/gcc/arm-none-eabi/4.8.4/../../../../arm-none-eabi/lib/armv6-m\libc_s.a(lib_a-vfprintf_i.o)
__bss_end__                                       c:/program files (x86)/atmel/atmel toolchain/arm gcc/native/4.8.1443/arm-gnu-toolchain/bin/../lib/gcc/arm-none-eabi/4.8.4/../../../../arm-none-eabi/lib/armv6-m/crt0.o
__bss_start__                                     c:/program files (x86)/atmel/atmel toolchain/arm gcc/native/4.8.1443/arm-gnu-toolchain/bin/../lib/gcc/arm-none-eabi/4.8.4/../../../../arm-none-eabi/lib/armv6-m/crt0.o
__call_exitprocs                                  c:/program files (x86)/atmel/atmel toolchain/arm gcc/native/4.8.1443/arm-gnu-toolchain/bin/../lib/gcc/arm-none-eabi/4.8.4/../../../../arm-none-eabi/lib/armv6-m\libc_s.a(lib_a-exit.o)
__deregister_frame_info                           c:/program files (x86)/atmel/atmel toolchain/arm gcc/native/4.8.1443/arm-gnu-toolchain/bin/../lib/gcc/arm-none-eabi/4.8.4/armv6-m/crtbegin.o
__divsi3                                          c:/program files (x86)/atmel/atmel toolchain/arm gcc/native/4.8.1443/arm-gnu-toolchain/bin/../lib/gcc/arm-none-eabi/4.8.4/armv6-m\libgcc.a(_divsi3.o)
__dso_handle                                      c:/program files (x86)/atmel/atmel toolchain/arm gcc/native/4.8.1443/arm-gnu-toolchain/bin/../lib/gcc/arm-none-eabi/4.8.4/armv6-m/crtbegin.o
__fp_lock_all                                     c:/program files (x86)/atmel/atmel toolchain/arm gcc/native/4.8.1443/arm-gnu-toolchain/bin/../lib/gcc/arm-none-eabi/4.8.4/../../../../arm-none-eabi/lib/armv6-m\libc_s.a(lib_a-findfp.o)
__fp_unlock_all                                   c:/program files (x86)/atmel/atmel toolchain/arm gcc/native/4.8.1443/arm-gnu-toolchain/bin/../lib/gcc/arm-none-eabi/4.8.4/../../../../arm-none-eabi/lib/armv6-m\libc_s.a(lib_a-findfp.o)
__init_array_end                                  c:/program files (x86)/atmel/atmel toolchain/arm gcc/native/4.8.1443/arm-gnu-toolchain/bin/../lib/gcc/arm-none-eabi/4.8.4/../../../../arm-none-eabi/lib/armv6-m\libc_s.a(lib_a-init.o)
__init_array_start                                c:/program files (x86)/atmel/atmel toolchain/arm gcc/native/4.8.1443/arm-gnu-toolchain/bin/../lib/gcc/arm-none-eabi/4.8.4/../../../../arm-none-eabi/lib/armv6-m\libc_s.a(lib_a-init.o)
__libc_fini_array                                 c:/program files (x86)/atmel/atmel toolchain/arm gcc/native/4.8.1443/arm-gnu-toolchain/bin/../lib/gcc/arm-none-eabi/4.8.4/../../../../arm-none-eabi/lib/armv6-m/crt0.o
__libc_init_array                                 c:/program files (x86)/atmel/atmel toolchain/arm gcc/native/4.8.1443/arm-gnu-toolchain/bin/../lib/gcc/arm-none-eabi/4.8.4/../../../../arm-none-eabi/lib/armv6-m\libc_s.a(lib_a-init.o)
                                                  src/ASF/sam0/utils/cmsis/samd21/source/gcc/startup_samd21.o
                                                  c:/program files (x86)/atmel/atmel toolchain/arm gcc/native/4.8.1443/arm-gnu-toolchain/bin/../lib/gcc/arm-none-eabi/4.8.4/../../../../arm-none-eabi/lib/armv6-m/crt0.o
__malloc_free_list                                c:/program files (x86)/atmel/atmel toolchain/arm gcc/native/4.8.1443/arm-gnu-toolchain/bin/../lib/gcc/arm-none-eabi/4.8.4/../../../../arm-none-eabi/lib/armv6-m\libc_s.a(lib_a-nano-mallocr.o)
                                                  c:/program files (x86)/atmel/atmel toolchain/arm gcc/native/4.8.1443/arm-gnu-toolchain/bin/../lib/gcc/arm-none-eabi/4.8.4/../../../../arm-none-eabi/lib/armv6-m\libc_s.a(lib_a-nano-freer.o)
__malloc_sbrk_start                               c:/program files (x86)/atmel/atmel toolchain/arm gcc/native/4.8.1443/arm-gnu-toolchain/bin/../lib/gcc/arm-none-eabi/4.8.4/../../../../arm-none-eabi/lib/armv6-m\libc_s.a(lib_a-nano-mallocr.o)
__muldi3                                          c:/program files (x86)/atmel/atmel toolchain/arm gcc/native/4.8.1443/arm-gnu-toolchain/bin/../lib/gcc/arm-none-eabi/4.8.4/armv6-m\libgcc.a(_muldi3.o)
__preinit_array_end                               c:/program files (x86)/atmel/atmel toolchain/arm gcc/native/4.8.1443/arm-gnu-toolchain/bin/../lib/gcc/arm-none-eabi/4.8.4/../../../../arm-none-eabi/lib/armv6-m\libc_s.a(lib_a-init.o)
__preinit_array_start                             c:/program files (x86)/atmel/atmel toolchain/arm gcc/native/4.8.1443/arm-gnu-toolchain/bin/../lib/gcc/arm-none-eabi/4.8.4/../../../../arm-none-eabi/lib/armv6-m\libc_s.a(lib_a-init.o)
__register_frame_info                             c:/program files (x86)/atmel/atmel toolchain/arm gcc/native/4.8.1443/arm-gnu-toolchain/bin/../lib/gcc/arm-none-eabi/4.8.4/armv6-m/crtbegin.o
__sclose                                          c:/program files (x86)/atmel/atmel toolchain/arm gcc/native/4.8.1443/arm-gnu-toolchain/bin/../lib/gcc/arm-none-eabi/4.8.4/../../../../arm-none-eabi/lib/armv6-m\libc_s.a(lib_a-stdio.o)
                                                  c:/program files (x86)/atmel/atmel toolchain/arm gcc/native/4.8.1443/arm-gnu-toolchain/bin/../lib/gcc/arm-none-eabi/4.8.4/../../../../arm-none-eabi/lib/armv6-m\libc_s.a(lib_a-findfp.o)
__seofread                                        c:/program files (x86)/atmel/atmel toolchain/arm gcc/native/4.8.1443/arm-gnu-toolchain/bin/../lib/gcc/arm-none-eabi/4.8.4/../../../../arm-none-eabi/lib/armv6-m\libc_s.a(lib_a-stdio.o)
__sf_fake_stderr                                  c:/program files (x86)/atmel/atmel toolchain/arm gcc/native/4.8.1443/arm-gnu-toolchain/bin/../lib/gcc/arm-none-eabi/4.8.4/../../../../arm-none-eabi/lib/armv6-m\libc_s.a(lib_a-findfp.o)
                                                  c:/program files (x86)/atmel/atmel toolchain/arm gcc/native/4.8.1443/arm-gnu-toolchain/bin/../lib/gcc/arm-none-eabi/4.8.4/../../../../arm-none-eabi/lib/armv6-m\libc_s.a(lib_a-fflush.o)
                                                  c:/program files (x86)/atmel/atmel toolchain/arm gcc/native/4.8.1443/arm-gnu-toolchain/bin/../lib/gcc/arm-none-eabi/4.8.4/../../../../arm-none-eabi/lib/armv6-m\libc_s.a(lib_a-wsetup.o)
                                                  c:/program files (x86)/atmel/atmel toolchain/arm gcc/native/4.8.1443/arm-gnu-toolchain/bin/../lib/gcc/arm-none-eabi/4.8.4/../../../../arm-none-eabi/lib/armv6-m\libc_s.a(lib_a-wbuf.o)
                                                  c:/program files (x86)/atmel/atmel toolchain/arm gcc/native/4.8.1443/arm-gnu-toolchain/bin/../lib/gcc/arm-none-eabi/4.8.4/../../../../arm-none-eabi/lib/armv6-m\libc_s.a(lib_a-vfprintf.o)
                                                  c:/program files (x86)/atmel/atmel toolchain/arm gcc/native/4.8.1443/arm-gnu-toolchain/bin/../lib/gcc/arm-none-eabi/4.8.4/../../../../arm-none-eabi/lib/armv6-m\libc_s.a(lib_a-impure.o)
__sf_fake_stdin                                   c:/program files (x86)/atmel/atmel toolchain/arm gcc/native/4.8.1443/arm-gnu-toolchain/bin/../lib/gcc/arm-none-eabi/4.8.4/../../../../arm-none-eabi/lib/armv6-m\libc_s.a(lib_a-findfp.o)
                                                  c:/program files (x86)/atmel/atmel toolchain/arm gcc/native/4.8.1443/arm-gnu-toolchain/bin/../lib/gcc/arm-none-eabi/4.8.4/../../../../arm-none-eabi/lib/armv6-m\libc_s.a(lib_a-fflush.o)
                                                  c:/program files (x86)/atmel/atmel toolchain/arm gcc/native/4.8.1443/arm-gnu-toolchain/bin/../lib/gcc/arm-none-eabi/4.8.4/../../../../arm-none-eabi/lib/armv6-m\libc_s.a(lib_a-wsetup.o)
                                                  c:/program files (x86)/atmel/atmel toolchain/arm gcc/native/4.8.1443/arm-gnu-toolchain/bin/../lib/gcc/arm-none-eabi/4.8.4/../../../../arm-none-eabi/lib/armv6-m\libc_s.a(lib_a-wbuf.o)
                                                  c:/program files (x86)/atmel/atmel toolchain/arm gcc/native/4.8.1443/arm-gnu-toolchain/bin/../lib/gcc/arm-none-eabi/4.8.4/../../../../arm-none-eabi/lib/armv6-m\libc_s.a(lib_a-vfprintf.o)
                                                  c:/program files (x86)/atmel/atmel toolchain/arm gcc/native/4.8.1443/arm-gnu-toolchain/bin/../lib/gcc/arm-none-eabi/4.8.4/../../../../arm-none-eabi/lib/armv6-m\libc_s.a(lib_a-impure.o)
__sf_fake_stdout                                  c:/program files (x86)/atmel/atmel toolchain/arm gcc/native/4.8.1443/arm-gnu-toolchain/bin/../lib/gcc/arm-none-eabi/4.8.4/../../../../arm-none-eabi/lib/armv6-m\libc_s.a(lib_a-findfp.o)
                                                  c:/program files (x86)/atmel/atmel toolchain/arm gcc/native/4.8.1443/arm-gnu-toolchain/bin/../lib/gcc/arm-none-eabi/4.8.4/../../../../arm-none-eabi/lib/armv6-m\libc_s.a(lib_a-fflush.o)
                                                  c:/program files (x86)/atmel/atmel toolchain/arm gcc/native/4.8.1443/arm-gnu-toolchain/bin/../lib/gcc/arm-none-eabi/4.8.4/../../../../arm-none-eabi/lib/armv6-m\libc_s.a(lib_a-wsetup.o)
                                                  c:/program files (x86)/atmel/atmel toolchain/arm gcc/native/4.8.1443/arm-gnu-toolchain/bin/../lib/gcc/arm-none-eabi/4.8.4/../../../../arm-none-eabi/lib/armv6-m\libc_s.a(lib_a-wbuf.o)
                                                  c:/program files (x86)/atmel/atmel toolchain/arm gcc/native/4.8.1443/arm-gnu-toolchain/bin/../lib/gcc/arm-none-eabi/4.8.4/../../../../arm-none-eabi/lib/armv6-m\libc_s.a(lib_a-vfprintf.o)
                                                  c:/program files (x86)/atmel/atmel toolchain/arm gcc/native/4.8.1443/arm-gnu-toolchain/bin/../lib/gcc/arm-none-eabi/4.8.4/../../../../arm-none-eabi/lib/armv6-m\libc_s.a(lib_a-impure.o)
__sflush_r                                        c:/program files (x86)/atmel/atmel toolchain/arm gcc/native/4.8.1443/arm-gnu-toolchain/bin/../lib/gcc/arm-none-eabi/4.8.4/../../../../arm-none-eabi/lib/armv6-m\libc_s.a(lib_a-fflush.o)
__sfmoreglue                                      c:/program files (x86)/atmel/atmel toolchain/arm gcc/native/4.8.1443/arm-gnu-toolchain/bin/../lib/gcc/arm-none-eabi/4.8.4/../../../../arm-none-eabi/lib/armv6-m\libc_s.a(lib_a-findfp.o)
__sfp                                             c:/program files (x86)/atmel/atmel toolchain/arm gcc/native/4.8.1443/arm-gnu-toolchain/bin/../lib/gcc/arm-none-eabi/4.8.4/../../../../arm-none-eabi/lib/armv6-m\libc_s.a(lib_a-findfp.o)
__sfp_lock_acquire                                c:/program files (x86)/atmel/atmel toolchain/arm gcc/native/4.8.1443/arm-gnu-toolchain/bin/../lib/gcc/arm-none-eabi/4.8.4/../../../../arm-none-eabi/lib/armv6-m\libc_s.a(lib_a-findfp.o)
__sfp_lock_release                                c:/program files (x86)/atmel/atmel toolchain/arm gcc/native/4.8.1443/arm-gnu-toolchain/bin/../lib/gcc/arm-none-eabi/4.8.4/../../../../arm-none-eabi/lib/armv6-m\libc_s.a(lib_a-findfp.o)
__sfputs_r                                        c:/program files (x86)/atmel/atmel toolchain/arm gcc/native/4.8.1443/arm-gnu-toolchain/bin/../lib/gcc/arm-none-eabi/4.8.4/../../../../arm-none-eabi/lib/armv6-m\libc_s.a(lib_a-vfprintf.o)
__sfvwrite_r                                      c:/program files (x86)/atmel/atmel toolchain/arm gcc/native/4.8.1443/arm-gnu-toolchain/bin/../lib/gcc/arm-none-eabi/4.8.4/../../../../arm-none-eabi/lib/armv6-m\libc_s.a(lib_a-fvwrite.o)
                                                  c:/program files (x86)/atmel/atmel toolchain/arm gcc/native/4.8.1443/arm-gnu-toolchain/bin/../lib/gcc/arm-none-eabi/4.8.4/../../../../arm-none-eabi/lib/armv6-m\libc_s.a(lib_a-vfprintf.o)
__sinit                                           c:/program files (x86)/atmel/atmel toolchain/arm gcc/native/4.8.1443/arm-gnu-toolchain/bin/../lib/gcc/arm-none-eabi/4.8.4/../../../../arm-none-eabi/lib/armv6-m\libc_s.a(lib_a-findfp.o)
                                                  c:/program files (x86)/atmel/atmel toolchain/arm gcc/native/4.8.1443/arm-gnu-toolchain/bin/../lib/gcc/arm-none-eabi/4.8.4/../../../../arm-none-eabi/lib/armv6-m\libc_s.a(lib_a-fflush.o)
                                                  c:/program files (x86)/atmel/atmel toolchain/arm gcc/native/4.8.1443/arm-gnu-toolchain/bin/../lib/gcc/arm-none-eabi/4.8.4/../../../../arm-none-eabi/lib/armv6-m\libc_s.a(lib_a-wsetup.o)
                                                  c:/program files (x86)/atmel/atmel toolchain/arm gcc/native/4.8.1443/arm-gnu-toolchain/bin/../lib/gcc/arm-none-eabi/4.8.4/../../../../arm-none-eabi/lib/armv6-m\libc_s.a(lib_a-wbuf.o)
                                                  c:/program files (x86)/atmel/atmel toolchain/arm gcc/native/4.8.1443/arm-gnu-toolchain/bin/../lib/gcc/arm-none-eabi/4.8.4/../../../../arm-none-eabi/lib/armv6-m\libc_s.a(lib_a-vfprintf.o)
                                                  c:/program files (x86)/atmel/atmel toolchain/arm gcc/native/4.8.1443/arm-gnu-toolchain/bin/../lib/gcc/arm-none-eabi/4.8.4/../../../../arm-none-eabi/lib/armv6-m\libc_s.a(lib_a-printf.o)
__sinit_lock_acquire                              c:/program files (x86)/atmel/atmel toolchain/arm gcc/native/4.8.1443/arm-gnu-toolchain/bin/../lib/gcc/arm-none-eabi/4.8.4/../../../../arm-none-eabi/lib/armv6-m\libc_s.a(lib_a-findfp.o)
__sinit_lock_release                              c:/program files (x86)/atmel/atmel toolchain/arm gcc/native/4.8.1443/arm-gnu-toolchain/bin/../lib/gcc/arm-none-eabi/4.8.4/../../../../arm-none-eabi/lib/armv6-m\libc_s.a(lib_a-findfp.o)
__smakebuf_r                                      c:/program files (x86)/atmel/atmel toolchain/arm gcc/native/4.8.1443/arm-gnu-toolchain/bin/../lib/gcc/arm-none-eabi/4.8.4/../../../../arm-none-eabi/lib/armv6-m\libc_s.a(lib_a-makebuf.o)
                                                  c:/program files (x86)/atmel/atmel toolchain/arm gcc/native/4.8.1443/arm-gnu-toolchain/bin/../lib/gcc/arm-none-eabi/4.8.4/../../../../arm-none-eabi/lib/armv6-m\libc_s.a(lib_a-wsetup.o)
__sprint_r                                        c:/program files (x86)/atmel/atmel toolchain/arm gcc/native/4.8.1443/arm-gnu-toolchain/bin/../lib/gcc/arm-none-eabi/4.8.4/../../../../arm-none-eabi/lib/armv6-m\libc_s.a(lib_a-vfprintf.o)
__sread                                           c:/program files (x86)/atmel/atmel toolchain/arm gcc/native/4.8.1443/arm-gnu-toolchain/bin/../lib/gcc/arm-none-eabi/4.8.4/../../../../arm-none-eabi/lib/armv6-m\libc_s.a(lib_a-stdio.o)
                                                  c:/program files (x86)/atmel/atmel toolchain/arm gcc/native/4.8.1443/arm-gnu-toolchain/bin/../lib/gcc/arm-none-eabi/4.8.4/../../../../arm-none-eabi/lib/armv6-m\libc_s.a(lib_a-findfp.o)
__sseek                                           c:/program files (x86)/atmel/atmel toolchain/arm gcc/native/4.8.1443/arm-gnu-toolchain/bin/../lib/gcc/arm-none-eabi/4.8.4/../../../../arm-none-eabi/lib/armv6-m\libc_s.a(lib_a-stdio.o)
                                                  c:/program files (x86)/atmel/atmel toolchain/arm gcc/native/4.8.1443/arm-gnu-toolchain/bin/../lib/gcc/arm-none-eabi/4.8.4/../../../../arm-none-eabi/lib/armv6-m\libc_s.a(lib_a-findfp.o)
__stack                                           c:/program files (x86)/atmel/atmel toolchain/arm gcc/native/4.8.1443/arm-gnu-toolchain/bin/../lib/gcc/arm-none-eabi/4.8.4/../../../../arm-none-eabi/lib/armv6-m/crt0.o
__swbuf                                           c:/program files (x86)/atmel/atmel toolchain/arm gcc/native/4.8.1443/arm-gnu-toolchain/bin/../lib/gcc/arm-none-eabi/4.8.4/../../../../arm-none-eabi/lib/armv6-m\libc_s.a(lib_a-wbuf.o)
__swbuf_r                                         c:/program files (x86)/atmel/atmel toolchain/arm gcc/native/4.8.1443/arm-gnu-toolchain/bin/../lib/gcc/arm-none-eabi/4.8.4/../../../../arm-none-eabi/lib/armv6-m\libc_s.a(lib_a-wbuf.o)
                                                  c:/program files (x86)/atmel/atmel toolchain/arm gcc/native/4.8.1443/arm-gnu-toolchain/bin/../lib/gcc/arm-none-eabi/4.8.4/../../../../arm-none-eabi/lib/armv6-m\libc_s.a(lib_a-vfprintf.o)
__swrite                                          c:/program files (x86)/atmel/atmel toolchain/arm gcc/native/4.8.1443/arm-gnu-toolchain/bin/../lib/gcc/arm-none-eabi/4.8.4/../../../../arm-none-eabi/lib/armv6-m\libc_s.a(lib_a-stdio.o)
                                                  c:/program files (x86)/atmel/atmel toolchain/arm gcc/native/4.8.1443/arm-gnu-toolchain/bin/../lib/gcc/arm-none-eabi/4.8.4/../../../../arm-none-eabi/lib/armv6-m\libc_s.a(lib_a-findfp.o)
__swsetup_r                                       c:/program files (x86)/atmel/atmel toolchain/arm gcc/native/4.8.1443/arm-gnu-toolchain/bin/../lib/gcc/arm-none-eabi/4.8.4/../../../../arm-none-eabi/lib/armv6-m\libc_s.a(lib_a-wsetup.o)
                                                  c:/program files (x86)/atmel/atmel toolchain/arm gcc/native/4.8.1443/arm-gnu-toolchain/bin/../lib/gcc/arm-none-eabi/4.8.4/../../../../arm-none-eabi/lib/armv6-m\libc_s.a(lib_a-fvwrite.o)
                                                  c:/program files (x86)/atmel/atmel toolchain/arm gcc/native/4.8.1443/arm-gnu-toolchain/bin/../lib/gcc/arm-none-eabi/4.8.4/../../../../arm-none-eabi/lib/armv6-m\libc_s.a(lib_a-wbuf.o)
                                                  c:/program files (x86)/atmel/atmel toolchain/arm gcc/native/4.8.1443/arm-gnu-toolchain/bin/../lib/gcc/arm-none-eabi/4.8.4/../../../../arm-none-eabi/lib/armv6-m\libc_s.a(lib_a-vfprintf.o)
__udivsi3                                         c:/program files (x86)/atmel/atmel toolchain/arm gcc/native/4.8.1443/arm-gnu-toolchain/bin/../lib/gcc/arm-none-eabi/4.8.4/armv6-m\libgcc.a(_udivsi3.o)
_cleanup                                          c:/program files (x86)/atmel/atmel toolchain/arm gcc/native/4.8.1443/arm-gnu-toolchain/bin/../lib/gcc/arm-none-eabi/4.8.4/../../../../arm-none-eabi/lib/armv6-m\libc_s.a(lib_a-findfp.o)
_cleanup_r                                        c:/program files (x86)/atmel/atmel toolchain/arm gcc/native/4.8.1443/arm-gnu-toolchain/bin/../lib/gcc/arm-none-eabi/4.8.4/../../../../arm-none-eabi/lib/armv6-m\libc_s.a(lib_a-findfp.o)
                                                  c:/program files (x86)/atmel/atmel toolchain/arm gcc/native/4.8.1443/arm-gnu-toolchain/bin/../lib/gcc/arm-none-eabi/4.8.4/../../../../arm-none-eabi/lib/armv6-m\libc_s.a(lib_a-makebuf.o)
_close                                            src/ASF/sam0/utils/syscalls/gcc/syscalls.o
                                                  c:/program files (x86)/atmel/atmel toolchain/arm gcc/native/4.8.1443/arm-gnu-toolchain/bin/../lib/gcc/arm-none-eabi/4.8.4/../../../../arm-none-eabi/lib/armv6-m\libc_s.a(lib_a-closer.o)
_close_r                                          c:/program files (x86)/atmel/atmel toolchain/arm gcc/native/4.8.1443/arm-gnu-toolchain/bin/../lib/gcc/arm-none-eabi/4.8.4/../../../../arm-none-eabi/lib/armv6-m\libc_s.a(lib_a-closer.o)
                                                  c:/program files (x86)/atmel/atmel toolchain/arm gcc/native/4.8.1443/arm-gnu-toolchain/bin/../lib/gcc/arm-none-eabi/4.8.4/../../../../arm-none-eabi/lib/armv6-m\libc_s.a(lib_a-stdio.o)
_end                                              src/ASF/sam0/utils/syscalls/gcc/syscalls.o
_erelocate                                        src/ASF/sam0/utils/cmsis/samd21/source/gcc/startup_samd21.o
_estack                                           src/ASF/sam0/utils/cmsis/samd21/source/gcc/startup_samd21.o
_etext                                            src/ASF/sam0/utils/cmsis/samd21/source/gcc/startup_samd21.o
_exit                                             src/ASF/sam0/utils/syscalls/gcc/syscalls.o
                                                  c:/program files (x86)/atmel/atmel toolchain/arm gcc/native/4.8.1443/arm-gnu-toolchain/bin/../lib/gcc/arm-none-eabi/4.8.4/../../../../arm-none-eabi/lib/armv6-m\libc_s.a(lib_a-exit.o)
_ezero                                            src/ASF/sam0/utils/cmsis/samd21/source/gcc/startup_samd21.o
_fflush_r                                         c:/program files (x86)/atmel/atmel toolchain/arm gcc/native/4.8.1443/arm-gnu-toolchain/bin/../lib/gcc/arm-none-eabi/4.8.4/../../../../arm-none-eabi/lib/armv6-m\libc_s.a(lib_a-fflush.o)
                                                  c:/program files (x86)/atmel/atmel toolchain/arm gcc/native/4.8.1443/arm-gnu-toolchain/bin/../lib/gcc/arm-none-eabi/4.8.4/../../../../arm-none-eabi/lib/armv6-m\libc_s.a(lib_a-fvwrite.o)
                                                  c:/program files (x86)/atmel/atmel toolchain/arm gcc/native/4.8.1443/arm-gnu-toolchain/bin/../lib/gcc/arm-none-eabi/4.8.4/../../../../arm-none-eabi/lib/armv6-m\libc_s.a(lib_a-findfp.o)
                                                  c:/program files (x86)/atmel/atmel toolchain/arm gcc/native/4.8.1443/arm-gnu-toolchain/bin/../lib/gcc/arm-none-eabi/4.8.4/../../../../arm-none-eabi/lib/armv6-m\libc_s.a(lib_a-wbuf.o)
_fini                                             c:/program files (x86)/atmel/atmel toolchain/arm gcc/native/4.8.1443/arm-gnu-toolchain/bin/../lib/gcc/arm-none-eabi/4.8.4/armv6-m/crti.o
_free_r                                           c:/program files (x86)/atmel/atmel toolchain/arm gcc/native/4.8.1443/arm-gnu-toolchain/bin/../lib/gcc/arm-none-eabi/4.8.4/../../../../arm-none-eabi/lib/armv6-m\libc_s.a(lib_a-nano-freer.o)
                                                  c:/program files (x86)/atmel/atmel toolchain/arm gcc/native/4.8.1443/arm-gnu-toolchain/bin/../lib/gcc/arm-none-eabi/4.8.4/../../../../arm-none-eabi/lib/armv6-m\libc_s.a(lib_a-reent.o)
                                                  c:/program files (x86)/atmel/atmel toolchain/arm gcc/native/4.8.1443/arm-gnu-toolchain/bin/../lib/gcc/arm-none-eabi/4.8.4/../../../../arm-none-eabi/lib/armv6-m\libc_s.a(lib_a-nano-reallocr.o)
                                                  c:/program files (x86)/atmel/atmel toolchain/arm gcc/native/4.8.1443/arm-gnu-toolchain/bin/../lib/gcc/arm-none-eabi/4.8.4/../../../../arm-none-eabi/lib/armv6-m\libc_s.a(lib_a-fvwrite.o)
                                                  c:/program files (x86)/atmel/atmel toolchain/arm gcc/native/4.8.1443/arm-gnu-toolchain/bin/../lib/gcc/arm-none-eabi/4.8.4/../../../../arm-none-eabi/lib/armv6-m\libc_s.a(lib_a-fflush.o)
                                                  c:/program files (x86)/atmel/atmel toolchain/arm gcc/native/4.8.1443/arm-gnu-toolchain/bin/../lib/gcc/arm-none-eabi/4.8.4/../../../../arm-none-eabi/lib/armv6-m\libc_s.a(lib_a-wsetup.o)
_fstat                                            src/ASF/sam0/utils/syscalls/gcc/syscalls.o
                                                  c:/program files (x86)/atmel/atmel toolchain/arm gcc/native/4.8.1443/arm-gnu-toolchain/bin/../lib/gcc/arm-none-eabi/4.8.4/../../../../arm-none-eabi/lib/armv6-m\libc_s.a(lib_a-fstatr.o)
_fstat_r                                          c:/program files (x86)/atmel/atmel toolchain/arm gcc/native/4.8.1443/arm-gnu-toolchain/bin/../lib/gcc/arm-none-eabi/4.8.4/../../../../arm-none-eabi/lib/armv6-m\libc_s.a(lib_a-fstatr.o)
                                                  c:/program files (x86)/atmel/atmel toolchain/arm gcc/native/4.8.1443/arm-gnu-toolchain/bin/../lib/gcc/arm-none-eabi/4.8.4/../../../../arm-none-eabi/lib/armv6-m\libc_s.a(lib_a-makebuf.o)
_fwalk                                            c:/program files (x86)/atmel/atmel toolchain/arm gcc/native/4.8.1443/arm-gnu-toolchain/bin/../lib/gcc/arm-none-eabi/4.8.4/../../../../arm-none-eabi/lib/armv6-m\libc_s.a(lib_a-fwalk.o)
                                                  c:/program files (x86)/atmel/atmel toolchain/arm gcc/native/4.8.1443/arm-gnu-toolchain/bin/../lib/gcc/arm-none-eabi/4.8.4/../../../../arm-none-eabi/lib/armv6-m\libc_s.a(lib_a-findfp.o)
_fwalk_reent                                      c:/program files (x86)/atmel/atmel toolchain/arm gcc/native/4.8.1443/arm-gnu-toolchain/bin/../lib/gcc/arm-none-eabi/4.8.4/../../../../arm-none-eabi/lib/armv6-m\libc_s.a(lib_a-fwalk.o)
                                                  c:/program files (x86)/atmel/atmel toolchain/arm gcc/native/4.8.1443/arm-gnu-toolchain/bin/../lib/gcc/arm-none-eabi/4.8.4/../../../../arm-none-eabi/lib/armv6-m\libc_s.a(lib_a-fflush.o)
_getpid                                           src/ASF/sam0/utils/syscalls/gcc/syscalls.o
_global_impure_ptr                                c:/program files (x86)/atmel/atmel toolchain/arm gcc/native/4.8.1443/arm-gnu-toolchain/bin/../lib/gcc/arm-none-eabi/4.8.4/../../../../arm-none-eabi/lib/armv6-m\libc_s.a(lib_a-impure.o)
                                                  c:/program files (x86)/atmel/atmel toolchain/arm gcc/native/4.8.1443/arm-gnu-toolchain/bin/../lib/gcc/arm-none-eabi/4.8.4/../../../../arm-none-eabi/lib/armv6-m\libc_s.a(lib_a-findfp.o)
                                                  c:/program files (x86)/atmel/atmel toolchain/arm gcc/native/4.8.1443/arm-gnu-toolchain/bin/../lib/gcc/arm-none-eabi/4.8.4/../../../../arm-none-eabi/lib/armv6-m\libc_s.a(lib_a-fflush.o)
                                                  c:/program files (x86)/atmel/atmel toolchain/arm gcc/native/4.8.1443/arm-gnu-toolchain/bin/../lib/gcc/arm-none-eabi/4.8.4/../../../../arm-none-eabi/lib/armv6-m\libc_s.a(lib_a-exit.o)
_impure_ptr                                       c:/program files (x86)/atmel/atmel toolchain/arm gcc/native/4.8.1443/arm-gnu-toolchain/bin/../lib/gcc/arm-none-eabi/4.8.4/../../../../arm-none-eabi/lib/armv6-m\libc_s.a(lib_a-impure.o)
                                                  c:/program files (x86)/atmel/atmel toolchain/arm gcc/native/4.8.1443/arm-gnu-toolchain/bin/../lib/gcc/arm-none-eabi/4.8.4/../../../../arm-none-eabi/lib/armv6-m\libc_s.a(lib_a-reent.o)
                                                  c:/program files (x86)/atmel/atmel toolchain/arm gcc/native/4.8.1443/arm-gnu-toolchain/bin/../lib/gcc/arm-none-eabi/4.8.4/../../../../arm-none-eabi/lib/armv6-m\libc_s.a(lib_a-findfp.o)
                                                  c:/program files (x86)/atmel/atmel toolchain/arm gcc/native/4.8.1443/arm-gnu-toolchain/bin/../lib/gcc/arm-none-eabi/4.8.4/../../../../arm-none-eabi/lib/armv6-m\libc_s.a(lib_a-fflush.o)
                                                  c:/program files (x86)/atmel/atmel toolchain/arm gcc/native/4.8.1443/arm-gnu-toolchain/bin/../lib/gcc/arm-none-eabi/4.8.4/../../../../arm-none-eabi/lib/armv6-m\libc_s.a(lib_a-wsetup.o)
                                                  c:/program files (x86)/atmel/atmel toolchain/arm gcc/native/4.8.1443/arm-gnu-toolchain/bin/../lib/gcc/arm-none-eabi/4.8.4/../../../../arm-none-eabi/lib/armv6-m\libc_s.a(lib_a-wbuf.o)
                                                  c:/program files (x86)/atmel/atmel toolchain/arm gcc/native/4.8.1443/arm-gnu-toolchain/bin/../lib/gcc/arm-none-eabi/4.8.4/../../../../arm-none-eabi/lib/armv6-m\libc_s.a(lib_a-vfprintf.o)
                                                  c:/program files (x86)/atmel/atmel toolchain/arm gcc/native/4.8.1443/arm-gnu-toolchain/bin/../lib/gcc/arm-none-eabi/4.8.4/../../../../arm-none-eabi/lib/armv6-m\libc_s.a(lib_a-printf.o)
_init                                             c:/program files (x86)/atmel/atmel toolchain/arm gcc/native/4.8.1443/arm-gnu-toolchain/bin/../lib/gcc/arm-none-eabi/4.8.4/armv6-m/crti.o
                                                  c:/program files (x86)/atmel/atmel toolchain/arm gcc/native/4.8.1443/arm-gnu-toolchain/bin/../lib/gcc/arm-none-eabi/4.8.4/../../../../arm-none-eabi/lib/armv6-m\libc_s.a(lib_a-init.o)
_iprintf_r                                        c:/program files (x86)/atmel/atmel toolchain/arm gcc/native/4.8.1443/arm-gnu-toolchain/bin/../lib/gcc/arm-none-eabi/4.8.4/../../../../arm-none-eabi/lib/armv6-m\libc_s.a(lib_a-printf.o)
_isatty                                           src/ASF/sam0/utils/syscalls/gcc/syscalls.o
                                                  c:/program files (x86)/atmel/atmel toolchain/arm gcc/native/4.8.1443/arm-gnu-toolchain/bin/../lib/gcc/arm-none-eabi/4.8.4/../../../../arm-none-eabi/lib/armv6-m\libc_s.a(lib_a-isattyr.o)
_isatty_r                                         c:/program files (x86)/atmel/atmel toolchain/arm gcc/native/4.8.1443/arm-gnu-toolchain/bin/../lib/gcc/arm-none-eabi/4.8.4/../../../../arm-none-eabi/lib/armv6-m\libc_s.a(lib_a-isattyr.o)
                                                  c:/program files (x86)/atmel/atmel toolchain/arm gcc/native/4.8.1443/arm-gnu-toolchain/bin/../lib/gcc/arm-none-eabi/4.8.4/../../../../arm-none-eabi/lib/armv6-m\libc_s.a(lib_a-makebuf.o)
_kill                                             src/ASF/sam0/utils/syscalls/gcc/syscalls.o
_lseek                                            src/ASF/sam0/utils/syscalls/gcc/syscalls.o
                                                  c:/program files (x86)/atmel/atmel toolchain/arm gcc/native/4.8.1443/arm-gnu-toolchain/bin/../lib/gcc/arm-none-eabi/4.8.4/../../../../arm-none-eabi/lib/armv6-m\libc_s.a(lib_a-lseekr.o)
_lseek_r                                          c:/program files (x86)/atmel/atmel toolchain/arm gcc/native/4.8.1443/arm-gnu-toolchain/bin/../lib/gcc/arm-none-eabi/4.8.4/../../../../arm-none-eabi/lib/armv6-m\libc_s.a(lib_a-lseekr.o)
                                                  c:/program files (x86)/atmel/atmel toolchain/arm gcc/native/4.8.1443/arm-gnu-toolchain/bin/../lib/gcc/arm-none-eabi/4.8.4/../../../../arm-none-eabi/lib/armv6-m\libc_s.a(lib_a-stdio.o)
_mainCRTStartup                                   c:/program files (x86)/atmel/atmel toolchain/arm gcc/native/4.8.1443/arm-gnu-toolchain/bin/../lib/gcc/arm-none-eabi/4.8.4/../../../../arm-none-eabi/lib/armv6-m/crt0.o
_malloc_r                                         c:/program files (x86)/atmel/atmel toolchain/arm gcc/native/4.8.1443/arm-gnu-toolchain/bin/../lib/gcc/arm-none-eabi/4.8.4/../../../../arm-none-eabi/lib/armv6-m\libc_s.a(lib_a-nano-mallocr.o)
                                                  c:/program files (x86)/atmel/atmel toolchain/arm gcc/native/4.8.1443/arm-gnu-toolchain/bin/../lib/gcc/arm-none-eabi/4.8.4/../../../../arm-none-eabi/lib/armv6-m\libc_s.a(lib_a-nano-reallocr.o)
                                                  c:/program files (x86)/atmel/atmel toolchain/arm gcc/native/4.8.1443/arm-gnu-toolchain/bin/../lib/gcc/arm-none-eabi/4.8.4/../../../../arm-none-eabi/lib/armv6-m\libc_s.a(lib_a-makebuf.o)
                                                  c:/program files (x86)/atmel/atmel toolchain/arm gcc/native/4.8.1443/arm-gnu-toolchain/bin/../lib/gcc/arm-none-eabi/4.8.4/../../../../arm-none-eabi/lib/armv6-m\libc_s.a(lib_a-fvwrite.o)
                                                  c:/program files (x86)/atmel/atmel toolchain/arm gcc/native/4.8.1443/arm-gnu-toolchain/bin/../lib/gcc/arm-none-eabi/4.8.4/../../../../arm-none-eabi/lib/armv6-m\libc_s.a(lib_a-findfp.o)
_malloc_usable_size_r                             c:/program files (x86)/atmel/atmel toolchain/arm gcc/native/4.8.1443/arm-gnu-toolchain/bin/../lib/gcc/arm-none-eabi/4.8.4/../../../../arm-none-eabi/lib/armv6-m\libc_s.a(lib_a-nano-msizer.o)
                                                  c:/program files (x86)/atmel/atmel toolchain/arm gcc/native/4.8.1443/arm-gnu-toolchain/bin/../lib/gcc/arm-none-eabi/4.8.4/../../../../arm-none-eabi/lib/armv6-m\libc_s.a(lib_a-nano-reallocr.o)
_printf_common                                    c:/program files (x86)/atmel/atmel toolchain/arm gcc/native/4.8.1443/arm-gnu-toolchain/bin/../lib/gcc/arm-none-eabi/4.8.4/../../../../arm-none-eabi/lib/armv6-m\libc_s.a(lib_a-vfprintf_i.o)
_printf_float                                     c:/program files (x86)/atmel/atmel toolchain/arm gcc/native/4.8.1443/arm-gnu-toolchain/bin/../lib/gcc/arm-none-eabi/4.8.4/../../../../arm-none-eabi/lib/armv6-m\libc_s.a(lib_a-vfprintf.o)
_printf_i                                         c:/program files (x86)/atmel/atmel toolchain/arm gcc/native/4.8.1443/arm-gnu-toolchain/bin/../lib/gcc/arm-none-eabi/4.8.4/../../../../arm-none-eabi/lib/armv6-m\libc_s.a(lib_a-vfprintf_i.o)
                                                  c:/program files (x86)/atmel/atmel toolchain/arm gcc/native/4.8.1443/arm-gnu-toolchain/bin/../lib/gcc/arm-none-eabi/4.8.4/../../../../arm-none-eabi/lib/armv6-m\libc_s.a(lib_a-vfprintf.o)
_printf_r                                         c:/program files (x86)/atmel/atmel toolchain/arm gcc/native/4.8.1443/arm-gnu-toolchain/bin/../lib/gcc/arm-none-eabi/4.8.4/../../../../arm-none-eabi/lib/armv6-m\libc_s.a(lib_a-printf.o)
_read                                             c:/program files (x86)/atmel/atmel toolchain/arm gcc/native/4.8.1443/arm-gnu-toolchain/bin/../lib/gcc/arm-none-eabi/4.8.4/../../../../arm-none-eabi/lib/armv6-m\libc_s.a(lib_a-readr.o)
_read_r                                           c:/program files (x86)/atmel/atmel toolchain/arm gcc/native/4.8.1443/arm-gnu-toolchain/bin/../lib/gcc/arm-none-eabi/4.8.4/../../../../arm-none-eabi/lib/armv6-m\libc_s.a(lib_a-readr.o)
                                                  c:/program files (x86)/atmel/atmel toolchain/arm gcc/native/4.8.1443/arm-gnu-toolchain/bin/../lib/gcc/arm-none-eabi/4.8.4/../../../../arm-none-eabi/lib/armv6-m\libc_s.a(lib_a-stdio.o)
_realloc_r                                        c:/program files (x86)/atmel/atmel toolchain/arm gcc/native/4.8.1443/arm-gnu-toolchain/bin/../lib/gcc/arm-none-eabi/4.8.4/../../../../arm-none-eabi/lib/armv6-m\libc_s.a(lib_a-nano-reallocr.o)
                                                  c:/program files (x86)/atmel/atmel toolchain/arm gcc/native/4.8.1443/arm-gnu-toolchain/bin/../lib/gcc/arm-none-eabi/4.8.4/../../../../arm-none-eabi/lib/armv6-m\libc_s.a(lib_a-fvwrite.o)
_reclaim_reent                                    c:/program files (x86)/atmel/atmel toolchain/arm gcc/native/4.8.1443/arm-gnu-toolchain/bin/../lib/gcc/arm-none-eabi/4.8.4/../../../../arm-none-eabi/lib/armv6-m\libc_s.a(lib_a-reent.o)
_sbrk                                             src/ASF/sam0/utils/syscalls/gcc/syscalls.o
                                                  c:/program files (x86)/atmel/atmel toolchain/arm gcc/native/4.8.1443/arm-gnu-toolchain/bin/../lib/gcc/arm-none-eabi/4.8.4/../../../../arm-none-eabi/lib/armv6-m\libc_s.a(lib_a-sbrkr.o)
_sbrk_r                                           c:/program files (x86)/atmel/atmel toolchain/arm gcc/native/4.8.1443/arm-gnu-toolchain/bin/../lib/gcc/arm-none-eabi/4.8.4/../../../../arm-none-eabi/lib/armv6-m\libc_s.a(lib_a-sbrkr.o)
                                                  c:/program files (x86)/atmel/atmel toolchain/arm gcc/native/4.8.1443/arm-gnu-toolchain/bin/../lib/gcc/arm-none-eabi/4.8.4/../../../../arm-none-eabi/lib/armv6-m\libc_s.a(lib_a-nano-mallocr.o)
_sercom_get_async_baud_val                        src/ASF/sam0/drivers/sercom/sercom.o
                                                  src/ASF/sam0/drivers/sercom/usart/usart.o
_sercom_get_default_pad                           src/ASF/sam0/drivers/sercom/sercom.o
                                                  src/ASF/sam0/drivers/sercom/usart/usart.o
_sercom_get_sercom_inst_index                     src/ASF/sam0/drivers/sercom/sercom.o
                                                  src/ASF/sam0/drivers/sercom/usart/usart.o
_sercom_get_sync_baud_val                         src/ASF/sam0/drivers/sercom/sercom.o
                                                  src/ASF/sam0/drivers/sercom/usart/usart.o
_sfixed                                           src/ASF/sam0/utils/cmsis/samd21/source/gcc/startup_samd21.o
_srelocate                                        src/ASF/sam0/utils/cmsis/samd21/source/gcc/startup_samd21.o
_start                                            c:/program files (x86)/atmel/atmel toolchain/arm gcc/native/4.8.1443/arm-gnu-toolchain/bin/../lib/gcc/arm-none-eabi/4.8.4/../../../../arm-none-eabi/lib/armv6-m/crt0.o
_system_dummy_init                                src/ASF/sam0/drivers/system/system.o
_system_events_init                               src/ASF/sam0/drivers/system/system.o
_system_extint_init                               src/ASF/sam0/drivers/system/system.o
_szero                                            src/ASF/sam0/utils/cmsis/samd21/source/gcc/startup_samd21.o
_vfiprintf_r                                      c:/program files (x86)/atmel/atmel toolchain/arm gcc/native/4.8.1443/arm-gnu-toolchain/bin/../lib/gcc/arm-none-eabi/4.8.4/../../../../arm-none-eabi/lib/armv6-m\libc_s.a(lib_a-vfprintf.o)
_vfprintf_r                                       c:/program files (x86)/atmel/atmel toolchain/arm gcc/native/4.8.1443/arm-gnu-toolchain/bin/../lib/gcc/arm-none-eabi/4.8.4/../../../../arm-none-eabi/lib/armv6-m\libc_s.a(lib_a-vfprintf.o)
                                                  c:/program files (x86)/atmel/atmel toolchain/arm gcc/native/4.8.1443/arm-gnu-toolchain/bin/../lib/gcc/arm-none-eabi/4.8.4/../../../../arm-none-eabi/lib/armv6-m\libc_s.a(lib_a-printf.o)
_write                                            c:/program files (x86)/atmel/atmel toolchain/arm gcc/native/4.8.1443/arm-gnu-toolchain/bin/../lib/gcc/arm-none-eabi/4.8.4/../../../../arm-none-eabi/lib/armv6-m\libc_s.a(lib_a-writer.o)
_write_r                                          c:/program files (x86)/atmel/atmel toolchain/arm gcc/native/4.8.1443/arm-gnu-toolchain/bin/../lib/gcc/arm-none-eabi/4.8.4/../../../../arm-none-eabi/lib/armv6-m\libc_s.a(lib_a-writer.o)
                                                  c:/program files (x86)/atmel/atmel toolchain/arm gcc/native/4.8.1443/arm-gnu-toolchain/bin/../lib/gcc/arm-none-eabi/4.8.4/../../../../arm-none-eabi/lib/armv6-m\libc_s.a(lib_a-stdio.o)
atexit                                            c:/program files (x86)/atmel/atmel toolchain/arm gcc/native/4.8.1443/arm-gnu-toolchain/bin/../lib/gcc/arm-none-eabi/4.8.4/../../../../arm-none-eabi/lib/armv6-m/crt0.o
board_init                                        src/ASF/sam0/boards/samd21_xplained_pro/board_init.o
cleanup_glue                                      c:/program files (x86)/atmel/atmel toolchain/arm gcc/native/4.8.1443/arm-gnu-toolchain/bin/../lib/gcc/arm-none-eabi/4.8.4/../../../../arm-none-eabi/lib/armv6-m\libc_s.a(lib_a-reent.o)
configure_usart                                   src/qs_usart_basic_use.o
cpu_irq_enter_critical                            src/ASF/common/utils/interrupt/interrupt_sam_nvic.o
                                                  src/ASF/sam0/drivers/system/clock/clock_samd21_r21/gclk.o
cpu_irq_leave_critical                            src/ASF/common/utils/interrupt/interrupt_sam_nvic.o
                                                  src/ASF/sam0/drivers/system/clock/clock_samd21_r21/gclk.o
errno                                             c:/program files (x86)/atmel/atmel toolchain/arm gcc/native/4.8.1443/arm-gnu-toolchain/bin/../lib/gcc/arm-none-eabi/4.8.4/../../../../arm-none-eabi/lib/armv6-m\libc_s.a(lib_a-reent.o)
                                                  c:/program files (x86)/atmel/atmel toolchain/arm gcc/native/4.8.1443/arm-gnu-toolchain/bin/../lib/gcc/arm-none-eabi/4.8.4/../../../../arm-none-eabi/lib/armv6-m\libc_s.a(lib_a-readr.o)
                                                  c:/program files (x86)/atmel/atmel toolchain/arm gcc/native/4.8.1443/arm-gnu-toolchain/bin/../lib/gcc/arm-none-eabi/4.8.4/../../../../arm-none-eabi/lib/armv6-m\libc_s.a(lib_a-lseekr.o)
                                                  c:/program files (x86)/atmel/atmel toolchain/arm gcc/native/4.8.1443/arm-gnu-toolchain/bin/../lib/gcc/arm-none-eabi/4.8.4/../../../../arm-none-eabi/lib/armv6-m\libc_s.a(lib_a-isattyr.o)
                                                  c:/program files (x86)/atmel/atmel toolchain/arm gcc/native/4.8.1443/arm-gnu-toolchain/bin/../lib/gcc/arm-none-eabi/4.8.4/../../../../arm-none-eabi/lib/armv6-m\libc_s.a(lib_a-fstatr.o)
                                                  c:/program files (x86)/atmel/atmel toolchain/arm gcc/native/4.8.1443/arm-gnu-toolchain/bin/../lib/gcc/arm-none-eabi/4.8.4/../../../../arm-none-eabi/lib/armv6-m\libc_s.a(lib_a-closer.o)
                                                  c:/program files (x86)/atmel/atmel toolchain/arm gcc/native/4.8.1443/arm-gnu-toolchain/bin/../lib/gcc/arm-none-eabi/4.8.4/../../../../arm-none-eabi/lib/armv6-m\libc_s.a(lib_a-writer.o)
                                                  c:/program files (x86)/atmel/atmel toolchain/arm gcc/native/4.8.1443/arm-gnu-toolchain/bin/../lib/gcc/arm-none-eabi/4.8.4/../../../../arm-none-eabi/lib/armv6-m\libc_s.a(lib_a-sbrkr.o)
exception_table                                   src/ASF/sam0/utils/cmsis/samd21/source/gcc/startup_samd21.o
exit                                              c:/program files (x86)/atmel/atmel toolchain/arm gcc/native/4.8.1443/arm-gnu-toolchain/bin/../lib/gcc/arm-none-eabi/4.8.4/../../../../arm-none-eabi/lib/armv6-m\libc_s.a(lib_a-exit.o)
                                                  c:/program files (x86)/atmel/atmel toolchain/arm gcc/native/4.8.1443/arm-gnu-toolchain/bin/../lib/gcc/arm-none-eabi/4.8.4/../../../../arm-none-eabi/lib/armv6-m/crt0.o
fflush                                            c:/program files (x86)/atmel/atmel toolchain/arm gcc/native/4.8.1443/arm-gnu-toolchain/bin/../lib/gcc/arm-none-eabi/4.8.4/../../../../arm-none-eabi/lib/armv6-m\libc_s.a(lib_a-fflush.o)
g_interrupt_enabled                               src/ASF/common/utils/interrupt/interrupt_sam_nvic.o
hardware_init_hook                                c:/program files (x86)/atmel/atmel toolchain/arm gcc/native/4.8.1443/arm-gnu-toolchain/bin/../lib/gcc/arm-none-eabi/4.8.4/../../../../arm-none-eabi/lib/armv6-m/crt0.o
iprintf                                           c:/program files (x86)/atmel/atmel toolchain/arm gcc/native/4.8.1443/arm-gnu-toolchain/bin/../lib/gcc/arm-none-eabi/4.8.4/../../../../arm-none-eabi/lib/armv6-m\libc_s.a(lib_a-printf.o)
link                                              src/ASF/sam0/utils/syscalls/gcc/syscalls.o
main                                              src/qs_usart_basic_use.o
                                                  src/ASF/sam0/utils/cmsis/samd21/source/gcc/startup_samd21.o
                                                  c:/program files (x86)/atmel/atmel toolchain/arm gcc/native/4.8.1443/arm-gnu-toolchain/bin/../lib/gcc/arm-none-eabi/4.8.4/../../../../arm-none-eabi/lib/armv6-m/crt0.o
memchr                                            c:/program files (x86)/atmel/atmel toolchain/arm gcc/native/4.8.1443/arm-gnu-toolchain/bin/../lib/gcc/arm-none-eabi/4.8.4/../../../../arm-none-eabi/lib/armv6-m\libc_s.a(lib_a-memchr-stub.o)
                                                  c:/program files (x86)/atmel/atmel toolchain/arm gcc/native/4.8.1443/arm-gnu-toolchain/bin/../lib/gcc/arm-none-eabi/4.8.4/../../../../arm-none-eabi/lib/armv6-m\libc_s.a(lib_a-fvwrite.o)
                                                  c:/program files (x86)/atmel/atmel toolchain/arm gcc/native/4.8.1443/arm-gnu-toolchain/bin/../lib/gcc/arm-none-eabi/4.8.4/../../../../arm-none-eabi/lib/armv6-m\libc_s.a(lib_a-vfprintf.o)
memcpy                                            c:/program files (x86)/atmel/atmel toolchain/arm gcc/native/4.8.1443/arm-gnu-toolchain/bin/../lib/gcc/arm-none-eabi/4.8.4/../../../../arm-none-eabi/lib/armv6-m\libc_s.a(lib_a-memcpy-stub.o)
                                                  c:/program files (x86)/atmel/atmel toolchain/arm gcc/native/4.8.1443/arm-gnu-toolchain/bin/../lib/gcc/arm-none-eabi/4.8.4/../../../../arm-none-eabi/lib/armv6-m\libc_s.a(lib_a-nano-reallocr.o)
                                                  c:/program files (x86)/atmel/atmel toolchain/arm gcc/native/4.8.1443/arm-gnu-toolchain/bin/../lib/gcc/arm-none-eabi/4.8.4/../../../../arm-none-eabi/lib/armv6-m\libc_s.a(lib_a-fvwrite.o)
memmove                                           c:/program files (x86)/atmel/atmel toolchain/arm gcc/native/4.8.1443/arm-gnu-toolchain/bin/../lib/gcc/arm-none-eabi/4.8.4/../../../../arm-none-eabi/lib/armv6-m\libc_s.a(lib_a-memmove.o)
                                                  c:/program files (x86)/atmel/atmel toolchain/arm gcc/native/4.8.1443/arm-gnu-toolchain/bin/../lib/gcc/arm-none-eabi/4.8.4/../../../../arm-none-eabi/lib/armv6-m\libc_s.a(lib_a-fvwrite.o)
memset                                            c:/program files (x86)/atmel/atmel toolchain/arm gcc/native/4.8.1443/arm-gnu-toolchain/bin/../lib/gcc/arm-none-eabi/4.8.4/../../../../arm-none-eabi/lib/armv6-m\libc_s.a(lib_a-memset.o)
                                                  c:/program files (x86)/atmel/atmel toolchain/arm gcc/native/4.8.1443/arm-gnu-toolchain/bin/../lib/gcc/arm-none-eabi/4.8.4/../../../../arm-none-eabi/lib/armv6-m\libc_s.a(lib_a-findfp.o)
                                                  c:/program files (x86)/atmel/atmel toolchain/arm gcc/native/4.8.1443/arm-gnu-toolchain/bin/../lib/gcc/arm-none-eabi/4.8.4/../../../../arm-none-eabi/lib/armv6-m/crt0.o
port_group_set_config                             src/ASF/sam0/drivers/port/port.o
port_pin_set_config                               src/ASF/sam0/drivers/port/port.o
                                                  src/ASF/sam0/boards/samd21_xplained_pro/board_init.o